<html>
<body>
<pre>
<h1>µVision Build Log</h1>
<h2>Tool Versions:</h2>
IDE-Version: µVision V5.13.0.0
Copyright (C) 2014 ARM Ltd and ARM Germany GmbH. All rights reserved.
License Information: Rahul Tadakamadla, NCSU, LIC=----
 
Tool Versions:
Toolchain:       MDK-Lite  Version: 5.13.0.0
Toolchain Path:  C:\Keil_v5\ARM\ARMCC\Bin
C Compiler:      Armcc.exe V5.05 update 1 (build 106)
Assembler:       Armasm.exe V5.05 update 1 (build 106)
Linker/Locator:  ArmLink.exe V5.05 update 1 (build 106)
Library Manager: ArmAr.exe V5.05 update 1 (build 106)
Hex Converter:   FromElf.exe V5.05 update 1 (build 106)
CPU DLL:         SARMCM3.DLL V5.13.0.0
Dialog DLL:      DARMCM1.DLL V1.12.0.0
Target DLL:      CMSIS_AGDI.dll V1.20.8.0
Dialog DLL:      TARMCM1.DLL V1.9.0.0
 
<h2>Project:</h2>
C:\Users\Rahul\Documents\ECE 561\Projects\561_Project_1\TSS_Demo\examples\FRDMKLXX_DEMO\build\uv4\FRDMKL25Z_DEMO\FRDMKL25Z_DEMO.uvprojx
Project File Date:  01/20/2015

<h2>Output:</h2>
Rebuild target 'FRDMKL25Z_DEMO'
compiling app_init.c...
compiling events.c...
..\..\..\src\events.c(58): warning:  #177-D: variable "k" was declared but never referenced
        int k = cASlider1.Position;
..\..\..\src\events.c: 1 warning, 0 errors
compiling freemaster_appcmd.c...
compiling freemaster_bdm.c...
compiling freemaster_can.c...
compiling freemaster_protocol.c...
compiling freemaster_rec.c...
compiling freemaster_scope.c...
compiling freemaster_serial.c...
compiling freemaster_tsa.c...
compiling freemaster_Kxx.c...
compiling arm_cm0.c...
compiling sysinit_kl25.c...
compiling mcg_kl25.c...
compiling wdog_kl25.c...
compiling uart_kl25.c...
compiling TSS_Freemaster.c...
compiling TSS_Sensor.c...
compiling TSS_SensorGPIO.c...
compiling TSS_SensorTSI.c...
compiling TSS_SensorTSIL.c...
compiling TSS_SystemSetupData.c...
compiling main.c...
compiling project1.c...
assembling startup_MKL25Z4.s...
compiling system_MKL25Z4.c...
compiling board.c...
compiling delay.c...
compiling i2c.c...
compiling LEDs.c...
compiling mma8451.c...
linking...
Program Size: Code=23240 RO-data=676 RW-data=180 ZI-data=1236  
".\FRDMKL25Z48M_DEMO\TWRKL25Z48M_DEMO.axf" - 0 Error(s), 1 Warning(s).

<h2>Collection of Component include folders:</h2>
  C:\Users\Rahul\Documents\ECE 561\Projects\561_Project_1\TSS_Demo\examples\FRDMKLXX_DEMO\build\uv4\FRDMKL25Z_DEMO\RTE
  C:\Keil_v5\ARM\PACK\Keil\Kinetis_KLxx_DFP\1.4.0\Device\Include

<h2>Collection of Component Files used:</h2>
</pre>
</body>
</html>
