Component: ARM Compiler 5.05 update 1 (build 106) Tool: armlink [4d0efa]

==============================================================================

Section Cross References

    app_init.o(.text) refers to wdog_kl25.o(.text) for wdog_disable
    app_init.o(.text) refers to board.o(.text) for LPTMRStop
    app_init.o(.text) refers to tss_main.o(i.TSS_Init) for TSS_Init
    app_init.o(.text) refers to tss_main.o(i.TSS_SetSystemConfig) for TSS_SetSystemConfig
    app_init.o(.text) refers to tss_asliderdecoder.o(i.TSS_SetASliderConfig) for TSS_SetASliderConfig
    app_init.o(.text) refers to tss_systemsetupdata.o(.data) for cASlider1
    events.o(.text) refers to timers.o(.text) for Stop_PIT
    events.o(.text) refers to uidiv.o(.text) for __aeabi_uidivmod
    events.o(.text) refers to project1.o(.text) for SetLEDs
    events.o(.text) refers to tss_main.o(i.TSS_SetSystemConfig) for TSS_SetSystemConfig
    events.o(.text) refers to board.o(.text) for InitDevices
    events.o(.text) refers to tss_systemsetupdata.o(.data) for cASlider1
    events.o(.text) refers to project1.o(.data) for SliderPos
    events.o(.text) refers to project1.o(.data) for step_delay
    events.o(.text) refers to project1.o(.data) for LED_on
    events.o(.text) refers to events.o(.data) for .data
    events.o(.text) refers to tss_systemsetupdata.o(.bss) for tss_CSSys
    events.o(.text) refers to tss_sensor.o(.data) for tss_u8SampleIntFlag
    events.o(.text) refers to main.o(.data) for u16LPcounter
    freemaster_protocol.o(.text) refers to freemaster_tsa.o(.text) for FMSTR_InitTsa
    freemaster_protocol.o(.text) refers to freemaster_scope.o(.text) for FMSTR_InitScope
    freemaster_protocol.o(.text) refers to freemaster_serial.o(.text) for FMSTR_InitSerial
    freemaster_protocol.o(.text) refers to freemaster_kxx.o(.text) for FMSTR_AddressFromBuffer
    freemaster_scope.o(.text) refers to freemaster_kxx.o(.text) for FMSTR_AddressFromBuffer
    freemaster_scope.o(.text) refers to freemaster_scope.o(.data) for .data
    freemaster_scope.o(.text) refers to freemaster_scope.o(.bss) for .bss
    freemaster_serial.o(.text) refers to freemaster_protocol.o(.text) for FMSTR_ProtocolDecoder
    freemaster_serial.o(.text) refers to freemaster_serial.o(.data) for .data
    freemaster_serial.o(.text) refers to freemaster_serial.o(.bss) for .bss
    freemaster_tsa.o(.text) refers to freemaster_kxx.o(.text) for FMSTR_ValueFromBuffer16
    freemaster_tsa.o(.text) refers to main.o(.text) for FMSTR_TsaGetTable
    freemaster_tsa.o(.text) refers to freemaster_protocol.o(.text) for FMSTR_StrLen
    freemaster_kxx.o(.text) refers to freemaster_serial.o(.text) for FMSTR_ProcessSCI
    freemaster_kxx.o(.text) refers to events.o(.text) for TSS_FmstrIsrCallbackCustom
    freemaster_kxx.o(.text) refers to freemaster_kxx.o(.data) for .data
    sysinit_kl25.o(.text) refers to mcg_kl25.o(.text) for pll_init
    sysinit_kl25.o(.text) refers to sysinit_kl25.o(.data) for .data
    mcg_kl25.o(.text) refers to idiv.o(.text) for __aeabi_idivmod
    mcg_kl25.o(.text) refers to uidiv.o(.text) for __aeabi_uidivmod
    mcg_kl25.o(.text) refers to fflti.o(.text) for __aeabi_i2f
    mcg_kl25.o(.text) refers to fdiv.o(.text) for __aeabi_fdiv
    mcg_kl25.o(.text) refers to fmul.o(.text) for __aeabi_fmul
    mcg_kl25.o(.text) refers to fscalb.o(.text) for __ARM_scalbnf
    mcg_kl25.o(.text) refers to ffixui.o(.text) for __aeabi_f2uiz
    uart_kl25.o(.text) refers to idiv.o(.text) for __aeabi_idivmod
    tss_sensor.o(.text) refers to tss_main.o(i.TSS_BrowseModules) for TSS_BrowseModules
    tss_sensor.o(.text) refers to tss_sensor.o(.constdata) for .constdata
    tss_sensor.o(.constdata) refers to tss_sensortsil.o(.text) for TSIL_SampleElectrode
    tss_sensor.o(.constdata) refers to tss_sensor.o(.text) for TSS_SampleElectrodeLowE0
    tss_sensor.o(.constdata) refers to tss_sensortsil.o(.constdata) for TSS_E0_ROMDATA_CONTEXT
    tss_sensor.o(.constdata) refers to tss_sensortsil.o(.constdata) for TSS_E1_ROMDATA_CONTEXT
    tss_sensor.o(.data) refers to tss_sensortsil.o(.data) for TSS_E0_RAMDATA_CONTEXT
    tss_sensor.o(.data) refers to tss_sensortsil.o(.data) for TSS_E1_RAMDATA_CONTEXT
    tss_sensortsil.o(.text) refers to tss_main.o(i.TSS_GetSystemConfig) for TSS_GetSystemConfig
    tss_sensortsil.o(.text) refers to tss_systemsetupdata.o(.bss) for tss_CSSys
    tss_sensortsil.o(.text) refers to tss_sensor.o(.constdata) for tss_acp8ElectrodeROMData
    tss_sensortsil.o(.text) refers to tss_systemsetupdata.o(.data) for tss_au8ElectrodeEnablers
    tss_sensortsil.o(.text) refers to tss_sensortsil.o(.constdata) for .constdata
    tss_sensortsil.o(.text) refers to tss_keydetector.o(.data) for tss_u16CapSample
    tss_sensortsil.o(.text) refers to tss_systemsetupdata.o(.constdata) for tss_cau8SignalDivider
    tss_sensortsil.o(.text) refers to tss_sensortsil.o(i.__ARM_common_switch8) for __ARM_common_switch8
[...]
    i.TSS_KeyDetectorCalculateDelta          0x00004b7c   Section        0  tss_keydetector.o(i.TSS_KeyDetectorCalculateDelta)
    i.TSS_KeyDetectorCalculateIIRFilter      0x00004b9c   Section        0  tss_filters.o(i.TSS_KeyDetectorCalculateIIRFilter)
    i.TSS_KeyDetectorCalibrate               0x00004bb8   Section        0  tss_keydetector.o(i.TSS_KeyDetectorCalibrate)
    i.TSS_KeyDetectorDCTrackerEvalExecution  0x00004bd8   Section        0  tss_keydetector.o(i.TSS_KeyDetectorDCTrackerEvalExecution)
    TSS_KeyDetectorDCTrackerEvalExecution    0x00004bd9   Thumb Code    50  tss_keydetector.o(i.TSS_KeyDetectorDCTrackerEvalExecution)
    i.TSS_KeyDetectorElectrodeStatusUpdate   0x00004c14   Section        0  tss_keydetector.o(i.TSS_KeyDetectorElectrodeStatusUpdate)
    i.TSS_KeyDetectorFaultDecoder            0x00004c44   Section        0  tss_keydetector.o(i.TSS_KeyDetectorFaultDecoder)
    TSS_KeyDetectorFaultDecoder              0x00004c45   Thumb Code    38  tss_keydetector.o(i.TSS_KeyDetectorFaultDecoder)
    i.TSS_KeyDetectorFillDeltaLogBuffer      0x00004c6c   Section        0  tss_keydetector.o(i.TSS_KeyDetectorFillDeltaLogBuffer)
    i.TSS_KeyDetectorFillSignalLogBuffer     0x00004c7c   Section        0  tss_keydetector.o(i.TSS_KeyDetectorFillSignalLogBuffer)
    i.TSS_KeyDetectorGetDCTrackerCounter     0x00004c90   Section        0  tss_keydetector.o(i.TSS_KeyDetectorGetDCTrackerCounter)
    i.TSS_KeyDetectorGetElectrodeEnablerStatus 0x00004c9c   Section        0  tss_keydetector.o(i.TSS_KeyDetectorGetElectrodeEnablerStatus)
    i.TSS_KeyDetectorGetElectrodeGroupStatus 0x00004cdc   Section        0  tss_keydetector.o(i.TSS_KeyDetectorGetElectrodeGroupStatus)
    i.TSS_KeyDetectorGetShieldElectrodeReleaseStatus 0x00004d1c   Section        0  tss_keydetector.o(i.TSS_KeyDetectorGetShieldElectrodeReleaseStatus)
    i.TSS_KeyDetectorGetSlowDCTrackerCounter 0x00004d5c   Section        0  tss_keydetector.o(i.TSS_KeyDetectorGetSlowDCTrackerCounter)
    i.TSS_KeyDetectorInit                    0x00004d68   Section        0  tss_keydetector.o(i.TSS_KeyDetectorInit)
    i.TSS_KeyDetectorInitPrevCapSample       0x00004da8   Section        0  tss_filters.o(i.TSS_KeyDetectorInitPrevCapSample)
    i.TSS_KeyDetectorMain                    0x00004dbc   Section        0  tss_keydetector.o(i.TSS_KeyDetectorMain)
    i.TSS_KeyDetectorRecalibrateElectrode    0x00004f54   Section        0  tss_keydetector.o(i.TSS_KeyDetectorRecalibrateElectrode)
    TSS_KeyDetectorRecalibrateElectrode      0x00004f55   Thumb Code   124  tss_keydetector.o(i.TSS_KeyDetectorRecalibrateElectrode)
    i.TSS_KeyDetectorRecalibrateModules      0x00004fdc   Section        0  tss_keydetector.o(i.TSS_KeyDetectorRecalibrateModules)
    i.TSS_KeyDetectorRecalibrationRequest    0x00004ff0   Section        0  tss_keydetector.o(i.TSS_KeyDetectorRecalibrationRequest)
    i.TSS_KeyDetectorReleaseElectrode        0x00005000   Section        0  tss_keydetector.o(i.TSS_KeyDetectorReleaseElectrode)
    i.TSS_KeyDetectorResetElectrode          0x00005024   Section        0  tss_keydetector.o(i.TSS_KeyDetectorResetElectrode)
    i.TSS_KeyDetectorResetElectrodeDebouncing 0x00005038   Section        0  tss_keydetector.o(i.TSS_KeyDetectorResetElectrodeDebouncing)
    i.TSS_KeyDetectorResetElectrodeMeasured  0x00005054   Section        0  tss_keydetector.o(i.TSS_KeyDetectorResetElectrodeMeasured)
    i.TSS_KeyDetectorResetStuckKeyCounter    0x00005078   Section        0  tss_keydetector.o(i.TSS_KeyDetectorResetStuckKeyCounter)
    i.TSS_KeyDetectorRestartElectrode        0x00005084   Section        0  tss_keydetector.o(i.TSS_KeyDetectorRestartElectrode)
    i.TSS_KeyDetectorSignalDivider           0x000050c8   Section        0  tss_filters.o(i.TSS_KeyDetectorSignalDivider)
    i.TSS_LowPowerConfig                     0x000050e4   Section        0  tss_main.o(i.TSS_LowPowerConfig)
    i.TSS_SetASliderConfig                   0x00005184   Section        0  tss_asliderdecoder.o(i.TSS_SetASliderConfig)
    i.TSS_SetControlElectrodesEnablers       0x00005280   Section        0  tss_main.o(i.TSS_SetControlElectrodesEnablers)
    i.TSS_SetSystemConfig                    0x00005320   Section        0  tss_main.o(i.TSS_SetSystemConfig)
    i.TSS_SubUInt16WithUInt16ToSInt16        0x00005648   Section        0  tss_filters.o(i.TSS_SubUInt16WithUInt16ToSInt16)
    i.TSS_Task                               0x00005674   Section        0  tss_main.o(i.TSS_Task)
    i.TSS_TriggerConfig                      0x00005744   Section        0  tss_main.o(i.TSS_TriggerConfig)
    i.TSS_TriggerControl                     0x000057b0   Section        0  tss_main.o(i.TSS_TriggerControl)
    i.__ARM_clz                              0x000057f4   Section        0  depilogue.o(i.__ARM_clz)
    i.__ARM_common_switch8                   0x00005822   Section        0  tss_sensortsil.o(i.__ARM_common_switch8)
    i.__ARM_fpclassify                       0x0000583c   Section        0  fpclassify.o(i.__ARM_fpclassify)
    i.__kernel_poly                          0x00005868   Section        0  poly.o(i.__kernel_poly)
    i.__mathlib_dbl_infnan                   0x00005914   Section        0  dunder.o(i.__mathlib_dbl_infnan)
    i.__mathlib_dbl_infnan2                  0x0000591e   Section        0  dunder.o(i.__mathlib_dbl_infnan2)
    i.__mathlib_dbl_underflow                0x00005928   Section        0  dunder.o(i.__mathlib_dbl_underflow)
    i.__scatterload_copy                     0x0000593c   Section       14  handlers.o(i.__scatterload_copy)
    i.__scatterload_zeroinit                 0x0000594a   Section       14  handlers.o(i.__scatterload_zeroinit)
    i.__set_errno                            0x00005958   Section        0  errno.o(i.__set_errno)
    i.atan                                   0x00005964   Section        0  atan.o(i.atan)
    i.atan2                                  0x00005b80   Section        0  atan2.o(i.atan2)
    i.sqrt                                   0x00005cf8   Section        0  sqrt.o(i.sqrt)
    .constdata                               0x00005d40   Section        8  tss_sensor.o(.constdata)
    .constdata                               0x00005d48   Section        8  tss_sensor.o(.constdata)
    .constdata                               0x00005d50   Section       16  tss_sensortsil.o(.constdata)
    .constdata                               0x00005d60   Section       12  tss_sensortsil.o(.constdata)
    .constdata                               0x00005d6c   Section       12  tss_sensortsil.o(.constdata)
    .constdata                               0x00005d78   Section        4  tss_sensortsil.o(.constdata)
    .constdata                               0x00005d7c   Section       28  tss_systemsetupdata.o(.constdata)
    .constdata                               0x00005d98   Section        4  tss_systemsetupdata.o(.constdata)
    .constdata                               0x00005d9c   Section        4  tss_systemsetupdata.o(.constdata)
    .constdata                               0x00005da0   Section        4  tss_systemsetupdata.o(.constdata)
    .constdata                               0x00005da4   Section        4  tss_systemsetupdata.o(.constdata)
    .constdata                               0x00005da8   Section        4  tss_systemsetupdata.o(.constdata)
    .constdata                               0x00005dac   Section        1  tss_systemsetupdata.o(.constdata)
    .constdata                               0x00005dad   Section        2  tss_systemsetupdata.o(.constdata)
    .constdata                               0x00005db0   Section        4  tss_systemsetupdata.o(.constdata)
    .constdata                               0x00005db4   Section        1  tss_systemsetupdata.o(.constdata)
    .constdata                               0x00005db5   Section        1  tss_systemsetupdata.o(.constdata)
    .constdata                               0x00005db6   Section        1  tss_systemsetupdata.o(.constdata)
    .constdata                               0x00005db8   Section        4  tss_systemsetupdata.o(.constdata)
    .constdata                               0x00005dbc   Section        4  tss_systemsetupdata.o(.constdata)
    .constdata                               0x00005dc0   Section        4  tss_systemsetupdata.o(.constdata)
    .constdata                               0x00005dc4   Section        4  tss_systemsetupdata.o(.constdata)
    .constdata                               0x00005dc8   Section        4  tss_systemsetupdata.o(.constdata)
    .constdata                               0x00005dcc   Section        4  tss_systemsetupdata.o(.constdata)
    .constdata                               0x00005dd0   Section        4  tss_systemsetupdata.o(.constdata)
    .constdata                               0x00005dd4   Section        4  tss_systemsetupdata.o(.constdata)
    .constdata                               0x00005dd8   Section        4  tss_systemsetupdata.o(.constdata)
    .constdata                               0x00005ddc   Section        4  tss_systemsetupdata.o(.constdata)
    .constdata                               0x00005de0   Section        4  tss_systemsetupdata.o(.constdata)
    .constdata                               0x00005de4   Section        4  tss_systemsetupdata.o(.constdata)
    .constdata                               0x00005de8   Section        1  tss_systemsetupdata.o(.constdata)
    .constdata                               0x00005dec   Section        4  tss_systemsetupdata.o(.constdata)
    .constdata                               0x00005df0   Section        4  tss_systemsetupdata.o(.constdata)
    .constdata                               0x00005df4   Section        1  tss_systemsetupdata.o(.constdata)
    .constdata                               0x00005df5   Section        1  tss_systemsetupdata.o(.constdata)
    .constdata                               0x00005df8   Section        4  tss_systemsetupdata.o(.constdata)
    .constdata                               0x00005dfc   Section        4  tss_systemsetupdata.o(.constdata)
    .constdata                               0x00005e00   Section        4  tss_systemsetupdata.o(.constdata)
    .constdata                               0x00005e04   Section        4  tss_systemsetupdata.o(.constdata)
    .constdata                               0x00005e08   Section        4  tss_systemsetupdata.o(.constdata)
    .constdata                               0x00005e0c   Section        4  tss_systemsetupdata.o(.constdata)
    .constdata                               0x00005e10   Section        4  tss_systemsetupdata.o(.constdata)
    .constdata                               0x00005e14   Section        4  tss_systemsetupdata.o(.constdata)
    .constdata                               0x00005e18   Section        4  tss_systemsetupdata.o(.constdata)
    .constdata                               0x00005e1c   Section        4  tss_systemsetupdata.o(.constdata)
    .constdata                               0x00005e20   Section        4  tss_systemsetupdata.o(.constdata)
    .constdata                               0x00005e24   Section        4  tss_systemsetupdata.o(.constdata)
    .constdata                               0x00005e28   Section        4  tss_systemsetupdata.o(.constdata)
    .constdata                               0x00005e2c   Section        1  tss_systemsetupdata.o(.constdata)
    .constdata                               0x00005e2d   Section        1  tss_systemsetupdata.o(.constdata)
    .constdata                               0x00005e2e   Section        2  tss_systemsetupdata.o(.constdata)
    .constdata                               0x00005e30   Section        6  tss_systemsetupdata.o(.constdata)
    .constdata                               0x00005e38   Section        4  tss_systemsetupdata.o(.constdata)
    .constdata                               0x00005e3c   Section        4  tss_systemsetupdata.o(.constdata)
    .constdata                               0x00005e40   Section        4  tss_systemsetupdata.o(.constdata)
    .constdata                               0x00005e44   Section        4  tss_systemsetupdata.o(.constdata)
    .constdata                               0x00005e48   Section      152  atan.o(.constdata)
    atanhi                                   0x00005e48   Data          32  atan.o(.constdata)
    atanlo                                   0x00005e68   Data          32  atan.o(.constdata)
    aTodd                                    0x00005e88   Data          40  atan.o(.constdata)
    aTeven                                   0x00005eb0   Data          48  atan.o(.constdata)
    .constdata                               0x00005ee0   Section        8  qnan.o(.constdata)
    .conststring                             0x00005ee8   Section       18  main.o(.conststring)
    .data                                    0x1ffffc00   Section        4  events.o(.data)
    .data                                    0x1ffffc04   Section        9  freemaster_scope.o(.data)
    pcm_nScopeVarCount                       0x1ffffc04   Data           1  freemaster_scope.o(.data)
    pcm_pScopeVarSize                        0x1ffffc05   Data           8  freemaster_scope.o(.data)
    .data                                    0x1ffffc10   Section       24  freemaster_serial.o(.data)
    pcm_nTxTodo                              0x1ffffc10   Data           1  freemaster_serial.o(.data)
    pcm_nRxTodo                              0x1ffffc11   Data           1  freemaster_serial.o(.data)
    pcm_nRxCheckSum                          0x1ffffc12   Data           1  freemaster_serial.o(.data)
    pcm_wFlags                               0x1ffffc14   Data           4  freemaster_serial.o(.data)
    pcm_pTxBuff                              0x1ffffc18   Data           4  freemaster_serial.o(.data)
    pcm_pRxBuff                              0x1ffffc1c   Data           4  freemaster_serial.o(.data)
    pcm_pRQueueRP                            0x1ffffc20   Data           4  freemaster_serial.o(.data)
    pcm_pRQueueWP                            0x1ffffc24   Data           4  freemaster_serial.o(.data)
    .data                                    0x1ffffc28   Section        1  freemaster_kxx.o(.data)
    pcm_bNextAddrIsEx                        0x1ffffc28   Data           1  freemaster_kxx.o(.data)
    .data                                    0x1ffffc2c   Section        4  sysinit_kl25.o(.data)
    .data                                    0x1ffffc30   Section        1  tss_sensor.o(.data)
    .data                                    0x1ffffc31   Section        8  tss_systemsetupdata.o(.data)
    .data                                    0x1ffffc3a   Section        2  tss_systemsetupdata.o(.data)
    .data                                    0x1ffffc3c   Section        2  tss_systemsetupdata.o(.data)
    .data                                    0x1ffffc3e   Section        3  tss_systemsetupdata.o(.data)
    .data                                    0x1ffffc41   Section        2  tss_systemsetupdata.o(.data)
    .data                                    0x1ffffc43   Section        1  tss_systemsetupdata.o(.data)
    .data                                    0x1ffffc44   Section        1  tss_systemsetupdata.o(.data)
    .data                                    0x1ffffc46   Section        4  tss_systemsetupdata.o(.data)
    .data                                    0x1ffffc4a   Section        1  tss_systemsetupdata.o(.data)
    .data                                    0x1ffffc4b   Section        1  tss_systemsetupdata.o(.data)
    .data                                    0x1ffffc4c   Section        1  tss_systemsetupdata.o(.data)
    .data                                    0x1ffffc4d   Section        1  tss_systemsetupdata.o(.data)
    .data                                    0x1ffffc4e   Section        2  tss_systemsetupdata.o(.data)
    .data                                    0x1ffffc50   Section        2  tss_systemsetupdata.o(.data)
    .data                                    0x1ffffc52   Section        2  tss_systemsetupdata.o(.data)
    .data                                    0x1ffffc54   Section        2  tss_systemsetupdata.o(.data)
    .data                                    0x1ffffc56   Section        1  tss_systemsetupdata.o(.data)
    .data                                    0x1ffffc58   Section        4  tss_systemsetupdata.o(.data)
    .data                                    0x1ffffc5c   Section        2  tss_systemsetupdata.o(.data)
    .data                                    0x1ffffc5e   Section        4  tss_systemsetupdata.o(.data)
    .data                                    0x1ffffc62   Section        1  tss_systemsetupdata.o(.data)
    .data                                    0x1ffffc63   Section        2  tss_systemsetupdata.o(.data)
    .data                                    0x1ffffc65   Section        2  tss_systemsetupdata.o(.data)
    .data                                    0x1ffffc67   Section        2  tss_systemsetupdata.o(.data)
    .data                                    0x1ffffc69   Section        6  tss_systemsetupdata.o(.data)
    .data                                    0x1ffffc6f   Section        2  tss_systemsetupdata.o(.data)
    .data                                    0x1ffffc71   Section        1  tss_systemsetupdata.o(.data)
    .data                                    0x1ffffc74   Section       20  main.o(.data)
    fmstr_tsatable                           0x1ffffc78   Data          16  main.o(.data)
    .data                                    0x1ffffc88   Section        1  project1.o(.data)
    .data                                    0x1ffffc8a   Section        2  project1.o(.data)
    .data                                    0x1ffffc8c   Section        4  project1.o(.data)
    .data                                    0x1ffffc90   Section        8  mma8451.o(.data)
    .data                                    0x1ffffc98   Section        4  timers.o(.data)
    .data                                    0x1ffffc9c   Section        8  tss_keydetector.o(.data)
    g_u8ElectrodeCommand                     0x1ffffc9c   Data           1  tss_keydetector.o(.data)
    u8TriggerProcessElectrode                0x1ffffc9d   Data           1  tss_keydetector.o(.data)
    u8MeasurementStatus                      0x1ffffc9e   Data           1  tss_keydetector.o(.data)
    g_u8DCTrackCounter                       0x1ffffc9f   Data           1  tss_keydetector.o(.data)
    g_u8SlowDCTrackCounter                   0x1ffffca0   Data           1  tss_keydetector.o(.data)
    g_u8KeyDetectorElecIndex                 0x1ffffca1   Data           1  tss_keydetector.o(.data)
    .data                                    0x1ffffca4   Section        8  tss_main.o(.data)
    u8TriggerCounter                         0x1ffffca4   Data           1  tss_main.o(.data)
    g_u8APIFunctionRunFlag                   0x1ffffca5   Data           1  tss_main.o(.data)
    g_u16Size                                0x1ffffca6   Data           2  tss_main.o(.data)
    g_pu8DataAddr                            0x1ffffca8   Data           4  tss_main.o(.data)
    .data                                    0x1ffffcac   Section        4  errno.o(.data)
    _errno                                   0x1ffffcac   Data           4  errno.o(.data)
    .bss                                     0x1ffffcb0   Section       32  freemaster_scope.o(.bss)
    pcm_pScopeVarAddr                        0x1ffffcb0   Data          32  freemaster_scope.o(.bss)
    .bss                                     0x1ffffcd0   Section       76  freemaster_serial.o(.bss)
    pcm_pCommBuffer                          0x1ffffcd0   Data          44  freemaster_serial.o(.bss)
    pcm_pRQueueBuffer                        0x1ffffcfc   Data          32  freemaster_serial.o(.bss)
    .bss                                     0x1ffffd1c   Section       42  tss_sensortsil.o(.bss)
    .bss                                     0x1ffffd46   Section       32  tss_systemsetupdata.o(.bss)
    .bss                                     0x1ffffd66   Section       12  tss_systemsetupdata.o(.bss)
    .bss                                     0x1ffffd72   Section       12  tss_systemsetupdata.o(.bss)
    STACK                                    0x1ffffd80   Section     1024  startup_mkl25z4.o(STACK)

    Global Symbols

    Symbol Name                              Value     Ov Type        Size  Object(Section)

    BuildAttributes$$THM_ISAv3M$S$PE$A:L22$X:L11$S22$IEEE1$IW$USESV6$~STKCKD$USESV7$~SHL$OTIME$ROPI$IEEEX$EBA8$MICROLIB$REQ8$PRES8$EABIv2 0x00000000   Number         0  anon$$obj.o ABSOLUTE
    __ARM_use_no_argv                        0x00000000   Number         0  main.o ABSOLUTE
    __Vectors                                0x00000000   Data           4  startup_mkl25z4.o(RESET)
    __cpp_initialize__aeabi_                  - Undefined Weak Reference
    __cxa_finalize                            - Undefined Weak Reference
    __decompress                              - Undefined Weak Reference
    _clock_init                               - Undefined Weak Reference
    _microlib_exit                            - Undefined Weak Reference
    __Vectors_End                            0x000000c0   Data           0  startup_mkl25z4.o(RESET)
    __Vectors_Size                           0x000000c0   Number         0  startup_mkl25z4.o ABSOLUTE
    __main                                   0x000000c1   Thumb Code     0  entry.o(.ARM.Collect$$$$00000000)
    _main_stk                                0x000000c1   Thumb Code     0  entry2.o(.ARM.Collect$$$$00000001)
    _main_scatterload                        0x000000c5   Thumb Code     0  entry5.o(.ARM.Collect$$$$00000004)
    __main_after_scatterload                 0x000000c9   Thumb Code     0  entry5.o(.ARM.Collect$$$$00000004)
    _main_clock                              0x000000c9   Thumb Code     0  entry7b.o(.ARM.Collect$$$$00000008)
    _main_cpp_init                           0x000000c9   Thumb Code     0  entry8b.o(.ARM.Collect$$$$0000000A)
    _main_init                               0x000000c9   Thumb Code     0  entry9a.o(.ARM.Collect$$$$0000000B)
    __rt_final_cpp                           0x000000d1   Thumb Code     0  entry10a.o(.ARM.Collect$$$$0000000D)
    __rt_final_exit                          0x000000d1   Thumb Code     0  entry11a.o(.ARM.Collect$$$$0000000F)
    InitPorts                                0x000000d5   Thumb Code     8  app_init.o(.text)
    DelayMS                                  0x000000dd   Thumb Code    94  app_init.o(.text)
    TSS_Init_ASlider                         0x0000013b   Thumb Code    98  app_init.o(.text)
    TSS1_fCallBack1                          0x000001ad   Thumb Code    90  events.o(.text)
    TSS_fOnFault                             0x00000207   Thumb Code    58  events.o(.text)
    TSS_fOnInit                              0x00000241   Thumb Code     8  events.o(.text)
    TSS_FmstrIsrCallbackCustom               0x00000249   Thumb Code    14  events.o(.text)
    FMSTR_InitScope                          0x00000279   Thumb Code     2  freemaster_scope.o(.text)
    FMSTR_SetUpScope                         0x0000027b   Thumb Code    84  freemaster_scope.o(.text)
    FMSTR_ReadScope                          0x000002cf   Thumb Code    54  freemaster_scope.o(.text)
    FMSTR_Isr                                0x0000030d   Thumb Code    12  freemaster_kxx.o(.text)
    FMSTR_CopyMemory                         0x00000319   Thumb Code    22  freemaster_kxx.o(.text)
    FMSTR_CopyToBuffer                       0x0000032f   Thumb Code    22  freemaster_kxx.o(.text)
    FMSTR_CopyFromBuffer                     0x00000345   Thumb Code    26  freemaster_kxx.o(.text)
    FMSTR_ValueFromBuffer16                  0x0000035f   Thumb Code     4  freemaster_kxx.o(.text)
    FMSTR_ValueFromBuffer32                  0x00000363   Thumb Code     4  freemaster_kxx.o(.text)
    FMSTR_ValueToBuffer16                    0x00000367   Thumb Code    12  freemaster_kxx.o(.text)
    FMSTR_ValueToBuffer32                    0x00000373   Thumb Code    12  freemaster_kxx.o(.text)
    FMSTR_CopyFromBufferWithMask             0x0000037f   Thumb Code    38  freemaster_kxx.o(.text)
    FMSTR_SetExAddr                          0x000003a5   Thumb Code     6  freemaster_kxx.o(.text)
    FMSTR_AddressToBuffer                    0x000003ab   Thumb Code    24  freemaster_kxx.o(.text)
    FMSTR_AddressFromBuffer                  0x000003c3   Thumb Code    16  freemaster_kxx.o(.text)
    wdog_disable                             0x000003d9   Thumb Code     8  wdog_kl25.o(.text)
    TSS_IIRFilterEquation                    0x000003e5   Thumb Code    12  tss_systemsetupdata.o(.text)
    SystemInit                               0x000003f1   Thumb Code    12  system_mkl25z4.o(.text)
    __I$use$fp                               0x000003fd   Thumb Code     0  iusefp.o(.text)
    __scatterload_null                       0x000003fd   Thumb Code     2  handlers.o(i.__scatterload_null)
    TSS_C0_INPUTS_GROUP                      0x000003fe   Data           2  tss_systemsetupdata.o(.constdata)
    FMSTR_Init                               0x00000411   Thumb Code    22  freemaster_protocol.o(.text)
    FMSTR_GetBoardInfo                       0x00000427   Thumb Code    28  freemaster_protocol.o(.text)
    FMSTR_WriteMemMask                       0x00000443   Thumb Code    34  freemaster_protocol.o(.text)
    FMSTR_WriteMem                           0x00000465   Thumb Code    34  freemaster_protocol.o(.text)
    FMSTR_ReadMem                            0x00000487   Thumb Code    44  freemaster_protocol.o(.text)
    FMSTR_ProtocolDecoder                    0x000004b3   Thumb Code   176  freemaster_protocol.o(.text)
    FMSTR_ReadVar                            0x00000563   Thumb Code    30  freemaster_protocol.o(.text)
    FMSTR_WriteVar                           0x00000581   Thumb Code    32  freemaster_protocol.o(.text)
    FMSTR_WriteVarMask                       0x000005a1   Thumb Code    32  freemaster_protocol.o(.text)
    FMSTR_StrLen                             0x000005c1   Thumb Code    20  freemaster_protocol.o(.text)
    FMSTR_SendResponse                       0x000005d5   Thumb Code   112  freemaster_serial.o(.text)
    FMSTR_Rx                                 0x00000645   Thumb Code   202  freemaster_serial.o(.text)
    FMSTR_Tx                                 0x0000074b   Thumb Code    70  freemaster_serial.o(.text)
    FMSTR_ProcessSCI                         0x00000791   Thumb Code    86  freemaster_serial.o(.text)
    FMSTR_InitSerial                         0x000007e7   Thumb Code    30  freemaster_serial.o(.text)
    FMSTR_Poll                               0x00000805   Thumb Code    48  freemaster_serial.o(.text)
    FMSTR_InitTsa                            0x0000084d   Thumb Code     2  freemaster_tsa.o(.text)
    FMSTR_GetTsaInfo                         0x0000084f   Thumb Code    68  freemaster_tsa.o(.text)
    FMSTR_GetStringLen                       0x00000893   Thumb Code    32  freemaster_tsa.o(.text)
    FMSTR_CheckTsaSpace                      0x000008b3   Thumb Code   216  freemaster_tsa.o(.text)
    stop                                     0x000009a5   Thumb Code    14  arm_cm0.o(.text)
    wait                                     0x000009b3   Thumb Code    14  arm_cm0.o(.text)
    write_vtor                               0x000009c1   Thumb Code     6  arm_cm0.o(.text)
    enable_irq                               0x000009c7   Thumb Code    34  arm_cm0.o(.text)
    disable_irq                              0x000009e9   Thumb Code    24  arm_cm0.o(.text)
    set_irq_priority                         0x00000a01   Thumb Code     2  arm_cm0.o(.text)
    clk_out_init                             0x00000a11   Thumb Code    20  sysinit_kl25.o(.text)
    sysinit                                  0x00000a25   Thumb Code   110  sysinit_kl25.o(.text)
    pll_init                                 0x00000ab5   Thumb Code   498  mcg_kl25.o(.text)
    pee_pbe                                  0x00000ca7   Thumb Code    76  mcg_kl25.o(.text)
    pbe_pee                                  0x00000cf3   Thumb Code   132  mcg_kl25.o(.text)
    pbe_fbe                                  0x00000d77   Thumb Code    74  mcg_kl25.o(.text)
    fbe_pbe                                  0x00000dc1   Thumb Code   186  mcg_kl25.o(.text)
    pbe_blpe                                 0x00000e7b   Thumb Code   104  mcg_kl25.o(.text)
    blpe_pbe                                 0x00000ee3   Thumb Code   172  mcg_kl25.o(.text)
    blpe_fbe                                 0x00000f8f   Thumb Code    76  mcg_kl25.o(.text)
    fbe_blpe                                 0x00000fdb   Thumb Code    44  mcg_kl25.o(.text)
    fll_freq                                 0x00001007   Thumb Code   210  mcg_kl25.o(.text)
    fbe_fei                                  0x000010d9   Thumb Code   138  mcg_kl25.o(.text)
    fei_fbe                                  0x00001163   Thumb Code   298  mcg_kl25.o(.text)
    fbe_fee                                  0x0000128d   Thumb Code   222  mcg_kl25.o(.text)
    fee_fbe                                  0x0000136b   Thumb Code    74  mcg_kl25.o(.text)
    fbe_fbi                                  0x000013b5   Thumb Code   246  mcg_kl25.o(.text)
    fbi_fbe                                  0x000014ab   Thumb Code   306  mcg_kl25.o(.text)
    fbi_blpi                                 0x000015dd   Thumb Code    66  mcg_kl25.o(.text)
    blpi_fbi                                 0x0000161f   Thumb Code    66  mcg_kl25.o(.text)
    fbi_fee                                  0x00001661   Thumb Code   400  mcg_kl25.o(.text)
    fee_fbi                                  0x000017f1   Thumb Code   234  mcg_kl25.o(.text)
    fbi_fei                                  0x000018db   Thumb Code   130  mcg_kl25.o(.text)
    fei_fbi                                  0x0000195d   Thumb Code   204  mcg_kl25.o(.text)
    fei_fee                                  0x00001a29   Thumb Code   290  mcg_kl25.o(.text)
    fee_fei                                  0x00001b4b   Thumb Code    96  mcg_kl25.o(.text)
    what_mcg_mode                            0x00001bab   Thumb Code   300  mcg_kl25.o(.text)
    atc                                      0x00001cd7   Thumb Code   312  mcg_kl25.o(.text)
    clk_monitor_0                            0x00001e0f   Thumb Code    22  mcg_kl25.o(.text)
    uart_init                                0x00001e4d   Thumb Code    94  uart_kl25.o(.text)
    uart_getchar                             0x00001eab   Thumb Code    10  uart_kl25.o(.text)
    uart_putchar                             0x00001eb5   Thumb Code    10  uart_kl25.o(.text)
    uart_getchar_present                     0x00001ebf   Thumb Code     8  uart_kl25.o(.text)
    uart0_init                               0x00001ec7   Thumb Code    74  uart_kl25.o(.text)
    uart0_getchar                            0x00001f11   Thumb Code    10  uart_kl25.o(.text)
    uart0_putchar                            0x00001f1b   Thumb Code    10  uart_kl25.o(.text)
    uart0_getchar_present                    0x00001f25   Thumb Code     8  uart_kl25.o(.text)
    TSS_SampleElectrodeLowE0                 0x00001f3d   Thumb Code     4  tss_sensor.o(.text)
    TSS_SampleElectrodeLowE1                 0x00001f41   Thumb Code     4  tss_sensor.o(.text)
    TSS_SensorInitCallback                   0x00001f45   Thumb Code    12  tss_sensor.o(.text)
    TSS_SensorInit                           0x00001f51   Thumb Code    14  tss_sensor.o(.text)
    TSIL_InitModule                          0x00001f69   Thumb Code    20  tss_sensortsil.o(.text)
    TSIL_SetNSamples                         0x00001f7d   Thumb Code    44  tss_sensortsil.o(.text)
    TSIL_InitLowPower                        0x00001fa9   Thumb Code    52  tss_sensortsil.o(.text)
    TSIL_InitPEN                             0x00001fdd   Thumb Code   198  tss_sensortsil.o(.text)
    TSIL_Recalibrate                         0x000020a3   Thumb Code   628  tss_sensortsil.o(.text)
    TSIL_InitThresholds                      0x00002317   Thumb Code   184  tss_sensortsil.o(.text)
    TSIL_InitTrigger                         0x000023cf   Thumb Code   198  tss_sensortsil.o(.text)
    TSIL_MethodControl                       0x00002495   Thumb Code   196  tss_sensortsil.o(.text)
    TSIL_ReadCounter                         0x00002559   Thumb Code    76  tss_sensortsil.o(.text)
    TSIL_HandleMeasurement                   0x000025a5   Thumb Code   112  tss_sensortsil.o(.text)
    TSIL_SampleElectrode                     0x00002615   Thumb Code   260  tss_sensortsil.o(.text)
    TSS_TSI0Isr                              0x00002719   Thumb Code   246  tss_sensortsil.o(.text)
    FMSTR_TsaGetTable_UserAppTable           0x00002815   Thumb Code    12  main.o(.text)
    FMSTR_TsaGetTable                        0x00002821   Thumb Code    12  main.o(.text)
    main                                     0x0000282d   Thumb Code   144  main.o(.text)
    Reset_Handler                            0x000028d9   Thumb Code     8  startup_mkl25z4.o(.text)
    NMI_Handler                              0x000028e1   Thumb Code     2  startup_mkl25z4.o(.text)
    HardFault_Handler                        0x000028e3   Thumb Code     2  startup_mkl25z4.o(.text)
    SVC_Handler                              0x000028e5   Thumb Code     2  startup_mkl25z4.o(.text)
    PendSV_Handler                           0x000028e7   Thumb Code     2  startup_mkl25z4.o(.text)
    SysTick_Handler                          0x000028e9   Thumb Code     2  startup_mkl25z4.o(.text)
    ADC0_IRQHandler                          0x000028eb   Thumb Code     0  startup_mkl25z4.o(.text)
    CMP0_IRQHandler                          0x000028eb   Thumb Code     0  startup_mkl25z4.o(.text)
    DAC0_IRQHandler                          0x000028eb   Thumb Code     0  startup_mkl25z4.o(.text)
    DMA0_IRQHandler                          0x000028eb   Thumb Code     0  startup_mkl25z4.o(.text)
    DMA1_IRQHandler                          0x000028eb   Thumb Code     0  startup_mkl25z4.o(.text)
    DMA2_IRQHandler                          0x000028eb   Thumb Code     0  startup_mkl25z4.o(.text)
    DMA3_IRQHandler                          0x000028eb   Thumb Code     0  startup_mkl25z4.o(.text)
    DefaultISR                               0x000028eb   Thumb Code     0  startup_mkl25z4.o(.text)
    FTFA_IRQHandler                          0x000028eb   Thumb Code     0  startup_mkl25z4.o(.text)
    I2C0_IRQHandler                          0x000028eb   Thumb Code     0  startup_mkl25z4.o(.text)
    I2C1_IRQHandler                          0x000028eb   Thumb Code     0  startup_mkl25z4.o(.text)
    LLW_IRQHandler                           0x000028eb   Thumb Code     0  startup_mkl25z4.o(.text)
    LPTimer_IRQHandler                       0x000028eb   Thumb Code     0  startup_mkl25z4.o(.text)
    LVD_LVW_IRQHandler                       0x000028eb   Thumb Code     0  startup_mkl25z4.o(.text)
    MCG_IRQHandler                           0x000028eb   Thumb Code     0  startup_mkl25z4.o(.text)
    PORTA_IRQHandler                         0x000028eb   Thumb Code     0  startup_mkl25z4.o(.text)
    PORTD_IRQHandler                         0x000028eb   Thumb Code     0  startup_mkl25z4.o(.text)
    RTC_IRQHandler                           0x000028eb   Thumb Code     0  startup_mkl25z4.o(.text)
    RTC_Seconds_IRQHandler                   0x000028eb   Thumb Code     0  startup_mkl25z4.o(.text)
    Reserved20_IRQHandler                    0x000028eb   Thumb Code     0  startup_mkl25z4.o(.text)
    Reserved39_IRQHandler                    0x000028eb   Thumb Code     0  startup_mkl25z4.o(.text)
    Reserved45_IRQHandler                    0x000028eb   Thumb Code     0  startup_mkl25z4.o(.text)
    SPI0_IRQHandler                          0x000028eb   Thumb Code     0  startup_mkl25z4.o(.text)
    SPI1_IRQHandler                          0x000028eb   Thumb Code     0  startup_mkl25z4.o(.text)
    TPM0_IRQHandler                          0x000028eb   Thumb Code     0  startup_mkl25z4.o(.text)
    TPM1_IRQHandler                          0x000028eb   Thumb Code     0  startup_mkl25z4.o(.text)
    TPM2_IRQHandler                          0x000028eb   Thumb Code     0  startup_mkl25z4.o(.text)
    TSI0_IRQHandler                          0x000028eb   Thumb Code     0  startup_mkl25z4.o(.text)
    UART0_IRQHandler                         0x000028eb   Thumb Code     0  startup_mkl25z4.o(.text)
    UART1_IRQHandler                         0x000028eb   Thumb Code     0  startup_mkl25z4.o(.text)
    UART2_IRQHandler                         0x000028eb   Thumb Code     0  startup_mkl25z4.o(.text)
    USB0_IRQHandler                          0x000028eb   Thumb Code     0  startup_mkl25z4.o(.text)
    FreeMASTER_Init                          0x000028f5   Thumb Code    48  board.o(.text)
    PWM_init                                 0x00002925   Thumb Code    82  board.o(.text)
    LPTMRInit                                0x00002977   Thumb Code    52  board.o(.text)
    LPTMRStop                                0x000029ab   Thumb Code    30  board.o(.text)
    LPTMRIsr                                 0x000029c9   Thumb Code    94  board.o(.text)
    GotoLowPower                             0x00002a27   Thumb Code   116  board.o(.text)
    LowPowerControl                          0x00002a9b   Thumb Code    18  board.o(.text)
    InitDevices                              0x00002aad   Thumb Code    20  board.o(.text)
    FadeIn                                   0x00002b0d   Thumb Code    48  project1.o(.text)
    FadeOut                                  0x00002b3d   Thumb Code    48  project1.o(.text)
    SetLEDs                                  0x00002b6d   Thumb Code    12  project1.o(.text)
    Delay                                    0x00002b85   Thumb Code    18  delay.o(.text)
    i2c_init                                 0x00002b9d   Thumb Code    52  i2c.o(.text)
    i2c_start                                0x00002bd1   Thumb Code    20  i2c.o(.text)
    i2c_read_setup                           0x00002be5   Thumb Code    70  i2c.o(.text)
    i2c_repeated_read                        0x00002c2b   Thumb Code    52  i2c.o(.text)
    i2c_read_byte                            0x00002c5f   Thumb Code   118  i2c.o(.text)
    i2c_write_byte                           0x00002cd5   Thumb Code    74  i2c.o(.text)
    init_mma                                 0x00002d2d   Thumb Code    38  mma8451.o(.text)
    read_full_xyz                            0x00002d53   Thumb Code   106  mma8451.o(.text)
    read_xyz                                 0x00002dbd   Thumb Code    54  mma8451.o(.text)
    convert_xyz_to_roll_pitch                0x00002df3   Thumb Code   196  mma8451.o(.text)
    Init_PIT                                 0x00002ec9   Thumb Code    74  timers.o(.text)
    Start_PIT                                0x00002f13   Thumb Code    12  timers.o(.text)
    Stop_PIT                                 0x00002f1f   Thumb Code    12  timers.o(.text)
    PIT_IRQHandler                           0x00002f2b   Thumb Code    66  timers.o(.text)
    Init_PWM                                 0x00002f6d   Thumb Code    84  timers.o(.text)
    Set_PWM_Values                           0x00002fc1   Thumb Code    26  timers.o(.text)
    __aeabi_uidiv                            0x00003019   Thumb Code     0  uidiv.o(.text)
    __aeabi_uidivmod                         0x00003019   Thumb Code    44  uidiv.o(.text)
    __aeabi_idiv                             0x00003045   Thumb Code     0  idiv.o(.text)
    __aeabi_idivmod                          0x00003045   Thumb Code    40  idiv.o(.text)
    __aeabi_fadd                             0x0000306d   Thumb Code   162  fadd.o(.text)
    __aeabi_fsub                             0x0000310f   Thumb Code     8  fadd.o(.text)
    __aeabi_frsub                            0x00003117   Thumb Code     8  fadd.o(.text)
    __aeabi_fmul                             0x0000311f   Thumb Code   122  fmul.o(.text)
    __aeabi_fdiv                             0x00003199   Thumb Code   124  fdiv.o(.text)
    __ARM_scalbnf                            0x00003215   Thumb Code    24  fscalb.o(.text)
    scalbnf                                  0x00003215   Thumb Code     0  fscalb.o(.text)
    __aeabi_dmul                             0x0000322d   Thumb Code   202  dmul.o(.text)
    __aeabi_ddiv                             0x000032fd   Thumb Code   234  ddiv.o(.text)
    __ARM_scalbn                             0x000033ed   Thumb Code    44  dscalb.o(.text)
    scalbn                                   0x000033ed   Thumb Code     0  dscalb.o(.text)
    __aeabi_i2f                              0x00003419   Thumb Code    22  fflti.o(.text)
    __aeabi_i2d                              0x00003431   Thumb Code    34  dflti.o(.text)
    __aeabi_f2uiz                            0x00003459   Thumb Code    40  ffixui.o(.text)
    __aeabi_d2uiz                            0x00003481   Thumb Code    50  dfixui.o(.text)
    __aeabi_f2d                              0x000034bd   Thumb Code    40  f2d.o(.text)
    __aeabi_d2f                              0x000034e5   Thumb Code    56  d2f.o(.text)
    __aeabi_llsr                             0x0000351d   Thumb Code    34  llushr.o(.text)
    _ll_ushift_r                             0x0000351d   Thumb Code     0  llushr.o(.text)
    _float_round                             0x0000353f   Thumb Code    16  fepilogue.o(.text)
    _float_epilogue                          0x0000354f   Thumb Code   114  fepilogue.o(.text)
    _double_round                            0x000035c1   Thumb Code    26  depilogue.o(.text)
    _double_epilogue                         0x000035db   Thumb Code   164  depilogue.o(.text)
    __aeabi_dadd                             0x00003681   Thumb Code   328  dadd.o(.text)
    __aeabi_dsub                             0x000037c9   Thumb Code    12  dadd.o(.text)
    __aeabi_drsub                            0x000037d5   Thumb Code    12  dadd.o(.text)
    _dsqrt                                   0x000037e5   Thumb Code   162  dsqrt.o(.text)
    __scatterload                            0x00003889   Thumb Code    28  init.o(.text)
    __scatterload_rt2                        0x00003889   Thumb Code     0  init.o(.text)
    __aeabi_llsl                             0x000038ad   Thumb Code    32  llshl.o(.text)
    _ll_shift_l                              0x000038ad   Thumb Code     0  llshl.o(.text)
    __aeabi_lasr                             0x000038cd   Thumb Code    38  llsshr.o(.text)
    _ll_sshift_r                             0x000038cd   Thumb Code     0  llsshr.o(.text)
    TSS_ASliderCalculatePosIIRFilter         0x000038f5   Thumb Code    94  tss_asliderdecoder.o(i.TSS_ASliderCalculatePosIIRFilter)
    TSS_ASliderDecoder                       0x00003961   Thumb Code  1108  tss_asliderdecoder.o(i.TSS_ASliderDecoder)
    TSS_ASliderTrendControl                  0x00003db9   Thumb Code   214  tss_asliderdecoder.o(i.TSS_ASliderTrendControl)
    TSS_ASliderTrendThreshold                0x00003ea5   Thumb Code    30  tss_asliderdecoder.o(i.TSS_ASliderTrendThreshold)
    TSS_BrowseModules                        0x00003ecd   Thumb Code   134  tss_main.o(i.TSS_BrowseModules)
    TSS_CutSInt16ToSInt8                     0x00003f61   Thumb Code    22  tss_filters.o(i.TSS_CutSInt16ToSInt8)
    TSS_DataCorruptionCheck                  0x00003f79   Thumb Code   156  tss_main.o(i.TSS_DataCorruptionCheck)
    TSS_DecodersControl                      0x00004035   Thumb Code   102  tss_main.o(i.TSS_DecodersControl)
    TSS_FaultEvaluation                      0x000040ad   Thumb Code   106  tss_main.o(i.TSS_FaultEvaluation)
    TSS_GetSystemConfig                      0x00004129   Thumb Code   230  tss_main.o(i.TSS_GetSystemConfig)
    TSS_Init                                 0x00004239   Thumb Code    92  tss_main.o(i.TSS_Init)
    TSS_InitInternalArrays                   0x000042a5   Thumb Code    66  tss_main.o(i.TSS_InitInternalArrays)
    TSS_InitRegisterArrays                   0x000042f9   Thumb Code    60  tss_main.o(i.TSS_InitRegisterArrays)
    TSS_KeyBasicDeltaNoiseAnalysisIIRControl 0x00004351   Thumb Code   108  tss_keydetectornormal.o(i.TSS_KeyBasicDeltaNoiseAnalysisIIRControl)
    TSS_KeyBasicDetect                       0x000043c5   Thumb Code   378  tss_keydetectornormal.o(i.TSS_KeyBasicDetect)
    TSS_KeyBasicElectrodeEval                0x0000455d   Thumb Code   578  tss_keydetectornormal.o(i.TSS_KeyBasicElectrodeEval)
    TSS_KeyBasicNegativeBaselineDrop         0x00004861   Thumb Code   114  tss_keydetectornormal.o(i.TSS_KeyBasicNegativeBaselineDrop)
    TSS_KeyBasicSensAutoCalibration          0x000048f1   Thumb Code   536  tss_keydetectornormal.o(i.TSS_KeyBasicSensAutoCalibration)
    TSS_KeyBasicStuckKeyControl              0x00004b31   Thumb Code    58  tss_keydetectornormal.o(i.TSS_KeyBasicStuckKeyControl)
    TSS_KeyDetectorCalculateDelta            0x00004b7d   Thumb Code    22  tss_keydetector.o(i.TSS_KeyDetectorCalculateDelta)
    TSS_KeyDetectorCalculateIIRFilter        0x00004b9d   Thumb Code    20  tss_filters.o(i.TSS_KeyDetectorCalculateIIRFilter)
    TSS_KeyDetectorCalibrate                 0x00004bb9   Thumb Code    26  tss_keydetector.o(i.TSS_KeyDetectorCalibrate)
    TSS_KeyDetectorElectrodeStatusUpdate     0x00004c15   Thumb Code    44  tss_keydetector.o(i.TSS_KeyDetectorElectrodeStatusUpdate)
    TSS_KeyDetectorFillDeltaLogBuffer        0x00004c6d   Thumb Code    12  tss_keydetector.o(i.TSS_KeyDetectorFillDeltaLogBuffer)
    TSS_KeyDetectorFillSignalLogBuffer       0x00004c7d   Thumb Code    12  tss_keydetector.o(i.TSS_KeyDetectorFillSignalLogBuffer)
    TSS_KeyDetectorGetDCTrackerCounter       0x00004c91   Thumb Code     6  tss_keydetector.o(i.TSS_KeyDetectorGetDCTrackerCounter)
    TSS_KeyDetectorGetElectrodeEnablerStatus 0x00004c9d   Thumb Code    50  tss_keydetector.o(i.TSS_KeyDetectorGetElectrodeEnablerStatus)
    TSS_KeyDetectorGetElectrodeGroupStatus   0x00004cdd   Thumb Code    60  tss_keydetector.o(i.TSS_KeyDetectorGetElectrodeGroupStatus)
    TSS_KeyDetectorGetShieldElectrodeReleaseStatus 0x00004d1d   Thumb Code    52  tss_keydetector.o(i.TSS_KeyDetectorGetShieldElectrodeReleaseStatus)
    TSS_KeyDetectorGetSlowDCTrackerCounter   0x00004d5d   Thumb Code     6  tss_keydetector.o(i.TSS_KeyDetectorGetSlowDCTrackerCounter)
    TSS_KeyDetectorInit                      0x00004d69   Thumb Code    50  tss_keydetector.o(i.TSS_KeyDetectorInit)
    TSS_KeyDetectorInitPrevCapSample         0x00004da9   Thumb Code    12  tss_filters.o(i.TSS_KeyDetectorInitPrevCapSample)
    TSS_KeyDetectorMain                      0x00004dbd   Thumb Code   364  tss_keydetector.o(i.TSS_KeyDetectorMain)
    TSS_KeyDetectorRecalibrateModules        0x00004fdd   Thumb Code    14  tss_keydetector.o(i.TSS_KeyDetectorRecalibrateModules)
    TSS_KeyDetectorRecalibrationRequest      0x00004ff1   Thumb Code    16  tss_keydetector.o(i.TSS_KeyDetectorRecalibrationRequest)
    TSS_KeyDetectorReleaseElectrode          0x00005001   Thumb Code    30  tss_keydetector.o(i.TSS_KeyDetectorReleaseElectrode)
    TSS_KeyDetectorResetElectrode            0x00005025   Thumb Code    16  tss_keydetector.o(i.TSS_KeyDetectorResetElectrode)
    TSS_KeyDetectorResetElectrodeDebouncing  0x00005039   Thumb Code    16  tss_keydetector.o(i.TSS_KeyDetectorResetElectrodeDebouncing)
    TSS_KeyDetectorResetElectrodeMeasured    0x00005055   Thumb Code    24  tss_keydetector.o(i.TSS_KeyDetectorResetElectrodeMeasured)
    TSS_KeyDetectorResetStuckKeyCounter      0x00005079   Thumb Code     8  tss_keydetector.o(i.TSS_KeyDetectorResetStuckKeyCounter)
    TSS_KeyDetectorRestartElectrode          0x00005085   Thumb Code    44  tss_keydetector.o(i.TSS_KeyDetectorRestartElectrode)
    TSS_KeyDetectorSignalDivider             0x000050c9   Thumb Code    18  tss_filters.o(i.TSS_KeyDetectorSignalDivider)
    TSS_LowPowerConfig                       0x000050e5   Thumb Code   150  tss_main.o(i.TSS_LowPowerConfig)
    TSS_SetASliderConfig                     0x00005185   Thumb Code   240  tss_asliderdecoder.o(i.TSS_SetASliderConfig)
    TSS_SetControlElectrodesEnablers         0x00005281   Thumb Code   130  tss_main.o(i.TSS_SetControlElectrodesEnablers)
    TSS_SetSystemConfig                      0x00005321   Thumb Code   742  tss_main.o(i.TSS_SetSystemConfig)
    TSS_SubUInt16WithUInt16ToSInt16          0x00005649   Thumb Code    40  tss_filters.o(i.TSS_SubUInt16WithUInt16ToSInt16)
    TSS_Task                                 0x00005675   Thumb Code   182  tss_main.o(i.TSS_Task)
    TSS_TriggerConfig                        0x00005745   Thumb Code    98  tss_main.o(i.TSS_TriggerConfig)
    TSS_TriggerControl                       0x000057b1   Thumb Code    60  tss_main.o(i.TSS_TriggerControl)
    __ARM_clz                                0x000057f5   Thumb Code    46  depilogue.o(i.__ARM_clz)
    __ARM_common_switch8                     0x00005823   Thumb Code    26  tss_sensortsil.o(i.__ARM_common_switch8)
    __ARM_fpclassify                         0x0000583d   Thumb Code    40  fpclassify.o(i.__ARM_fpclassify)
    __kernel_poly                            0x00005869   Thumb Code   172  poly.o(i.__kernel_poly)
    __mathlib_dbl_infnan                     0x00005915   Thumb Code    10  dunder.o(i.__mathlib_dbl_infnan)
    __mathlib_dbl_infnan2                    0x0000591f   Thumb Code     8  dunder.o(i.__mathlib_dbl_infnan2)
    __mathlib_dbl_underflow                  0x00005929   Thumb Code    14  dunder.o(i.__mathlib_dbl_underflow)
    __scatterload_copy                       0x0000593d   Thumb Code    14  handlers.o(i.__scatterload_copy)
    __scatterload_zeroinit                   0x0000594b   Thumb Code    14  handlers.o(i.__scatterload_zeroinit)
    __set_errno                              0x00005959   Thumb Code     6  errno.o(i.__set_errno)
    atan                                     0x00005965   Thumb Code   472  atan.o(i.atan)
    atan2                                    0x00005b81   Thumb Code   334  atan2.o(i.atan2)
    sqrt                                     0x00005cf9   Thumb Code    66  sqrt.o(i.sqrt)
    tss_faSampleElectrode                    0x00005d40   Data           8  tss_sensor.o(.constdata)
    tss_acp8ElectrodeROMData                 0x00005d48   Data           8  tss_sensor.o(.constdata)
    TSS_TSIL0_METHOD_ROMDATA_CONTEXT         0x00005d50   Data          16  tss_sensortsil.o(.constdata)
    TSS_E0_ROMDATA_CONTEXT                   0x00005d60   Data          12  tss_sensortsil.o(.constdata)
    TSS_E1_ROMDATA_CONTEXT                   0x00005d6c   Data          12  tss_sensortsil.o(.constdata)
    TSS_C0_STRUCTURE_ROM_CONTEXT             0x00005d7c   Data          28  tss_systemsetupdata.o(.constdata)
    tss_faCallback                           0x00005d98   Data           4  tss_systemsetupdata.o(.constdata)
    tss_acpsDecRAMContext                    0x00005d9c   Data           4  tss_systemsetupdata.o(.constdata)
    tss_acpsDecROMContext                    0x00005da0   Data           4  tss_systemsetupdata.o(.constdata)
    tss_acpsCSStructs                        0x00005da4   Data           4  tss_systemsetupdata.o(.constdata)
    tss_faDecoders                           0x00005da8   Data           4  tss_systemsetupdata.o(.constdata)
    tss_cau8ShieldPairs                      0x00005dac   Data           1  tss_systemsetupdata.o(.constdata)
    tss_cau8SignalDivider                    0x00005dad   Data           2  tss_systemsetupdata.o(.constdata)
    tss_fDecodersControl                     0x00005db0   Data           4  tss_systemsetupdata.o(.constdata)
    tss_cu8NumElecs                          0x00005db4   Data           1  tss_systemsetupdata.o(.constdata)
    tss_cu8NumCtrls                          0x00005db5   Data           1  tss_systemsetupdata.o(.constdata)
    tss_cu8ElecBitFldLn                      0x00005db6   Data           1  tss_systemsetupdata.o(.constdata)
    tss_fCalculateIIRFilter                  0x00005db8   Data           4  tss_systemsetupdata.o(.constdata)
    tss_fCalculateShielding                  0x00005dbc   Data           4  tss_systemsetupdata.o(.constdata)
    tss_fInitPrevCapSample                   0x00005dc0   Data           4  tss_systemsetupdata.o(.constdata)
    tss_fFillDeltaLogBuffer                  0x00005dc4   Data           4  tss_systemsetupdata.o(.constdata)
    tss_fFillSignalLogBuffer                 0x00005dc8   Data           4  tss_systemsetupdata.o(.constdata)
    tss_fDataCorruptionCheck                 0x00005dcc   Data           4  tss_systemsetupdata.o(.constdata)
    tss_fFmstrCall                           0x00005dd0   Data           4  tss_systemsetupdata.o(.constdata)
    tss_fTriggerConfig                       0x00005dd4   Data           4  tss_systemsetupdata.o(.constdata)
    tss_fTriggerControl                      0x00005dd8   Data           4  tss_systemsetupdata.o(.constdata)
    tss_fLowPowerConfig                      0x00005ddc   Data           4  tss_systemsetupdata.o(.constdata)
    tss_fOnFault                             0x00005de0   Data           4  tss_systemsetupdata.o(.constdata)
    tss_fOnInit                              0x00005de4   Data           4  tss_systemsetupdata.o(.constdata)
    tss_cu8APosFilterWeight                  0x00005de8   Data           1  tss_systemsetupdata.o(.constdata)
    tss_fASliderCalculatePosIIRFilter        0x00005dec   Data           4  tss_systemsetupdata.o(.constdata)
    tss_fASliderDelayControl                 0x00005df0   Data           4  tss_systemsetupdata.o(.constdata)
    tss_cu8ASliderTrendBufferLength          0x00005df4   Data           1  tss_systemsetupdata.o(.constdata)
    tss_i8ASliderTrendThreshold              0x00005df5   Data           1  tss_systemsetupdata.o(.constdata)
    tss_fASliderTrendThreshold               0x00005df8   Data           4  tss_systemsetupdata.o(.constdata)
    tss_fASliderTrendControl                 0x00005dfc   Data           4  tss_systemsetupdata.o(.constdata)
    tss_fOnProximity                         0x00005e00   Data           4  tss_systemsetupdata.o(.constdata)
    tss_fProximityConfig                     0x00005e04   Data           4  tss_systemsetupdata.o(.constdata)
    tss_fStuckKeyControl                     0x00005e08   Data           4  tss_systemsetupdata.o(.constdata)
    tss_fResetStuckKeyCounter                0x00005e0c   Data           4  tss_systemsetupdata.o(.constdata)
    tss_fNegativeBaselineDrop                0x00005e10   Data           4  tss_systemsetupdata.o(.constdata)
    tss_fKeyDetectorRecalibrationRequest     0x00005e14   Data           4  tss_systemsetupdata.o(.constdata)
    tss_fSignalDivider                       0x00005e18   Data           4  tss_systemsetupdata.o(.constdata)
    tss_fSignalMultiplier                    0x00005e1c   Data           4  tss_systemsetupdata.o(.constdata)
    tss_fAutoCalibration                     0x00005e20   Data           4  tss_systemsetupdata.o(.constdata)
    tss_fSensitivityLowLimitControl          0x00005e24   Data           4  tss_systemsetupdata.o(.constdata)
    tss_fDeltaNoiseAnalysisIIRControl        0x00005e28   Data           4  tss_systemsetupdata.o(.constdata)
    tss_cu8BaselineInitLength                0x00005e2c   Data           1  tss_systemsetupdata.o(.constdata)
    tss_cu8AutoCalibInitLength               0x00005e2d   Data           1  tss_systemsetupdata.o(.constdata)
    tss_ci8DeltaNoiseAnalysisIIRWeights      0x00005e2e   Data           2  tss_systemsetupdata.o(.constdata)
    tss_csKeyBasicASCContext                 0x00005e30   Data           6  tss_systemsetupdata.o(.constdata)
    tss_fKeyDetectorElectrodeEval            0x00005e38   Data           4  tss_systemsetupdata.o(.constdata)
    tss_fKeyDetectorIntegrationResetEval     0x00005e3c   Data           4  tss_systemsetupdata.o(.constdata)
    tss_fKeyNoiseSchedulerInit               0x00005e40   Data           4  tss_systemsetupdata.o(.constdata)
    tss_fKeyNoiseSchedulerRun                0x00005e44   Data           4  tss_systemsetupdata.o(.constdata)
    __mathlib_zero                           0x00005ee0   Data           8  qnan.o(.constdata)
    Region$$Table$$Base                      0x00005efc   Number         0  anon$$obj.o(Region$$Table)
    Region$$Table$$Limit                     0x00005f1c   Number         0  anon$$obj.o(Region$$Table)
    prevSliderPos                            0x1ffffc00   Data           4  events.o(.data)
    mcg_clk_hz                               0x1ffffc2c   Data           4  sysinit_kl25.o(.data)
    tss_u8SampleIntFlag                      0x1ffffc30   Data           1  tss_sensor.o(.data)
    cASlider1                                0x1ffffc31   Data           8  tss_systemsetupdata.o(.data)
    TSS_C0_STRUCTURE_RAM_CONTEXT             0x1ffffc3a   Data           2  tss_systemsetupdata.o(.data)
    TSS_C0_POSFILTER_CONTEXT                 0x1ffffc3c   Data           2  tss_systemsetupdata.o(.data)
    TSS_C0_TREND_CONTEXT                     0x1ffffc3e   Data           3  tss_systemsetupdata.o(.data)
    tss_au8Sensitivity                       0x1ffffc41   Data           2  tss_systemsetupdata.o(.data)
    tss_au8ElectrodeEnablers                 0x1ffffc43   Data           1  tss_systemsetupdata.o(.data)
    tss_au8ElectrodeStatus                   0x1ffffc44   Data           1  tss_systemsetupdata.o(.data)
    tss_au16ElecBaseline                     0x1ffffc46   Data           4  tss_systemsetupdata.o(.data)
    tss_au8ElectrodeMeasured                 0x1ffffc4a   Data           1  tss_systemsetupdata.o(.data)
    tss_au8ElectrodeMarker                   0x1ffffc4b   Data           1  tss_systemsetupdata.o(.data)
    tss_au8ElectrodeLowThresholdEnablers     0x1ffffc4c   Data           1  tss_systemsetupdata.o(.data)
    tss_au8ElectrodeDCTrackerEnablers        0x1ffffc4d   Data           1  tss_systemsetupdata.o(.data)
    tss_au8DebounceCount                     0x1ffffc4e   Data           2  tss_systemsetupdata.o(.data)
    tss_au8TouchCount                        0x1ffffc50   Data           2  tss_systemsetupdata.o(.data)
    tss_au8ReleaseCount                      0x1ffffc52   Data           2  tss_systemsetupdata.o(.data)
    tss_au8ElecState                         0x1ffffc54   Data           2  tss_systemsetupdata.o(.data)
    tss_au8ControlScheduleCount              0x1ffffc56   Data           1  tss_systemsetupdata.o(.data)
    tss_au16PrevCapSample                    0x1ffffc58   Data           4  tss_systemsetupdata.o(.data)
    tss_ai8InstantDelta                      0x1ffffc5c   Data           2  tss_systemsetupdata.o(.data)
    tss_au16InstantSignal                    0x1ffffc5e   Data           4  tss_systemsetupdata.o(.data)
    tss_u8ConfCheckSum                       0x1ffffc62   Data           1  tss_systemsetupdata.o(.data)
    tss_au8StuckCount                        0x1ffffc63   Data           2  tss_systemsetupdata.o(.data)
    tss_ai8MaxDeltaAmplitude                 0x1ffffc65   Data           2  tss_systemsetupdata.o(.data)
    tss_ai8DeltaAmplitude                    0x1ffffc67   Data           2  tss_systemsetupdata.o(.data)
    tss_asAutoCalibrationData                0x1ffffc69   Data           6  tss_systemsetupdata.o(.data)
    tss_ai8NoiseAmplitude                    0x1ffffc6f   Data           2  tss_systemsetupdata.o(.data)
    tss_ai8SensitivityLowLimit               0x1ffffc71   Data           1  tss_systemsetupdata.o(.data)
    BoardTilted                              0x1ffffc74   Data           1  main.o(.data)
    u16LPcounter                             0x1ffffc76   Data           2  main.o(.data)
    SliderPos                                0x1ffffc88   Data           1  project1.o(.data)
    step_delay                               0x1ffffc8a   Data           2  project1.o(.data)
    LED_on                                   0x1ffffc8c   Data           4  project1.o(.data)
    roll                                     0x1ffffc90   Data           1  mma8451.o(.data)
    pitch                                    0x1ffffc91   Data           1  mma8451.o(.data)
    acc_X                                    0x1ffffc92   Data           2  mma8451.o(.data)
    acc_Y                                    0x1ffffc94   Data           2  mma8451.o(.data)
    acc_Z                                    0x1ffffc96   Data           2  mma8451.o(.data)
    PIT_interrupt_counter                    0x1ffffc98   Data           4  timers.o(.data)
    tss_u16CapSample                         0x1ffffca2   Data           2  tss_keydetector.o(.data)
    TSS_TSIL0_METHOD_RAMDATA_CONTEXT         0x1ffffd1c   Data          10  tss_sensortsil.o(.bss)
    TSS_TSIL0_CHANNEL_COUNTER_BUFFER         0x1ffffd26   Data          32  tss_sensortsil.o(.bss)
    TSS_C0_TREND_BUFFER                      0x1ffffd46   Data          32  tss_systemsetupdata.o(.bss)
    tss_CSSys                                0x1ffffd66   Data          12  tss_systemsetupdata.o(.bss)
    tss_asDeltaNoiseAnalysisIIRData          0x1ffffd72   Data          12  tss_systemsetupdata.o(.bss)
    __initial_sp                             0x20000180   Data           0  startup_mkl25z4.o(STACK)



==============================================================================

Memory Map of the image

  Image Entry point : 0x000000c1

  Load Region LR_IROM1 (Base: 0x00000000, Size: 0x00005fcc, Max: 0x00008000, ABSOLUTE)

    Execution Region ER_IROM1 (Base: 0x00000000, Size: 0x00005f1c, Max: 0x00008000, ABSOLUTE)

    Base Addr    Size         Type   Attr      Idx    E Section Name        Object

    0x00000000   0x000000c0   Data   RO          589    RESET               startup_mkl25z4.o
    0x000000c0   0x00000000   Code   RO          973  * .ARM.Collect$$$$00000000  mc_p.l(entry.o)
    0x000000c0   0x00000004   Code   RO         1031    .ARM.Collect$$$$00000001  mc_p.l(entry2.o)
    0x000000c4   0x00000004   Code   RO         1034    .ARM.Collect$$$$00000004  mc_p.l(entry5.o)
    0x000000c8   0x00000000   Code   RO         1036    .ARM.Collect$$$$00000008  mc_p.l(entry7b.o)
    0x000000c8   0x00000000   Code   RO         1038    .ARM.Collect$$$$0000000A  mc_p.l(entry8b.o)
    0x000000c8   0x00000008   Code   RO         1039    .ARM.Collect$$$$0000000B  mc_p.l(entry9a.o)
    0x000000d0   0x00000000   Code   RO         1041    .ARM.Collect$$$$0000000D  mc_p.l(entry10a.o)
    0x000000d0   0x00000000   Code   RO         1043    .ARM.Collect$$$$0000000F  mc_p.l(entry11a.o)
    0x000000d0   0x00000004   Code   RO         1032    .ARM.Collect$$$$00002712  mc_p.l(entry2.o)
    0x000000d4   0x000000d8   Code   RO            1    .text               app_init.o
    0x000001ac   0x000000cc   Code   RO           59    .text               events.o
    0x00000278   0x00000094   Code   RO          170    .text               freemaster_scope.o
    0x0000030c   0x000000cc   Code   RO          212    .text               freemaster_kxx.o
    0x000003d8   0x0000000c   Code   RO          292    .text               wdog_kl25.o
    0x000003e4   0x0000000c   Code   RO          438    .text               tss_systemsetupdata.o
    0x000003f0   0x0000000c   Code   RO          598    .text               system_mkl25z4.o
    0x000003fc   0x00000000   Code   RO         1054    .text               mc_p.l(iusefp.o)
    0x000003fc   0x00000002   Code   RO         1080    i.__scatterload_null  mc_p.l(handlers.o)
    0x000003fe   0x00000002   Data   RO          442    .constdata          tss_systemsetupdata.o
    0x00000400   0x00000010   Code   RO          590    .ARM.__at_0x400     startup_mkl25z4.o
    0x00000410   0x000001c4   Code   RO          145    .text               freemaster_protocol.o
    0x000005d4   0x00000278   Code   RO          185    .text               freemaster_serial.o
    0x0000084c   0x00000158   Code   RO          200    .text               freemaster_tsa.o
    0x000009a4   0x0000006c   Code   RO          227    .text               arm_cm0.o
    0x00000a10   0x000000a4   Code   RO          239    .text               sysinit_kl25.o
    0x00000ab4   0x00001398   Code   RO          273    .text               mcg_kl25.o
    0x00001e4c   0x000000f0   Code   RO          304    .text               uart_kl25.o
    0x00001f3c   0x0000002c   Code   RO          331    .text               tss_sensor.o
    0x00001f68   0x000008ac   Code   RO          408    .text               tss_sensortsil.o
    0x00002814   0x000000c4   Code   RO          553    .text               main.o
    0x000028d8   0x0000001c   Code   RO          591    .text               startup_mkl25z4.o
    0x000028f4   0x00000218   Code   RO          610    .text               board.o
    0x00002b0c   0x00000078   Code   RO          626    .text               project1.o
    0x00002b84   0x00000018   Code   RO          648    .text               delay.o
    0x00002b9c   0x00000190   Code   RO          684    .text               i2c.o
    0x00002d2c   0x0000019c   Code   RO          730    .text               mma8451.o
    0x00002ec8   0x00000150   Code   RO          757    .text               timers.o
    0x00003018   0x0000002c   Code   RO          976    .text               mc_p.l(uidiv.o)
    0x00003044   0x00000028   Code   RO          978    .text               mc_p.l(idiv.o)
    0x0000306c   0x000000b2   Code   RO          980    .text               mf_p.l(fadd.o)
    0x0000311e   0x0000007a   Code   RO          982    .text               mf_p.l(fmul.o)
    0x00003198   0x0000007c   Code   RO          984    .text               mf_p.l(fdiv.o)
    0x00003214   0x00000018   Code   RO          986    .text               mf_p.l(fscalb.o)
    0x0000322c   0x000000d0   Code   RO          988    .text               mf_p.l(dmul.o)
    0x000032fc   0x000000f0   Code   RO          990    .text               mf_p.l(ddiv.o)
    0x000033ec   0x0000002c   Code   RO          992    .text               mf_p.l(dscalb.o)
    0x00003418   0x00000016   Code   RO          994    .text               mf_p.l(fflti.o)
    0x0000342e   0x00000002   PAD
    0x00003430   0x00000028   Code   RO          996    .text               mf_p.l(dflti.o)
    0x00003458   0x00000028   Code   RO          998    .text               mf_p.l(ffixui.o)
    0x00003480   0x0000003c   Code   RO         1000    .text               mf_p.l(dfixui.o)
    0x000034bc   0x00000028   Code   RO         1002    .text               mf_p.l(f2d.o)
    0x000034e4   0x00000038   Code   RO         1004    .text               mf_p.l(d2f.o)
    0x0000351c   0x00000022   Code   RO         1045    .text               mc_p.l(llushr.o)
    0x0000353e   0x00000082   Code   RO         1055    .text               mf_p.l(fepilogue.o)
    0x000035c0   0x000000be   Code   RO         1057    .text               mf_p.l(depilogue.o)
    0x0000367e   0x00000002   PAD
    0x00003680   0x00000164   Code   RO         1061    .text               mf_p.l(dadd.o)
    0x000037e4   0x000000a2   Code   RO         1063    .text               mf_p.l(dsqrt.o)
    0x00003886   0x00000002   PAD
    0x00003888   0x00000024   Code   RO         1071    .text               mc_p.l(init.o)
    0x000038ac   0x00000020   Code   RO         1073    .text               mc_p.l(llshl.o)
    0x000038cc   0x00000026   Code   RO         1075    .text               mc_p.l(llsshr.o)
    0x000038f2   0x00000002   PAD
    0x000038f4   0x0000006c   Code   RO          785    i.TSS_ASliderCalculatePosIIRFilter  TSS_KXX_M0.lib(tss_asliderdecoder.o)
    0x00003960   0x00000458   Code   RO          786    i.TSS_ASliderDecoder  TSS_KXX_M0.lib(tss_asliderdecoder.o)
    0x00003db8   0x000000ec   Code   RO          788    i.TSS_ASliderTrendControl  TSS_KXX_M0.lib(tss_asliderdecoder.o)
    0x00003ea4   0x00000028   Code   RO          789    i.TSS_ASliderTrendThreshold  TSS_KXX_M0.lib(tss_asliderdecoder.o)
    0x00003ecc   0x00000094   Code   RO          888    i.TSS_BrowseModules  TSS_KXX_M0.lib(tss_main.o)
    0x00003f60   0x00000016   Code   RO          799    i.TSS_CutSInt16ToSInt8  TSS_KXX_M0.lib(tss_filters.o)
    0x00003f76   0x00000002   PAD
    0x00003f78   0x000000bc   Code   RO          889    i.TSS_DataCorruptionCheck  TSS_KXX_M0.lib(tss_main.o)
    0x00004034   0x00000078   Code   RO          890    i.TSS_DecodersControl  TSS_KXX_M0.lib(tss_main.o)
    0x000040ac   0x0000007c   Code   RO          891    i.TSS_FaultEvaluation  TSS_KXX_M0.lib(tss_main.o)
    0x00004128   0x00000110   Code   RO          900    i.TSS_GetSystemConfig  TSS_KXX_M0.lib(tss_main.o)
    0x00004238   0x0000006c   Code   RO          901    i.TSS_Init          TSS_KXX_M0.lib(tss_main.o)
    0x000042a4   0x00000054   Code   RO          902    i.TSS_InitInternalArrays  TSS_KXX_M0.lib(tss_main.o)
    0x000042f8   0x00000058   Code   RO          903    i.TSS_InitRegisterArrays  TSS_KXX_M0.lib(tss_main.o)
    0x00004350   0x00000074   Code   RO          872    i.TSS_KeyBasicDeltaNoiseAnalysisIIRControl  TSS_KXX_M0.lib(tss_keydetectornormal.o)
    0x000043c4   0x00000198   Code   RO          873    i.TSS_KeyBasicDetect  TSS_KXX_M0.lib(tss_keydetectornormal.o)
    0x0000455c   0x00000290   Code   RO          874    i.TSS_KeyBasicElectrodeEval  TSS_KXX_M0.lib(tss_keydetectornormal.o)
    0x000047ec   0x00000074   Code   RO          875    i.TSS_KeyBasicEvaluateNoiseData  TSS_KXX_M0.lib(tss_keydetectornormal.o)
    0x00004860   0x00000090   Code   RO          877    i.TSS_KeyBasicNegativeBaselineDrop  TSS_KXX_M0.lib(tss_keydetectornormal.o)
    0x000048f0   0x00000240   Code   RO          878    i.TSS_KeyBasicSensAutoCalibration  TSS_KXX_M0.lib(tss_keydetectornormal.o)
    0x00004b30   0x0000004c   Code   RO          879    i.TSS_KeyBasicStuckKeyControl  TSS_KXX_M0.lib(tss_keydetectornormal.o)
    0x00004b7c   0x00000020   Code   RO          823    i.TSS_KeyDetectorCalculateDelta  TSS_KXX_M0.lib(tss_keydetector.o)
    0x00004b9c   0x0000001c   Code   RO          800    i.TSS_KeyDetectorCalculateIIRFilter  TSS_KXX_M0.lib(tss_filters.o)
    0x00004bb8   0x00000020   Code   RO          824    i.TSS_KeyDetectorCalibrate  TSS_KXX_M0.lib(tss_keydetector.o)
    0x00004bd8   0x0000003c   Code   RO          825    i.TSS_KeyDetectorDCTrackerEvalExecution  TSS_KXX_M0.lib(tss_keydetector.o)
    0x00004c14   0x00000030   Code   RO          826    i.TSS_KeyDetectorElectrodeStatusUpdate  TSS_KXX_M0.lib(tss_keydetector.o)
    0x00004c44   0x00000026   Code   RO          827    i.TSS_KeyDetectorFaultDecoder  TSS_KXX_M0.lib(tss_keydetector.o)
    0x00004c6a   0x00000002   PAD
    0x00004c6c   0x00000010   Code   RO          828    i.TSS_KeyDetectorFillDeltaLogBuffer  TSS_KXX_M0.lib(tss_keydetector.o)
    0x00004c7c   0x00000014   Code   RO          829    i.TSS_KeyDetectorFillSignalLogBuffer  TSS_KXX_M0.lib(tss_keydetector.o)
    0x00004c90   0x0000000c   Code   RO          830    i.TSS_KeyDetectorGetDCTrackerCounter  TSS_KXX_M0.lib(tss_keydetector.o)
    0x00004c9c   0x00000040   Code   RO          831    i.TSS_KeyDetectorGetElectrodeEnablerStatus  TSS_KXX_M0.lib(tss_keydetector.o)
    0x00004cdc   0x00000040   Code   RO          832    i.TSS_KeyDetectorGetElectrodeGroupStatus  TSS_KXX_M0.lib(tss_keydetector.o)
    0x00004d1c   0x00000040   Code   RO          833    i.TSS_KeyDetectorGetShieldElectrodeReleaseStatus  TSS_KXX_M0.lib(tss_keydetector.o)
    0x00004d5c   0x0000000c   Code   RO          834    i.TSS_KeyDetectorGetSlowDCTrackerCounter  TSS_KXX_M0.lib(tss_keydetector.o)
    0x00004d68   0x00000040   Code   RO          835    i.TSS_KeyDetectorInit  TSS_KXX_M0.lib(tss_keydetector.o)
    0x00004da8   0x00000014   Code   RO          802    i.TSS_KeyDetectorInitPrevCapSample  TSS_KXX_M0.lib(tss_filters.o)
    0x00004dbc   0x00000198   Code   RO          836    i.TSS_KeyDetectorMain  TSS_KXX_M0.lib(tss_keydetector.o)
    0x00004f54   0x00000088   Code   RO          838    i.TSS_KeyDetectorRecalibrateElectrode  TSS_KXX_M0.lib(tss_keydetector.o)
    0x00004fdc   0x00000014   Code   RO          839    i.TSS_KeyDetectorRecalibrateModules  TSS_KXX_M0.lib(tss_keydetector.o)
    0x00004ff0   0x00000010   Code   RO          840    i.TSS_KeyDetectorRecalibrationRequest  TSS_KXX_M0.lib(tss_keydetector.o)
    0x00005000   0x00000024   Code   RO          841    i.TSS_KeyDetectorReleaseElectrode  TSS_KXX_M0.lib(tss_keydetector.o)
    0x00005024   0x00000014   Code   RO          842    i.TSS_KeyDetectorResetElectrode  TSS_KXX_M0.lib(tss_keydetector.o)
    0x00005038   0x0000001c   Code   RO          843    i.TSS_KeyDetectorResetElectrodeDebouncing  TSS_KXX_M0.lib(tss_keydetector.o)
    0x00005054   0x00000024   Code   RO          844    i.TSS_KeyDetectorResetElectrodeMeasured  TSS_KXX_M0.lib(tss_keydetector.o)
    0x00005078   0x0000000c   Code   RO          845    i.TSS_KeyDetectorResetStuckKeyCounter  TSS_KXX_M0.lib(tss_keydetector.o)
    0x00005084   0x00000044   Code   RO          846    i.TSS_KeyDetectorRestartElectrode  TSS_KXX_M0.lib(tss_keydetector.o)
    0x000050c8   0x0000001c   Code   RO          803    i.TSS_KeyDetectorSignalDivider  TSS_KXX_M0.lib(tss_filters.o)
    0x000050e4   0x000000a0   Code   RO          909    i.TSS_LowPowerConfig  TSS_KXX_M0.lib(tss_main.o)
    0x00005184   0x000000fc   Code   RO          791    i.TSS_SetASliderConfig  TSS_KXX_M0.lib(tss_asliderdecoder.o)
    0x00005280   0x000000a0   Code   RO          911    i.TSS_SetControlElectrodesEnablers  TSS_KXX_M0.lib(tss_main.o)
    0x00005320   0x00000328   Code   RO          913    i.TSS_SetSystemConfig  TSS_KXX_M0.lib(tss_main.o)
    0x00005648   0x0000002c   Code   RO          808    i.TSS_SubUInt16WithUInt16ToSInt16  TSS_KXX_M0.lib(tss_filters.o)
    0x00005674   0x000000d0   Code   RO          918    i.TSS_Task          TSS_KXX_M0.lib(tss_main.o)
    0x00005744   0x0000006c   Code   RO          920    i.TSS_TriggerConfig  TSS_KXX_M0.lib(tss_main.o)
    0x000057b0   0x00000044   Code   RO          921    i.TSS_TriggerControl  TSS_KXX_M0.lib(tss_main.o)
    0x000057f4   0x0000002e   Code   RO         1059    i.__ARM_clz         mf_p.l(depilogue.o)
    0x00005822   0x0000001a   Code   RO          426    i.__ARM_common_switch8  tss_sensortsil.o
    0x0000583c   0x0000002c   Code   RO         1067    i.__ARM_fpclassify  m_ps.l(fpclassify.o)
    0x00005868   0x000000ac   Code   RO         1069    i.__kernel_poly     m_ps.l(poly.o)
    0x00005914   0x0000000a   Code   RO         1017    i.__mathlib_dbl_infnan  m_ps.l(dunder.o)
    0x0000591e   0x00000008   Code   RO         1018    i.__mathlib_dbl_infnan2  m_ps.l(dunder.o)
    0x00005926   0x00000002   PAD
    0x00005928   0x00000014   Code   RO         1022    i.__mathlib_dbl_underflow  m_ps.l(dunder.o)
    0x0000593c   0x0000000e   Code   RO         1079    i.__scatterload_copy  mc_p.l(handlers.o)
    0x0000594a   0x0000000e   Code   RO         1081    i.__scatterload_zeroinit  mc_p.l(handlers.o)
    0x00005958   0x0000000c   Code   RO         1049    i.__set_errno       mc_p.l(errno.o)
    0x00005964   0x0000021c   Code   RO         1007    i.atan              m_ps.l(atan.o)
    0x00005b80   0x00000178   Code   RO          958    i.atan2             m_ps.l(atan2.o)
    0x00005cf8   0x00000048   Code   RO          966    i.sqrt              m_ps.l(sqrt.o)
    0x00005d40   0x00000008   Data   RO          332    .constdata          tss_sensor.o
    0x00005d48   0x00000008   Data   RO          334    .constdata          tss_sensor.o
    0x00005d50   0x00000010   Data   RO          410    .constdata          tss_sensortsil.o
    0x00005d60   0x0000000c   Data   RO          411    .constdata          tss_sensortsil.o
    0x00005d6c   0x0000000c   Data   RO          412    .constdata          tss_sensortsil.o
    0x00005d78   0x00000004   Data   RO          413    .constdata          tss_sensortsil.o
    0x00005d7c   0x0000001c   Data   RO          443    .constdata          tss_systemsetupdata.o
    0x00005d98   0x00000004   Data   RO          444    .constdata          tss_systemsetupdata.o
    0x00005d9c   0x00000004   Data   RO          445    .constdata          tss_systemsetupdata.o
    0x00005da0   0x00000004   Data   RO          446    .constdata          tss_systemsetupdata.o
    0x00005da4   0x00000004   Data   RO          447    .constdata          tss_systemsetupdata.o
    0x00005da8   0x00000004   Data   RO          448    .constdata          tss_systemsetupdata.o
    0x00005dac   0x00000001   Data   RO          449    .constdata          tss_systemsetupdata.o
    0x00005dad   0x00000002   Data   RO          450    .constdata          tss_systemsetupdata.o
    0x00005daf   0x00000001   PAD
    0x00005db0   0x00000004   Data   RO          453    .constdata          tss_systemsetupdata.o
    0x00005db4   0x00000001   Data   RO          454    .constdata          tss_systemsetupdata.o
    0x00005db5   0x00000001   Data   RO          455    .constdata          tss_systemsetupdata.o
    0x00005db6   0x00000001   Data   RO          456    .constdata          tss_systemsetupdata.o
    0x00005db7   0x00000001   PAD
    0x00005db8   0x00000004   Data   RO          458    .constdata          tss_systemsetupdata.o
    0x00005dbc   0x00000004   Data   RO          459    .constdata          tss_systemsetupdata.o
    0x00005dc0   0x00000004   Data   RO          460    .constdata          tss_systemsetupdata.o
    0x00005dc4   0x00000004   Data   RO          461    .constdata          tss_systemsetupdata.o
    0x00005dc8   0x00000004   Data   RO          463    .constdata          tss_systemsetupdata.o
    0x00005dcc   0x00000004   Data   RO          464    .constdata          tss_systemsetupdata.o
    0x00005dd0   0x00000004   Data   RO          465    .constdata          tss_systemsetupdata.o
    0x00005dd4   0x00000004   Data   RO          466    .constdata          tss_systemsetupdata.o
    0x00005dd8   0x00000004   Data   RO          467    .constdata          tss_systemsetupdata.o
    0x00005ddc   0x00000004   Data   RO          468    .constdata          tss_systemsetupdata.o
    0x00005de0   0x00000004   Data   RO          469    .constdata          tss_systemsetupdata.o
    0x00005de4   0x00000004   Data   RO          470    .constdata          tss_systemsetupdata.o
    0x00005de8   0x00000001   Data   RO          471    .constdata          tss_systemsetupdata.o
    0x00005de9   0x00000003   PAD
    0x00005dec   0x00000004   Data   RO          472    .constdata          tss_systemsetupdata.o
    0x00005df0   0x00000004   Data   RO          474    .constdata          tss_systemsetupdata.o
    0x00005df4   0x00000001   Data   RO          475    .constdata          tss_systemsetupdata.o
    0x00005df5   0x00000001   Data   RO          476    .constdata          tss_systemsetupdata.o
    0x00005df6   0x00000002   PAD
    0x00005df8   0x00000004   Data   RO          477    .constdata          tss_systemsetupdata.o
    0x00005dfc   0x00000004   Data   RO          478    .constdata          tss_systemsetupdata.o
    0x00005e00   0x00000004   Data   RO          481    .constdata          tss_systemsetupdata.o
    0x00005e04   0x00000004   Data   RO          482    .constdata          tss_systemsetupdata.o
    0x00005e08   0x00000004   Data   RO          483    .constdata          tss_systemsetupdata.o
    0x00005e0c   0x00000004   Data   RO          484    .constdata          tss_systemsetupdata.o
    0x00005e10   0x00000004   Data   RO          485    .constdata          tss_systemsetupdata.o
    0x00005e14   0x00000004   Data   RO          486    .constdata          tss_systemsetupdata.o
    0x00005e18   0x00000004   Data   RO          487    .constdata          tss_systemsetupdata.o
    0x00005e1c   0x00000004   Data   RO          488    .constdata          tss_systemsetupdata.o
    0x00005e20   0x00000004   Data   RO          489    .constdata          tss_systemsetupdata.o
    0x00005e24   0x00000004   Data   RO          490    .constdata          tss_systemsetupdata.o
    0x00005e28   0x00000004   Data   RO          491    .constdata          tss_systemsetupdata.o
    0x00005e2c   0x00000001   Data   RO          492    .constdata          tss_systemsetupdata.o
    0x00005e2d   0x00000001   Data   RO          493    .constdata          tss_systemsetupdata.o
    0x00005e2e   0x00000002   Data   RO          494    .constdata          tss_systemsetupdata.o
    0x00005e30   0x00000006   Data   RO          495    .constdata          tss_systemsetupdata.o
    0x00005e36   0x00000002   PAD
    0x00005e38   0x00000004   Data   RO          497    .constdata          tss_systemsetupdata.o
    0x00005e3c   0x00000004   Data   RO          498    .constdata          tss_systemsetupdata.o
    0x00005e40   0x00000004   Data   RO          499    .constdata          tss_systemsetupdata.o
    0x00005e44   0x00000004   Data   RO          500    .constdata          tss_systemsetupdata.o
    0x00005e48   0x00000098   Data   RO         1008    .constdata          m_ps.l(atan.o)
    0x00005ee0   0x00000008   Data   RO         1030    .constdata          m_ps.l(qnan.o)
    0x00005ee8   0x00000012   Data   RO          554    .conststring        main.o
    0x00005efa   0x00000002   PAD
    0x00005efc   0x00000020   Data   RO         1077    Region$$Table       anon$$obj.o


    Execution Region RW_IRAM1 (Base: 0x1ffffc00, Size: 0x00000580, Max: 0x00001000, ABSOLUTE)

    Base Addr    Size         Type   Attr      Idx    E Section Name        Object

    0x1ffffc00   0x00000004   Data   RW           60    .data               events.o
    0x1ffffc04   0x00000009   Data   RW          172    .data               freemaster_scope.o
    0x1ffffc0d   0x00000003   PAD
    0x1ffffc10   0x00000018   Data   RW          187    .data               freemaster_serial.o
    0x1ffffc28   0x00000001   Data   RW          213    .data               freemaster_kxx.o
    0x1ffffc29   0x00000003   PAD
    0x1ffffc2c   0x00000004   Data   RW          240    .data               sysinit_kl25.o
    0x1ffffc30   0x00000001   Data   RW          337    .data               tss_sensor.o
    0x1ffffc31   0x00000008   Data   RW          503    .data               tss_systemsetupdata.o
    0x1ffffc39   0x00000001   PAD
    0x1ffffc3a   0x00000002   Data   RW          504    .data               tss_systemsetupdata.o
    0x1ffffc3c   0x00000002   Data   RW          506    .data               tss_systemsetupdata.o
    0x1ffffc3e   0x00000003   Data   RW          508    .data               tss_systemsetupdata.o
    0x1ffffc41   0x00000002   Data   RW          510    .data               tss_systemsetupdata.o
    0x1ffffc43   0x00000001   Data   RW          511    .data               tss_systemsetupdata.o
    0x1ffffc44   0x00000001   Data   RW          512    .data               tss_systemsetupdata.o
    0x1ffffc45   0x00000001   PAD
    0x1ffffc46   0x00000004   Data   RW          513    .data               tss_systemsetupdata.o
    0x1ffffc4a   0x00000001   Data   RW          514    .data               tss_systemsetupdata.o
    0x1ffffc4b   0x00000001   Data   RW          515    .data               tss_systemsetupdata.o
    0x1ffffc4c   0x00000001   Data   RW          516    .data               tss_systemsetupdata.o
    0x1ffffc4d   0x00000001   Data   RW          517    .data               tss_systemsetupdata.o
    0x1ffffc4e   0x00000002   Data   RW          518    .data               tss_systemsetupdata.o
    0x1ffffc50   0x00000002   Data   RW          519    .data               tss_systemsetupdata.o
    0x1ffffc52   0x00000002   Data   RW          520    .data               tss_systemsetupdata.o
    0x1ffffc54   0x00000002   Data   RW          521    .data               tss_systemsetupdata.o
    0x1ffffc56   0x00000001   Data   RW          522    .data               tss_systemsetupdata.o
    0x1ffffc57   0x00000001   PAD
    0x1ffffc58   0x00000004   Data   RW          523    .data               tss_systemsetupdata.o
    0x1ffffc5c   0x00000002   Data   RW          524    .data               tss_systemsetupdata.o
    0x1ffffc5e   0x00000004   Data   RW          526    .data               tss_systemsetupdata.o
    0x1ffffc62   0x00000001   Data   RW          527    .data               tss_systemsetupdata.o
    0x1ffffc63   0x00000002   Data   RW          528    .data               tss_systemsetupdata.o
    0x1ffffc65   0x00000002   Data   RW          529    .data               tss_systemsetupdata.o
    0x1ffffc67   0x00000002   Data   RW          530    .data               tss_systemsetupdata.o
    0x1ffffc69   0x00000006   Data   RW          531    .data               tss_systemsetupdata.o
    0x1ffffc6f   0x00000002   Data   RW          532    .data               tss_systemsetupdata.o
    0x1ffffc71   0x00000001   Data   RW          533    .data               tss_systemsetupdata.o
    0x1ffffc72   0x00000002   PAD
    0x1ffffc74   0x00000014   Data   RW          555    .data               main.o
    0x1ffffc88   0x00000001   Data   RW          627    .data               project1.o
    0x1ffffc89   0x00000001   PAD
    0x1ffffc8a   0x00000002   Data   RW          628    .data               project1.o
    0x1ffffc8c   0x00000004   Data   RW          629    .data               project1.o
    0x1ffffc90   0x00000008   Data   RW          731    .data               mma8451.o
    0x1ffffc98   0x00000004   Data   RW          758    .data               timers.o
    0x1ffffc9c   0x00000008   Data   RW          847    .data               TSS_KXX_M0.lib(tss_keydetector.o)
    0x1ffffca4   0x00000008   Data   RW          922    .data               TSS_KXX_M0.lib(tss_main.o)
    0x1ffffcac   0x00000004   Data   RW         1050    .data               mc_p.l(errno.o)
    0x1ffffcb0   0x00000020   Zero   RW          171    .bss                freemaster_scope.o
    0x1ffffcd0   0x0000004c   Zero   RW          186    .bss                freemaster_serial.o
    0x1ffffd1c   0x0000002a   Zero   RW          409    .bss                tss_sensortsil.o
    0x1ffffd46   0x00000020   Zero   RW          439    .bss                tss_systemsetupdata.o
    0x1ffffd66   0x0000000c   Zero   RW          440    .bss                tss_systemsetupdata.o
    0x1ffffd72   0x0000000c   Zero   RW          441    .bss                tss_systemsetupdata.o
    0x1ffffd7e   0x00000002   PAD
    0x1ffffd80   0x00000400   Zero   RW          587    STACK               startup_mkl25z4.o


==============================================================================

Image component sizes


      Code (inc. data)   RO Data    RW Data    ZI Data      Debug   Object Name

       216         16          0          0          0     155169   app_init.o
       108         14          0          0          0       1087   arm_cm0.o
       536         76          0          0          0       1725   board.o
        24          6          0          0          0        888   delay.o
       204         34          0          4          0       1374   events.o
         0          0          0          0          0     159984   freemaster_appcmd.o
       204          6          0          1          0       3722   freemaster_kxx.o
       452          0          0          0          0       3633   freemaster_protocol.o
       148          8          0          9         32       2111   freemaster_scope.o
       632         14          0         24         76       3812   freemaster_serial.o
       344          0          0          0          0       2564   freemaster_tsa.o
       400         14          0          0          0       1459   i2c.o
       196         28         18         20          0       2141   main.o
      5016        334          0          0          0      12850   mcg_kl25.o
       412         18          0          8          0       1555   mma8451.o
       120         12          0          7          0       1339   project1.o
        44         24        192          0       1024        936   startup_mkl25z4.o
       164         34          0          4          0       1578   sysinit_kl25.o
        12          0          0          0          0        469   system_mkl25z4.o
       336         62          0          4          0     100814   timers.o
        44         10         16          1          0     146431   tss_sensor.o
         0          0          0          0          0      30817   tss_sensorgpio.o
      2246        100         44          0         42      46086   tss_sensortsil.o
        12          0        197         62         56      29454   tss_systemsetupdata.o
       240         16          0          0          0       1824   uart_kl25.o
        12          4          0          0          0        515   wdog_kl25.o

    ----------------------------------------------------------------------
     12122        830        510        156       1232     714337   Object Totals
         0          0         32          0          0          0   (incl. Generated)
         0          0         11         12          2          0   (incl. Padding)

    ----------------------------------------------------------------------

      Code (inc. data)   RO Data    RW Data    ZI Data      Debug   Library Member Name

      1748        112          0          0          0        380   tss_asliderdecoder.o
       142         30          0          0          0        316   tss_filters.o
      1306        232          0          8          0       1500   tss_keydetector.o
      2092        232          0          0          0        544   tss_keydetectornormal.o
      2644        336          0          8          0       1020   tss_main.o
       540         68        152          0          0        112   atan.o
       376         42          0          0          0        144   atan2.o
        38          6          0          0          0        204   dunder.o
        44          4          0          0          0         60   fpclassify.o
       172          0          0          0          0         76   poly.o
         0          0          8          0          0          0   qnan.o
        72          6          0          0          0         76   sqrt.o
         0          0          0          0          0          0   entry.o
         0          0          0          0          0          0   entry10a.o
         0          0          0          0          0          0   entry11a.o
         8          4          0          0          0          0   entry2.o
         4          0          0          0          0          0   entry5.o
         0          0          0          0          0          0   entry7b.o
         0          0          0          0          0          0   entry8b.o
         8          4          0          0          0          0   entry9a.o
        12          6          0          4          0         60   errno.o
        30          0          0          0          0          0   handlers.o
        40          0          0          0          0         72   idiv.o
        36          8          0          0          0         68   init.o
         0          0          0          0          0          0   iusefp.o
        32          0          0          0          0         68   llshl.o
        38          0          0          0          0         68   llsshr.o
        34          0          0          0          0         68   llushr.o
        44          0          0          0          0         72   uidiv.o
        56          0          0          0          0         68   d2f.o
       356          4          0          0          0        140   dadd.o
       240          6          0          0          0         84   ddiv.o
       236          0          0          0          0        216   depilogue.o
        60         10          0          0          0         68   dfixui.o
        40          6          0          0          0         68   dflti.o
       208          6          0          0          0         88   dmul.o
        44          0          0          0          0         72   dscalb.o
       162          0          0          0          0         80   dsqrt.o
        40          0          0          0          0         60   f2d.o
       178          0          0          0          0        108   fadd.o
       124          0          0          0          0         72   fdiv.o
       130          0          0          0          0        144   fepilogue.o
        40          0          0          0          0         60   ffixui.o
        22          0          0          0          0         68   fflti.o
       122          0          0          0          0         72   fmul.o
        24          0          0          0          0         60   fscalb.o

    ----------------------------------------------------------------------
     11556       1122        160         20          0       6436   Library Totals
        14          0          0          0          0          0   (incl. Padding)

    ----------------------------------------------------------------------

      Code (inc. data)   RO Data    RW Data    ZI Data      Debug   Library Name

      7932        942          0         16          0       3760   TSS_KXX_M0.lib
      1242        126        160          0          0        672   m_ps.l
       286         22          0          4          0        476   mc_p.l
      2082         32          0          0          0       1528   mf_p.l

    ----------------------------------------------------------------------
     11556       1122        160         20          0       6436   Library Totals

    ----------------------------------------------------------------------

==============================================================================


      Code (inc. data)   RO Data    RW Data    ZI Data      Debug   

     23678       1952        670        176       1232     715161   Grand Totals
     23678       1952        670        176       1232     715161   ELF Image Totals
     23678       1952        670        176          0          0   ROM Totals

==============================================================================

    Total RO  Size (Code + RO Data)                24348 (  23.78kB)
    Total RW  Size (RW Data + ZI Data)              1408 (   1.38kB)
    Total ROM Size (Code + RO Data + RW Data)      24524 (  23.95kB)

==============================================================================

