Component: ARM Compiler 5.05 update 1 (build 106) Tool: armlink [4d0efa]

==============================================================================

Section Cross References

    app_init.o(.text) refers to wdog_kl25.o(.text) for wdog_disable
    app_init.o(.text) refers to board.o(.text) for LPTMRStop
    app_init.o(.text) refers to tss_main.o(i.TSS_Init) for TSS_Init
    app_init.o(.text) refers to tss_main.o(i.TSS_SetSystemConfig) for TSS_SetSystemConfig
    app_init.o(.text) refers to tss_asliderdecoder.o(i.TSS_SetASliderConfig) for TSS_SetASliderConfig
    app_init.o(.text) refers to tss_systemsetupdata.o(.data) for cASlider1
    events.o(.text) refers to timers.o(.text) for Stop_PIT0
    events.o(.text) refers to uidiv.o(.text) for __aeabi_uidivmod
    events.o(.text) refers to project1.o(.text) for FadeIn
    events.o(.text) refers to tss_main.o(i.TSS_SetSystemConfig) for TSS_SetSystemConfig
    events.o(.text) refers to board.o(.text) for InitDevices
    events.o(.text) refers to tss_systemsetupdata.o(.data) for cASlider1
    events.o(.text) refers to project1.o(.data) for SliderPos
    events.o(.text) refers to project1.o(.data) for step_delay
    events.o(.text) refers to events.o(.data) for .data
    events.o(.text) refers to tss_systemsetupdata.o(.bss) for tss_CSSys
    events.o(.text) refers to tss_sensor.o(.data) for tss_u8SampleIntFlag
    events.o(.text) refers to main.o(.data) for u16LPcounter
    freemaster_protocol.o(.text) refers to freemaster_tsa.o(.text) for FMSTR_InitTsa
    freemaster_protocol.o(.text) refers to freemaster_scope.o(.text) for FMSTR_InitScope
    freemaster_protocol.o(.text) refers to freemaster_serial.o(.text) for FMSTR_InitSerial
    freemaster_protocol.o(.text) refers to freemaster_kxx.o(.text) for FMSTR_AddressFromBuffer
    freemaster_scope.o(.text) refers to freemaster_kxx.o(.text) for FMSTR_AddressFromBuffer
    freemaster_scope.o(.text) refers to freemaster_scope.o(.data) for .data
    freemaster_scope.o(.text) refers to freemaster_scope.o(.bss) for .bss
    freemaster_serial.o(.text) refers to freemaster_protocol.o(.text) for FMSTR_ProtocolDecoder
    freemaster_serial.o(.text) refers to freemaster_serial.o(.data) for .data
    freemaster_serial.o(.text) refers to freemaster_serial.o(.bss) for .bss
    freemaster_tsa.o(.text) refers to freemaster_kxx.o(.text) for FMSTR_ValueFromBuffer16
    freemaster_tsa.o(.text) refers to main.o(.text) for FMSTR_TsaGetTable
    freemaster_tsa.o(.text) refers to freemaster_protocol.o(.text) for FMSTR_StrLen
    freemaster_kxx.o(.text) refers to freemaster_serial.o(.text) for FMSTR_ProcessSCI
    freemaster_kxx.o(.text) refers to events.o(.text) for TSS_FmstrIsrCallbackCustom
    freemaster_kxx.o(.text) refers to freemaster_kxx.o(.data) for .data
    sysinit_kl25.o(.text) refers to mcg_kl25.o(.text) for pll_init
    sysinit_kl25.o(.text) refers to sysinit_kl25.o(.data) for .data
    mcg_kl25.o(.text) refers to idiv.o(.text) for __aeabi_idivmod
    mcg_kl25.o(.text) refers to uidiv.o(.text) for __aeabi_uidivmod
    mcg_kl25.o(.text) refers to fflti.o(.text) for __aeabi_i2f
    mcg_kl25.o(.text) refers to fdiv.o(.text) for __aeabi_fdiv
    mcg_kl25.o(.text) refers to fmul.o(.text) for __aeabi_fmul
    mcg_kl25.o(.text) refers to fscalb.o(.text) for __ARM_scalbnf
    mcg_kl25.o(.text) refers to ffixui.o(.text) for __aeabi_f2uiz
    uart_kl25.o(.text) refers to idiv.o(.text) for __aeabi_idivmod
    tss_sensor.o(.text) refers to tss_main.o(i.TSS_BrowseModules) for TSS_BrowseModules
    tss_sensor.o(.text) refers to tss_sensor.o(.constdata) for .constdata
    tss_sensor.o(.constdata) refers to tss_sensortsil.o(.text) for TSIL_SampleElectrode
    tss_sensor.o(.constdata) refers to tss_sensor.o(.text) for TSS_SampleElectrodeLowE0
    tss_sensor.o(.constdata) refers to tss_sensortsil.o(.constdata) for TSS_E0_ROMDATA_CONTEXT
    tss_sensor.o(.constdata) refers to tss_sensortsil.o(.constdata) for TSS_E1_ROMDATA_CONTEXT
    tss_sensor.o(.data) refers to tss_sensortsil.o(.data) for TSS_E0_RAMDATA_CONTEXT
    tss_sensor.o(.data) refers to tss_sensortsil.o(.data) for TSS_E1_RAMDATA_CONTEXT
    tss_sensortsil.o(.text) refers to tss_main.o(i.TSS_GetSystemConfig) for TSS_GetSystemConfig
    tss_sensortsil.o(.text) refers to tss_systemsetupdata.o(.bss) for tss_CSSys
    tss_sensortsil.o(.text) refers to tss_sensor.o(.constdata) for tss_acp8ElectrodeROMData
    tss_sensortsil.o(.text) refers to tss_systemsetupdata.o(.data) for tss_au8ElectrodeEnablers
    tss_sensortsil.o(.text) refers to tss_sensortsil.o(.constdata) for .constdata
    tss_sensortsil.o(.text) refers to tss_keydetector.o(.data) for tss_u16CapSample
    tss_sensortsil.o(.text) refers to tss_systemsetupdata.o(.constdata) for tss_cau8SignalDivider
    tss_sensortsil.o(.text) refers to tss_sensortsil.o(i.__ARM_common_switch8) for __ARM_common_switch8
    tss_sensortsil.o(.text) refers to tss_main.o(i.TSS_SetSystemConfig) for TSS_SetSystemConfig
[...]
    i.TSS_KeyDetectorFillDeltaLogBuffer      0x00004d60   Section        0  tss_keydetector.o(i.TSS_KeyDetectorFillDeltaLogBuffer)
    i.TSS_KeyDetectorFillSignalLogBuffer     0x00004d70   Section        0  tss_keydetector.o(i.TSS_KeyDetectorFillSignalLogBuffer)
    i.TSS_KeyDetectorGetDCTrackerCounter     0x00004d84   Section        0  tss_keydetector.o(i.TSS_KeyDetectorGetDCTrackerCounter)
    i.TSS_KeyDetectorGetElectrodeEnablerStatus 0x00004d90   Section        0  tss_keydetector.o(i.TSS_KeyDetectorGetElectrodeEnablerStatus)
    i.TSS_KeyDetectorGetElectrodeGroupStatus 0x00004dd0   Section        0  tss_keydetector.o(i.TSS_KeyDetectorGetElectrodeGroupStatus)
    i.TSS_KeyDetectorGetShieldElectrodeReleaseStatus 0x00004e10   Section        0  tss_keydetector.o(i.TSS_KeyDetectorGetShieldElectrodeReleaseStatus)
    i.TSS_KeyDetectorGetSlowDCTrackerCounter 0x00004e50   Section        0  tss_keydetector.o(i.TSS_KeyDetectorGetSlowDCTrackerCounter)
    i.TSS_KeyDetectorInit                    0x00004e5c   Section        0  tss_keydetector.o(i.TSS_KeyDetectorInit)
    i.TSS_KeyDetectorInitPrevCapSample       0x00004e9c   Section        0  tss_filters.o(i.TSS_KeyDetectorInitPrevCapSample)
    i.TSS_KeyDetectorMain                    0x00004eb0   Section        0  tss_keydetector.o(i.TSS_KeyDetectorMain)
    i.TSS_KeyDetectorRecalibrateElectrode    0x00005048   Section        0  tss_keydetector.o(i.TSS_KeyDetectorRecalibrateElectrode)
    TSS_KeyDetectorRecalibrateElectrode      0x00005049   Thumb Code   124  tss_keydetector.o(i.TSS_KeyDetectorRecalibrateElectrode)
    i.TSS_KeyDetectorRecalibrateModules      0x000050d0   Section        0  tss_keydetector.o(i.TSS_KeyDetectorRecalibrateModules)
    i.TSS_KeyDetectorRecalibrationRequest    0x000050e4   Section        0  tss_keydetector.o(i.TSS_KeyDetectorRecalibrationRequest)
    i.TSS_KeyDetectorReleaseElectrode        0x000050f4   Section        0  tss_keydetector.o(i.TSS_KeyDetectorReleaseElectrode)
    i.TSS_KeyDetectorResetElectrode          0x00005118   Section        0  tss_keydetector.o(i.TSS_KeyDetectorResetElectrode)
    i.TSS_KeyDetectorResetElectrodeDebouncing 0x0000512c   Section        0  tss_keydetector.o(i.TSS_KeyDetectorResetElectrodeDebouncing)
    i.TSS_KeyDetectorResetElectrodeMeasured  0x00005148   Section        0  tss_keydetector.o(i.TSS_KeyDetectorResetElectrodeMeasured)
    i.TSS_KeyDetectorResetStuckKeyCounter    0x0000516c   Section        0  tss_keydetector.o(i.TSS_KeyDetectorResetStuckKeyCounter)
    i.TSS_KeyDetectorRestartElectrode        0x00005178   Section        0  tss_keydetector.o(i.TSS_KeyDetectorRestartElectrode)
    i.TSS_KeyDetectorSignalDivider           0x000051bc   Section        0  tss_filters.o(i.TSS_KeyDetectorSignalDivider)
    i.TSS_LowPowerConfig                     0x000051d8   Section        0  tss_main.o(i.TSS_LowPowerConfig)
    i.TSS_SetASliderConfig                   0x00005278   Section        0  tss_asliderdecoder.o(i.TSS_SetASliderConfig)
    i.TSS_SetControlElectrodesEnablers       0x00005374   Section        0  tss_main.o(i.TSS_SetControlElectrodesEnablers)
    i.TSS_SetSystemConfig                    0x00005414   Section        0  tss_main.o(i.TSS_SetSystemConfig)
    i.TSS_SubUInt16WithUInt16ToSInt16        0x0000573c   Section        0  tss_filters.o(i.TSS_SubUInt16WithUInt16ToSInt16)
    i.TSS_Task                               0x00005768   Section        0  tss_main.o(i.TSS_Task)
    i.TSS_TriggerConfig                      0x00005838   Section        0  tss_main.o(i.TSS_TriggerConfig)
    i.TSS_TriggerControl                     0x000058a4   Section        0  tss_main.o(i.TSS_TriggerControl)
    i.__ARM_clz                              0x000058e8   Section        0  depilogue.o(i.__ARM_clz)
    i.__ARM_common_switch8                   0x00005916   Section        0  tss_sensortsil.o(i.__ARM_common_switch8)
    i.__ARM_fpclassify                       0x00005930   Section        0  fpclassify.o(i.__ARM_fpclassify)
    i.__kernel_poly                          0x0000595c   Section        0  poly.o(i.__kernel_poly)
    i.__mathlib_dbl_infnan                   0x00005a08   Section        0  dunder.o(i.__mathlib_dbl_infnan)
    i.__mathlib_dbl_underflow                0x00005a14   Section        0  dunder.o(i.__mathlib_dbl_underflow)
    i.__scatterload_copy                     0x00005a28   Section       14  handlers.o(i.__scatterload_copy)
    i.__scatterload_null                     0x00005a36   Section        2  handlers.o(i.__scatterload_null)
    i.__scatterload_zeroinit                 0x00005a38   Section       14  handlers.o(i.__scatterload_zeroinit)
    i.__set_errno                            0x00005a48   Section        0  errno.o(i.__set_errno)
    i.atan                                   0x00005a54   Section        0  atan.o(i.atan)
    i.atan2                                  0x00005c70   Section        0  atan2.o(i.atan2)
    i.sqrt                                   0x00005de8   Section        0  sqrt.o(i.sqrt)
    .constdata                               0x00005e30   Section        8  tss_sensor.o(.constdata)
    .constdata                               0x00005e38   Section        8  tss_sensor.o(.constdata)
    .constdata                               0x00005e40   Section       16  tss_sensortsil.o(.constdata)
    .constdata                               0x00005e50   Section       12  tss_sensortsil.o(.constdata)
    .constdata                               0x00005e5c   Section       12  tss_sensortsil.o(.constdata)
    .constdata                               0x00005e68   Section        4  tss_sensortsil.o(.constdata)
    .constdata                               0x00005e6c   Section        2  tss_systemsetupdata.o(.constdata)
    .constdata                               0x00005e70   Section       28  tss_systemsetupdata.o(.constdata)
    .constdata                               0x00005e8c   Section        4  tss_systemsetupdata.o(.constdata)
    .constdata                               0x00005e90   Section        4  tss_systemsetupdata.o(.constdata)
    .constdata                               0x00005e94   Section        4  tss_systemsetupdata.o(.constdata)
    .constdata                               0x00005e98   Section        4  tss_systemsetupdata.o(.constdata)
    .constdata                               0x00005e9c   Section        4  tss_systemsetupdata.o(.constdata)
    .constdata                               0x00005ea0   Section        1  tss_systemsetupdata.o(.constdata)
    .constdata                               0x00005ea1   Section        2  tss_systemsetupdata.o(.constdata)
    .constdata                               0x00005ea4   Section        4  tss_systemsetupdata.o(.constdata)
    .constdata                               0x00005ea8   Section        1  tss_systemsetupdata.o(.constdata)
    .constdata                               0x00005ea9   Section        1  tss_systemsetupdata.o(.constdata)
    .constdata                               0x00005eaa   Section        1  tss_systemsetupdata.o(.constdata)
    .constdata                               0x00005eac   Section        4  tss_systemsetupdata.o(.constdata)
    .constdata                               0x00005eb0   Section        4  tss_systemsetupdata.o(.constdata)
    .constdata                               0x00005eb4   Section        4  tss_systemsetupdata.o(.constdata)
    .constdata                               0x00005eb8   Section        4  tss_systemsetupdata.o(.constdata)
    .constdata                               0x00005ebc   Section        4  tss_systemsetupdata.o(.constdata)
    .constdata                               0x00005ec0   Section        4  tss_systemsetupdata.o(.constdata)
    .constdata                               0x00005ec4   Section        4  tss_systemsetupdata.o(.constdata)
    .constdata                               0x00005ec8   Section        4  tss_systemsetupdata.o(.constdata)
    .constdata                               0x00005ecc   Section        4  tss_systemsetupdata.o(.constdata)
    .constdata                               0x00005ed0   Section        4  tss_systemsetupdata.o(.constdata)
    .constdata                               0x00005ed4   Section        4  tss_systemsetupdata.o(.constdata)
    .constdata                               0x00005ed8   Section        4  tss_systemsetupdata.o(.constdata)
    .constdata                               0x00005edc   Section        1  tss_systemsetupdata.o(.constdata)
    .constdata                               0x00005ee0   Section        4  tss_systemsetupdata.o(.constdata)
    .constdata                               0x00005ee4   Section        4  tss_systemsetupdata.o(.constdata)
    .constdata                               0x00005ee8   Section        1  tss_systemsetupdata.o(.constdata)
    .constdata                               0x00005ee9   Section        1  tss_systemsetupdata.o(.constdata)
    .constdata                               0x00005eec   Section        4  tss_systemsetupdata.o(.constdata)
    .constdata                               0x00005ef0   Section        4  tss_systemsetupdata.o(.constdata)
    .constdata                               0x00005ef4   Section        4  tss_systemsetupdata.o(.constdata)
    .constdata                               0x00005ef8   Section        4  tss_systemsetupdata.o(.constdata)
    .constdata                               0x00005efc   Section        4  tss_systemsetupdata.o(.constdata)
    .constdata                               0x00005f00   Section        4  tss_systemsetupdata.o(.constdata)
    .constdata                               0x00005f04   Section        4  tss_systemsetupdata.o(.constdata)
    .constdata                               0x00005f08   Section        4  tss_systemsetupdata.o(.constdata)
    .constdata                               0x00005f0c   Section        4  tss_systemsetupdata.o(.constdata)
    .constdata                               0x00005f10   Section        4  tss_systemsetupdata.o(.constdata)
    .constdata                               0x00005f14   Section        4  tss_systemsetupdata.o(.constdata)
    .constdata                               0x00005f18   Section        4  tss_systemsetupdata.o(.constdata)
    .constdata                               0x00005f1c   Section        4  tss_systemsetupdata.o(.constdata)
    .constdata                               0x00005f20   Section        1  tss_systemsetupdata.o(.constdata)
    .constdata                               0x00005f21   Section        1  tss_systemsetupdata.o(.constdata)
    .constdata                               0x00005f22   Section        2  tss_systemsetupdata.o(.constdata)
    .constdata                               0x00005f24   Section        6  tss_systemsetupdata.o(.constdata)
    .constdata                               0x00005f2c   Section        4  tss_systemsetupdata.o(.constdata)
    .constdata                               0x00005f30   Section        4  tss_systemsetupdata.o(.constdata)
    .constdata                               0x00005f34   Section        4  tss_systemsetupdata.o(.constdata)
    .constdata                               0x00005f38   Section        4  tss_systemsetupdata.o(.constdata)
    .constdata                               0x00005f40   Section      152  atan.o(.constdata)
    atanhi                                   0x00005f40   Data          32  atan.o(.constdata)
    atanlo                                   0x00005f60   Data          32  atan.o(.constdata)
    aTodd                                    0x00005f80   Data          40  atan.o(.constdata)
    aTeven                                   0x00005fa8   Data          48  atan.o(.constdata)
    .constdata                               0x00005fd8   Section        8  qnan.o(.constdata)
    .conststring                             0x00005fe0   Section       18  main.o(.conststring)
    .data                                    0x1ffffc00   Section        4  events.o(.data)
    .data                                    0x1ffffc04   Section        9  freemaster_scope.o(.data)
    pcm_nScopeVarCount                       0x1ffffc04   Data           1  freemaster_scope.o(.data)
    pcm_pScopeVarSize                        0x1ffffc05   Data           8  freemaster_scope.o(.data)
    .data                                    0x1ffffc10   Section       24  freemaster_serial.o(.data)
    pcm_nTxTodo                              0x1ffffc10   Data           1  freemaster_serial.o(.data)
    pcm_nRxTodo                              0x1ffffc11   Data           1  freemaster_serial.o(.data)
    pcm_nRxCheckSum                          0x1ffffc12   Data           1  freemaster_serial.o(.data)
    pcm_wFlags                               0x1ffffc14   Data           4  freemaster_serial.o(.data)
    pcm_pTxBuff                              0x1ffffc18   Data           4  freemaster_serial.o(.data)
    pcm_pRxBuff                              0x1ffffc1c   Data           4  freemaster_serial.o(.data)
    pcm_pRQueueRP                            0x1ffffc20   Data           4  freemaster_serial.o(.data)
    pcm_pRQueueWP                            0x1ffffc24   Data           4  freemaster_serial.o(.data)
    .data                                    0x1ffffc28   Section        1  freemaster_kxx.o(.data)
    pcm_bNextAddrIsEx                        0x1ffffc28   Data           1  freemaster_kxx.o(.data)
    .data                                    0x1ffffc2c   Section        4  sysinit_kl25.o(.data)
    .data                                    0x1ffffc30   Section        1  tss_sensor.o(.data)
    .data                                    0x1ffffc31   Section        8  tss_systemsetupdata.o(.data)
    .data                                    0x1ffffc3a   Section        2  tss_systemsetupdata.o(.data)
    .data                                    0x1ffffc3c   Section        2  tss_systemsetupdata.o(.data)
    .data                                    0x1ffffc3e   Section        3  tss_systemsetupdata.o(.data)
    .data                                    0x1ffffc41   Section        2  tss_systemsetupdata.o(.data)
    .data                                    0x1ffffc43   Section        1  tss_systemsetupdata.o(.data)
    .data                                    0x1ffffc44   Section        1  tss_systemsetupdata.o(.data)
    .data                                    0x1ffffc46   Section        4  tss_systemsetupdata.o(.data)
    .data                                    0x1ffffc4a   Section        1  tss_systemsetupdata.o(.data)
    .data                                    0x1ffffc4b   Section        1  tss_systemsetupdata.o(.data)
    .data                                    0x1ffffc4c   Section        1  tss_systemsetupdata.o(.data)
    .data                                    0x1ffffc4d   Section        1  tss_systemsetupdata.o(.data)
    .data                                    0x1ffffc4e   Section        2  tss_systemsetupdata.o(.data)
    .data                                    0x1ffffc50   Section        2  tss_systemsetupdata.o(.data)
    .data                                    0x1ffffc52   Section        2  tss_systemsetupdata.o(.data)
    .data                                    0x1ffffc54   Section        2  tss_systemsetupdata.o(.data)
    .data                                    0x1ffffc56   Section        1  tss_systemsetupdata.o(.data)
    .data                                    0x1ffffc58   Section        4  tss_systemsetupdata.o(.data)
    .data                                    0x1ffffc5c   Section        2  tss_systemsetupdata.o(.data)
    .data                                    0x1ffffc5e   Section        4  tss_systemsetupdata.o(.data)
    .data                                    0x1ffffc62   Section        1  tss_systemsetupdata.o(.data)
    .data                                    0x1ffffc63   Section        2  tss_systemsetupdata.o(.data)
    .data                                    0x1ffffc65   Section        2  tss_systemsetupdata.o(.data)
    .data                                    0x1ffffc67   Section        2  tss_systemsetupdata.o(.data)
    .data                                    0x1ffffc69   Section        6  tss_systemsetupdata.o(.data)
    .data                                    0x1ffffc6f   Section        2  tss_systemsetupdata.o(.data)
    .data                                    0x1ffffc71   Section        1  tss_systemsetupdata.o(.data)
    .data                                    0x1ffffc74   Section       20  main.o(.data)
    fmstr_tsatable                           0x1ffffc78   Data          16  main.o(.data)
    .data                                    0x1ffffc88   Section        5  project1.o(.data)
    .data                                    0x1ffffc8e   Section        2  project1.o(.data)
    .data                                    0x1ffffc90   Section        8  mma8451.o(.data)
    .data                                    0x1ffffc98   Section        4  timers.o(.data)
    .data                                    0x1ffffc9c   Section        8  tss_keydetector.o(.data)
    g_u8ElectrodeCommand                     0x1ffffc9c   Data           1  tss_keydetector.o(.data)
    u8TriggerProcessElectrode                0x1ffffc9d   Data           1  tss_keydetector.o(.data)
    u8MeasurementStatus                      0x1ffffc9e   Data           1  tss_keydetector.o(.data)
    g_u8DCTrackCounter                       0x1ffffc9f   Data           1  tss_keydetector.o(.data)
    g_u8SlowDCTrackCounter                   0x1ffffca0   Data           1  tss_keydetector.o(.data)
    g_u8KeyDetectorElecIndex                 0x1ffffca1   Data           1  tss_keydetector.o(.data)
    .data                                    0x1ffffca4   Section        8  tss_main.o(.data)
    u8TriggerCounter                         0x1ffffca4   Data           1  tss_main.o(.data)
    g_u8APIFunctionRunFlag                   0x1ffffca5   Data           1  tss_main.o(.data)
    g_u16Size                                0x1ffffca6   Data           2  tss_main.o(.data)
    g_pu8DataAddr                            0x1ffffca8   Data           4  tss_main.o(.data)
    .data                                    0x1ffffcac   Section        4  errno.o(.data)
    _errno                                   0x1ffffcac   Data           4  errno.o(.data)
    .bss                                     0x1ffffcb0   Section       32  freemaster_scope.o(.bss)
    pcm_pScopeVarAddr                        0x1ffffcb0   Data          32  freemaster_scope.o(.bss)
    .bss                                     0x1ffffcd0   Section       76  freemaster_serial.o(.bss)
    pcm_pCommBuffer                          0x1ffffcd0   Data          44  freemaster_serial.o(.bss)
    pcm_pRQueueBuffer                        0x1ffffcfc   Data          32  freemaster_serial.o(.bss)
    .bss                                     0x1ffffd1c   Section       42  tss_sensortsil.o(.bss)
    .bss                                     0x1ffffd46   Section       32  tss_systemsetupdata.o(.bss)
    .bss                                     0x1ffffd66   Section       12  tss_systemsetupdata.o(.bss)
    .bss                                     0x1ffffd72   Section       12  tss_systemsetupdata.o(.bss)
    STACK                                    0x1ffffd80   Section     1024  startup_mkl25z4.o(STACK)

    Global Symbols

    Symbol Name                              Value     Ov Type        Size  Object(Section)

    BuildAttributes$$THM_ISAv3M$S$PE$A:L22$X:L11$S22$IEEE1$IW$USESV6$~STKCKD$USESV7$~SHL$OTIME$ROPI$IEEEX$EBA8$MICROLIB$REQ8$PRES8$EABIv2 0x00000000   Number         0  anon$$obj.o ABSOLUTE
    __ARM_use_no_argv                        0x00000000   Number         0  main.o ABSOLUTE
    __Vectors                                0x00000000   Data           4  startup_mkl25z4.o(RESET)
    __cpp_initialize__aeabi_                  - Undefined Weak Reference
    __cxa_finalize                            - Undefined Weak Reference
    __decompress                              - Undefined Weak Reference
    _clock_init                               - Undefined Weak Reference
    _microlib_exit                            - Undefined Weak Reference
    __Vectors_End                            0x000000c0   Data           0  startup_mkl25z4.o(RESET)
    __Vectors_Size                           0x000000c0   Number         0  startup_mkl25z4.o ABSOLUTE
    __main                                   0x000000c1   Thumb Code     0  entry.o(.ARM.Collect$$$$00000000)
    _main_stk                                0x000000c1   Thumb Code     0  entry2.o(.ARM.Collect$$$$00000001)
    _main_scatterload                        0x000000c5   Thumb Code     0  entry5.o(.ARM.Collect$$$$00000004)
    __main_after_scatterload                 0x000000c9   Thumb Code     0  entry5.o(.ARM.Collect$$$$00000004)
    _main_clock                              0x000000c9   Thumb Code     0  entry7b.o(.ARM.Collect$$$$00000008)
    _main_cpp_init                           0x000000c9   Thumb Code     0  entry8b.o(.ARM.Collect$$$$0000000A)
    _main_init                               0x000000c9   Thumb Code     0  entry9a.o(.ARM.Collect$$$$0000000B)
    __rt_final_cpp                           0x000000d1   Thumb Code     0  entry10a.o(.ARM.Collect$$$$0000000D)
    __rt_final_exit                          0x000000d1   Thumb Code     0  entry11a.o(.ARM.Collect$$$$0000000F)
    InitPorts                                0x000000d5   Thumb Code     8  app_init.o(.text)
    DelayMS                                  0x000000dd   Thumb Code    94  app_init.o(.text)
    TSS_Init_ASlider                         0x0000013b   Thumb Code    98  app_init.o(.text)
    TSS1_fCallBack1                          0x000001ad   Thumb Code    70  events.o(.text)
    TSS_fOnFault                             0x000001f3   Thumb Code    58  events.o(.text)
    TSS_fOnInit                              0x0000022d   Thumb Code     8  events.o(.text)
    TSS_FmstrIsrCallbackCustom               0x00000235   Thumb Code    14  events.o(.text)
    FMSTR_InitScope                          0x00000261   Thumb Code     2  freemaster_scope.o(.text)
    FMSTR_SetUpScope                         0x00000263   Thumb Code    84  freemaster_scope.o(.text)
    FMSTR_ReadScope                          0x000002b7   Thumb Code    54  freemaster_scope.o(.text)
    FMSTR_Isr                                0x000002f5   Thumb Code    12  freemaster_kxx.o(.text)
    FMSTR_CopyMemory                         0x00000301   Thumb Code    22  freemaster_kxx.o(.text)
    FMSTR_CopyToBuffer                       0x00000317   Thumb Code    22  freemaster_kxx.o(.text)
    FMSTR_CopyFromBuffer                     0x0000032d   Thumb Code    26  freemaster_kxx.o(.text)
    FMSTR_ValueFromBuffer16                  0x00000347   Thumb Code     4  freemaster_kxx.o(.text)
    FMSTR_ValueFromBuffer32                  0x0000034b   Thumb Code     4  freemaster_kxx.o(.text)
    FMSTR_ValueToBuffer16                    0x0000034f   Thumb Code    12  freemaster_kxx.o(.text)
    FMSTR_ValueToBuffer32                    0x0000035b   Thumb Code    12  freemaster_kxx.o(.text)
    FMSTR_CopyFromBufferWithMask             0x00000367   Thumb Code    38  freemaster_kxx.o(.text)
    FMSTR_SetExAddr                          0x0000038d   Thumb Code     6  freemaster_kxx.o(.text)
    FMSTR_AddressToBuffer                    0x00000393   Thumb Code    24  freemaster_kxx.o(.text)
    FMSTR_AddressFromBuffer                  0x000003ab   Thumb Code    16  freemaster_kxx.o(.text)
    wdog_disable                             0x000003c1   Thumb Code     8  wdog_kl25.o(.text)
    TSS_SampleElectrodeLowE0                 0x000003cd   Thumb Code     4  tss_sensor.o(.text)
    TSS_SampleElectrodeLowE1                 0x000003d1   Thumb Code     4  tss_sensor.o(.text)
    TSS_SensorInitCallback                   0x000003d5   Thumb Code    12  tss_sensor.o(.text)
    TSS_SensorInit                           0x000003e1   Thumb Code    14  tss_sensor.o(.text)
    __I$use$fp                               0x000003f9   Thumb Code     0  iusefp.o(.text)
    __mathlib_dbl_infnan2                    0x000003f9   Thumb Code     8  dunder.o(i.__mathlib_dbl_infnan2)
    FMSTR_Init                               0x00000411   Thumb Code    22  freemaster_protocol.o(.text)
    FMSTR_GetBoardInfo                       0x00000427   Thumb Code    28  freemaster_protocol.o(.text)
    FMSTR_WriteMemMask                       0x00000443   Thumb Code    34  freemaster_protocol.o(.text)
    FMSTR_WriteMem                           0x00000465   Thumb Code    34  freemaster_protocol.o(.text)
    FMSTR_ReadMem                            0x00000487   Thumb Code    44  freemaster_protocol.o(.text)
    FMSTR_ProtocolDecoder                    0x000004b3   Thumb Code   176  freemaster_protocol.o(.text)
    FMSTR_ReadVar                            0x00000563   Thumb Code    30  freemaster_protocol.o(.text)
    FMSTR_WriteVar                           0x00000581   Thumb Code    32  freemaster_protocol.o(.text)
    FMSTR_WriteVarMask                       0x000005a1   Thumb Code    32  freemaster_protocol.o(.text)
    FMSTR_StrLen                             0x000005c1   Thumb Code    20  freemaster_protocol.o(.text)
    FMSTR_SendResponse                       0x000005d5   Thumb Code   112  freemaster_serial.o(.text)
    FMSTR_Rx                                 0x00000645   Thumb Code   202  freemaster_serial.o(.text)
    FMSTR_Tx                                 0x0000074b   Thumb Code    70  freemaster_serial.o(.text)
    FMSTR_ProcessSCI                         0x00000791   Thumb Code    86  freemaster_serial.o(.text)
    FMSTR_InitSerial                         0x000007e7   Thumb Code    30  freemaster_serial.o(.text)
    FMSTR_Poll                               0x00000805   Thumb Code    48  freemaster_serial.o(.text)
    FMSTR_InitTsa                            0x0000084d   Thumb Code     2  freemaster_tsa.o(.text)
    FMSTR_GetTsaInfo                         0x0000084f   Thumb Code    68  freemaster_tsa.o(.text)
    FMSTR_GetStringLen                       0x00000893   Thumb Code    32  freemaster_tsa.o(.text)
    FMSTR_CheckTsaSpace                      0x000008b3   Thumb Code   216  freemaster_tsa.o(.text)
    stop                                     0x000009a5   Thumb Code    14  arm_cm0.o(.text)
    wait                                     0x000009b3   Thumb Code    14  arm_cm0.o(.text)
    write_vtor                               0x000009c1   Thumb Code     6  arm_cm0.o(.text)
    enable_irq                               0x000009c7   Thumb Code    34  arm_cm0.o(.text)
    disable_irq                              0x000009e9   Thumb Code    24  arm_cm0.o(.text)
    set_irq_priority                         0x00000a01   Thumb Code     2  arm_cm0.o(.text)
    clk_out_init                             0x00000a11   Thumb Code    20  sysinit_kl25.o(.text)
    sysinit                                  0x00000a25   Thumb Code   110  sysinit_kl25.o(.text)
    pll_init                                 0x00000ab5   Thumb Code   498  mcg_kl25.o(.text)
    pee_pbe                                  0x00000ca7   Thumb Code    76  mcg_kl25.o(.text)
    pbe_pee                                  0x00000cf3   Thumb Code   132  mcg_kl25.o(.text)
    pbe_fbe                                  0x00000d77   Thumb Code    74  mcg_kl25.o(.text)
    fbe_pbe                                  0x00000dc1   Thumb Code   186  mcg_kl25.o(.text)
    pbe_blpe                                 0x00000e7b   Thumb Code   104  mcg_kl25.o(.text)
    blpe_pbe                                 0x00000ee3   Thumb Code   172  mcg_kl25.o(.text)
    blpe_fbe                                 0x00000f8f   Thumb Code    76  mcg_kl25.o(.text)
    fbe_blpe                                 0x00000fdb   Thumb Code    44  mcg_kl25.o(.text)
    fll_freq                                 0x00001007   Thumb Code   210  mcg_kl25.o(.text)
    fbe_fei                                  0x000010d9   Thumb Code   138  mcg_kl25.o(.text)
    fei_fbe                                  0x00001163   Thumb Code   298  mcg_kl25.o(.text)
    fbe_fee                                  0x0000128d   Thumb Code   222  mcg_kl25.o(.text)
    fee_fbe                                  0x0000136b   Thumb Code    74  mcg_kl25.o(.text)
    fbe_fbi                                  0x000013b5   Thumb Code   246  mcg_kl25.o(.text)
    fbi_fbe                                  0x000014ab   Thumb Code   306  mcg_kl25.o(.text)
    fbi_blpi                                 0x000015dd   Thumb Code    66  mcg_kl25.o(.text)
    blpi_fbi                                 0x0000161f   Thumb Code    66  mcg_kl25.o(.text)
    fbi_fee                                  0x00001661   Thumb Code   400  mcg_kl25.o(.text)
    fee_fbi                                  0x000017f1   Thumb Code   234  mcg_kl25.o(.text)
    fbi_fei                                  0x000018db   Thumb Code   130  mcg_kl25.o(.text)
    fei_fbi                                  0x0000195d   Thumb Code   204  mcg_kl25.o(.text)
    fei_fee                                  0x00001a29   Thumb Code   290  mcg_kl25.o(.text)
    fee_fei                                  0x00001b4b   Thumb Code    96  mcg_kl25.o(.text)
    what_mcg_mode                            0x00001bab   Thumb Code   300  mcg_kl25.o(.text)
    atc                                      0x00001cd7   Thumb Code   312  mcg_kl25.o(.text)
    clk_monitor_0                            0x00001e0f   Thumb Code    22  mcg_kl25.o(.text)
    uart_init                                0x00001e4d   Thumb Code    94  uart_kl25.o(.text)
    uart_getchar                             0x00001eab   Thumb Code    10  uart_kl25.o(.text)
    uart_putchar                             0x00001eb5   Thumb Code    10  uart_kl25.o(.text)
    uart_getchar_present                     0x00001ebf   Thumb Code     8  uart_kl25.o(.text)
    uart0_init                               0x00001ec7   Thumb Code    74  uart_kl25.o(.text)
    uart0_getchar                            0x00001f11   Thumb Code    10  uart_kl25.o(.text)
    uart0_putchar                            0x00001f1b   Thumb Code    10  uart_kl25.o(.text)
    uart0_getchar_present                    0x00001f25   Thumb Code     8  uart_kl25.o(.text)
    TSIL_InitModule                          0x00001f3d   Thumb Code    20  tss_sensortsil.o(.text)
    TSIL_SetNSamples                         0x00001f51   Thumb Code    44  tss_sensortsil.o(.text)
    TSIL_InitLowPower                        0x00001f7d   Thumb Code    52  tss_sensortsil.o(.text)
    TSIL_InitPEN                             0x00001fb1   Thumb Code   198  tss_sensortsil.o(.text)
    TSIL_Recalibrate                         0x00002077   Thumb Code   628  tss_sensortsil.o(.text)
    TSIL_InitThresholds                      0x000022eb   Thumb Code   184  tss_sensortsil.o(.text)
    TSIL_InitTrigger                         0x000023a3   Thumb Code   198  tss_sensortsil.o(.text)
    TSIL_MethodControl                       0x00002469   Thumb Code   196  tss_sensortsil.o(.text)
    TSIL_ReadCounter                         0x0000252d   Thumb Code    76  tss_sensortsil.o(.text)
    TSIL_HandleMeasurement                   0x00002579   Thumb Code   112  tss_sensortsil.o(.text)
    TSIL_SampleElectrode                     0x000025e9   Thumb Code   260  tss_sensortsil.o(.text)
    TSS_TSI0Isr                              0x000026ed   Thumb Code   246  tss_sensortsil.o(.text)
    TSS_IIRFilterEquation                    0x000027e9   Thumb Code    12  tss_systemsetupdata.o(.text)
    FMSTR_TsaGetTable_UserAppTable           0x000027f5   Thumb Code    12  main.o(.text)
    FMSTR_TsaGetTable                        0x00002801   Thumb Code    12  main.o(.text)
    main                                     0x0000280d   Thumb Code   208  main.o(.text)
    Reset_Handler                            0x000028fd   Thumb Code     8  startup_mkl25z4.o(.text)
    NMI_Handler                              0x00002905   Thumb Code     2  startup_mkl25z4.o(.text)
    HardFault_Handler                        0x00002907   Thumb Code     2  startup_mkl25z4.o(.text)
    SVC_Handler                              0x00002909   Thumb Code     2  startup_mkl25z4.o(.text)
    PendSV_Handler                           0x0000290b   Thumb Code     2  startup_mkl25z4.o(.text)
    SysTick_Handler                          0x0000290d   Thumb Code     2  startup_mkl25z4.o(.text)
    ADC0_IRQHandler                          0x0000290f   Thumb Code     0  startup_mkl25z4.o(.text)
    CMP0_IRQHandler                          0x0000290f   Thumb Code     0  startup_mkl25z4.o(.text)
    DAC0_IRQHandler                          0x0000290f   Thumb Code     0  startup_mkl25z4.o(.text)
    DMA0_IRQHandler                          0x0000290f   Thumb Code     0  startup_mkl25z4.o(.text)
    DMA1_IRQHandler                          0x0000290f   Thumb Code     0  startup_mkl25z4.o(.text)
    DMA2_IRQHandler                          0x0000290f   Thumb Code     0  startup_mkl25z4.o(.text)
    DMA3_IRQHandler                          0x0000290f   Thumb Code     0  startup_mkl25z4.o(.text)
    DefaultISR                               0x0000290f   Thumb Code     0  startup_mkl25z4.o(.text)
    FTFA_IRQHandler                          0x0000290f   Thumb Code     0  startup_mkl25z4.o(.text)
    I2C0_IRQHandler                          0x0000290f   Thumb Code     0  startup_mkl25z4.o(.text)
    I2C1_IRQHandler                          0x0000290f   Thumb Code     0  startup_mkl25z4.o(.text)
    LLW_IRQHandler                           0x0000290f   Thumb Code     0  startup_mkl25z4.o(.text)
    LPTimer_IRQHandler                       0x0000290f   Thumb Code     0  startup_mkl25z4.o(.text)
    LVD_LVW_IRQHandler                       0x0000290f   Thumb Code     0  startup_mkl25z4.o(.text)
    MCG_IRQHandler                           0x0000290f   Thumb Code     0  startup_mkl25z4.o(.text)
    PORTA_IRQHandler                         0x0000290f   Thumb Code     0  startup_mkl25z4.o(.text)
    PORTD_IRQHandler                         0x0000290f   Thumb Code     0  startup_mkl25z4.o(.text)
    RTC_IRQHandler                           0x0000290f   Thumb Code     0  startup_mkl25z4.o(.text)
    RTC_Seconds_IRQHandler                   0x0000290f   Thumb Code     0  startup_mkl25z4.o(.text)
    Reserved20_IRQHandler                    0x0000290f   Thumb Code     0  startup_mkl25z4.o(.text)
    Reserved39_IRQHandler                    0x0000290f   Thumb Code     0  startup_mkl25z4.o(.text)
    Reserved45_IRQHandler                    0x0000290f   Thumb Code     0  startup_mkl25z4.o(.text)
    SPI0_IRQHandler                          0x0000290f   Thumb Code     0  startup_mkl25z4.o(.text)
    SPI1_IRQHandler                          0x0000290f   Thumb Code     0  startup_mkl25z4.o(.text)
    TPM0_IRQHandler                          0x0000290f   Thumb Code     0  startup_mkl25z4.o(.text)
    TPM1_IRQHandler                          0x0000290f   Thumb Code     0  startup_mkl25z4.o(.text)
    TPM2_IRQHandler                          0x0000290f   Thumb Code     0  startup_mkl25z4.o(.text)
    TSI0_IRQHandler                          0x0000290f   Thumb Code     0  startup_mkl25z4.o(.text)
    UART0_IRQHandler                         0x0000290f   Thumb Code     0  startup_mkl25z4.o(.text)
    UART1_IRQHandler                         0x0000290f   Thumb Code     0  startup_mkl25z4.o(.text)
    UART2_IRQHandler                         0x0000290f   Thumb Code     0  startup_mkl25z4.o(.text)
    USB0_IRQHandler                          0x0000290f   Thumb Code     0  startup_mkl25z4.o(.text)
    SystemInit                               0x00002919   Thumb Code    12  system_mkl25z4.o(.text)
    FreeMASTER_Init                          0x00002925   Thumb Code    48  board.o(.text)
    PWM_init                                 0x00002955   Thumb Code    82  board.o(.text)
    LPTMRInit                                0x000029a7   Thumb Code    52  board.o(.text)
    LPTMRStop                                0x000029db   Thumb Code    30  board.o(.text)
    LPTMRIsr                                 0x000029f9   Thumb Code    94  board.o(.text)
    GotoLowPower                             0x00002a57   Thumb Code   116  board.o(.text)
    LowPowerControl                          0x00002acb   Thumb Code    18  board.o(.text)
    InitDevices                              0x00002add   Thumb Code    20  board.o(.text)
    SetLEDs                                  0x00002b3d   Thumb Code    12  project1.o(.text)
    LowBattWarn_ON                           0x00002b49   Thumb Code    58  project1.o(.text)
    FadeIn                                   0x00002b83   Thumb Code    84  project1.o(.text)
    FadeOut                                  0x00002bd7   Thumb Code    58  project1.o(.text)
    LowBattCheck                             0x00002c11   Thumb Code    24  project1.o(.text)
    Delay                                    0x00002c39   Thumb Code    18  delay.o(.text)
    i2c_init                                 0x00002c51   Thumb Code    52  i2c.o(.text)
    i2c_start                                0x00002c85   Thumb Code    20  i2c.o(.text)
    i2c_read_setup                           0x00002c99   Thumb Code    70  i2c.o(.text)
    i2c_repeated_read                        0x00002cdf   Thumb Code    52  i2c.o(.text)
    i2c_read_byte                            0x00002d13   Thumb Code   118  i2c.o(.text)
    i2c_write_byte                           0x00002d89   Thumb Code    74  i2c.o(.text)
    init_mma                                 0x00002de1   Thumb Code    38  mma8451.o(.text)
    read_full_xyz                            0x00002e07   Thumb Code   106  mma8451.o(.text)
    read_xyz                                 0x00002e71   Thumb Code    54  mma8451.o(.text)
    convert_xyz_to_roll_pitch                0x00002ea7   Thumb Code   196  mma8451.o(.text)
    Init_PIT                                 0x00002f7d   Thumb Code    88  timers.o(.text)
    Start_PIT0                               0x00002fd5   Thumb Code    12  timers.o(.text)
    Stop_PIT0                                0x00002fe1   Thumb Code    12  timers.o(.text)
    Start_PIT1                               0x00002fed   Thumb Code    12  timers.o(.text)
    Stop_PIT1                                0x00002ff9   Thumb Code    12  timers.o(.text)
    PIT_IRQHandler                           0x00003005   Thumb Code    96  timers.o(.text)
    Init_ADC                                 0x00003091   Thumb Code    34  adc.o(.text)
    Measure_VRail                            0x000030b3   Thumb Code    44  adc.o(.text)
    __aeabi_uidiv                            0x000030f1   Thumb Code     0  uidiv.o(.text)
    __aeabi_uidivmod                         0x000030f1   Thumb Code    44  uidiv.o(.text)
    __aeabi_idiv                             0x0000311d   Thumb Code     0  idiv.o(.text)
    __aeabi_idivmod                          0x0000311d   Thumb Code    40  idiv.o(.text)
    __aeabi_fadd                             0x00003145   Thumb Code   162  fadd.o(.text)
    __aeabi_fsub                             0x000031e7   Thumb Code     8  fadd.o(.text)
    __aeabi_frsub                            0x000031ef   Thumb Code     8  fadd.o(.text)
    __aeabi_fmul                             0x000031f7   Thumb Code   122  fmul.o(.text)
    __aeabi_fdiv                             0x00003271   Thumb Code   124  fdiv.o(.text)
    __ARM_scalbnf                            0x000032ed   Thumb Code    24  fscalb.o(.text)
    scalbnf                                  0x000032ed   Thumb Code     0  fscalb.o(.text)
    __aeabi_dmul                             0x00003305   Thumb Code   202  dmul.o(.text)
    __aeabi_ddiv                             0x000033d5   Thumb Code   234  ddiv.o(.text)
    __ARM_scalbn                             0x000034c5   Thumb Code    44  dscalb.o(.text)
    scalbn                                   0x000034c5   Thumb Code     0  dscalb.o(.text)
    __aeabi_i2f                              0x000034f1   Thumb Code    22  fflti.o(.text)
    __aeabi_i2d                              0x00003509   Thumb Code    34  dflti.o(.text)
    __aeabi_ui2d                             0x00003531   Thumb Code    24  dfltui.o(.text)
    __aeabi_f2uiz                            0x0000354d   Thumb Code    40  ffixui.o(.text)
    __aeabi_d2uiz                            0x00003575   Thumb Code    50  dfixui.o(.text)
    __aeabi_f2d                              0x000035b1   Thumb Code    40  f2d.o(.text)
    __aeabi_d2f                              0x000035d9   Thumb Code    56  d2f.o(.text)
    __aeabi_llsr                             0x00003611   Thumb Code    34  llushr.o(.text)
    _ll_ushift_r                             0x00003611   Thumb Code     0  llushr.o(.text)
    _float_round                             0x00003633   Thumb Code    16  fepilogue.o(.text)
    _float_epilogue                          0x00003643   Thumb Code   114  fepilogue.o(.text)
    _double_round                            0x000036b5   Thumb Code    26  depilogue.o(.text)
    _double_epilogue                         0x000036cf   Thumb Code   164  depilogue.o(.text)
    __aeabi_dadd                             0x00003775   Thumb Code   328  dadd.o(.text)
    __aeabi_dsub                             0x000038bd   Thumb Code    12  dadd.o(.text)
    __aeabi_drsub                            0x000038c9   Thumb Code    12  dadd.o(.text)
    _dsqrt                                   0x000038d9   Thumb Code   162  dsqrt.o(.text)
    __scatterload                            0x0000397d   Thumb Code    28  init.o(.text)
    __scatterload_rt2                        0x0000397d   Thumb Code     0  init.o(.text)
    __aeabi_llsl                             0x000039a1   Thumb Code    32  llshl.o(.text)
    _ll_shift_l                              0x000039a1   Thumb Code     0  llshl.o(.text)
    __aeabi_lasr                             0x000039c1   Thumb Code    38  llsshr.o(.text)
    _ll_sshift_r                             0x000039c1   Thumb Code     0  llsshr.o(.text)
    TSS_ASliderCalculatePosIIRFilter         0x000039e9   Thumb Code    94  tss_asliderdecoder.o(i.TSS_ASliderCalculatePosIIRFilter)
    TSS_ASliderDecoder                       0x00003a55   Thumb Code  1108  tss_asliderdecoder.o(i.TSS_ASliderDecoder)
    TSS_ASliderTrendControl                  0x00003ead   Thumb Code   214  tss_asliderdecoder.o(i.TSS_ASliderTrendControl)
    TSS_ASliderTrendThreshold                0x00003f99   Thumb Code    30  tss_asliderdecoder.o(i.TSS_ASliderTrendThreshold)
    TSS_BrowseModules                        0x00003fc1   Thumb Code   134  tss_main.o(i.TSS_BrowseModules)
    TSS_CutSInt16ToSInt8                     0x00004055   Thumb Code    22  tss_filters.o(i.TSS_CutSInt16ToSInt8)
    TSS_DataCorruptionCheck                  0x0000406d   Thumb Code   156  tss_main.o(i.TSS_DataCorruptionCheck)
    TSS_DecodersControl                      0x00004129   Thumb Code   102  tss_main.o(i.TSS_DecodersControl)
    TSS_FaultEvaluation                      0x000041a1   Thumb Code   106  tss_main.o(i.TSS_FaultEvaluation)
    TSS_GetSystemConfig                      0x0000421d   Thumb Code   230  tss_main.o(i.TSS_GetSystemConfig)
    TSS_Init                                 0x0000432d   Thumb Code    92  tss_main.o(i.TSS_Init)
    TSS_InitInternalArrays                   0x00004399   Thumb Code    66  tss_main.o(i.TSS_InitInternalArrays)
    TSS_InitRegisterArrays                   0x000043ed   Thumb Code    60  tss_main.o(i.TSS_InitRegisterArrays)
    TSS_KeyBasicDeltaNoiseAnalysisIIRControl 0x00004445   Thumb Code   108  tss_keydetectornormal.o(i.TSS_KeyBasicDeltaNoiseAnalysisIIRControl)
    TSS_KeyBasicDetect                       0x000044b9   Thumb Code   378  tss_keydetectornormal.o(i.TSS_KeyBasicDetect)
    TSS_KeyBasicElectrodeEval                0x00004651   Thumb Code   578  tss_keydetectornormal.o(i.TSS_KeyBasicElectrodeEval)
    TSS_KeyBasicNegativeBaselineDrop         0x00004955   Thumb Code   114  tss_keydetectornormal.o(i.TSS_KeyBasicNegativeBaselineDrop)
    TSS_KeyBasicSensAutoCalibration          0x000049e5   Thumb Code   536  tss_keydetectornormal.o(i.TSS_KeyBasicSensAutoCalibration)
    TSS_KeyBasicStuckKeyControl              0x00004c25   Thumb Code    58  tss_keydetectornormal.o(i.TSS_KeyBasicStuckKeyControl)
    TSS_KeyDetectorCalculateDelta            0x00004c71   Thumb Code    22  tss_keydetector.o(i.TSS_KeyDetectorCalculateDelta)
    TSS_KeyDetectorCalculateIIRFilter        0x00004c91   Thumb Code    20  tss_filters.o(i.TSS_KeyDetectorCalculateIIRFilter)
    TSS_KeyDetectorCalibrate                 0x00004cad   Thumb Code    26  tss_keydetector.o(i.TSS_KeyDetectorCalibrate)
    TSS_KeyDetectorElectrodeStatusUpdate     0x00004d09   Thumb Code    44  tss_keydetector.o(i.TSS_KeyDetectorElectrodeStatusUpdate)
    TSS_KeyDetectorFillDeltaLogBuffer        0x00004d61   Thumb Code    12  tss_keydetector.o(i.TSS_KeyDetectorFillDeltaLogBuffer)
    TSS_KeyDetectorFillSignalLogBuffer       0x00004d71   Thumb Code    12  tss_keydetector.o(i.TSS_KeyDetectorFillSignalLogBuffer)
    TSS_KeyDetectorGetDCTrackerCounter       0x00004d85   Thumb Code     6  tss_keydetector.o(i.TSS_KeyDetectorGetDCTrackerCounter)
    TSS_KeyDetectorGetElectrodeEnablerStatus 0x00004d91   Thumb Code    50  tss_keydetector.o(i.TSS_KeyDetectorGetElectrodeEnablerStatus)
    TSS_KeyDetectorGetElectrodeGroupStatus   0x00004dd1   Thumb Code    60  tss_keydetector.o(i.TSS_KeyDetectorGetElectrodeGroupStatus)
    TSS_KeyDetectorGetShieldElectrodeReleaseStatus 0x00004e11   Thumb Code    52  tss_keydetector.o(i.TSS_KeyDetectorGetShieldElectrodeReleaseStatus)
    TSS_KeyDetectorGetSlowDCTrackerCounter   0x00004e51   Thumb Code     6  tss_keydetector.o(i.TSS_KeyDetectorGetSlowDCTrackerCounter)
    TSS_KeyDetectorInit                      0x00004e5d   Thumb Code    50  tss_keydetector.o(i.TSS_KeyDetectorInit)
    TSS_KeyDetectorInitPrevCapSample         0x00004e9d   Thumb Code    12  tss_filters.o(i.TSS_KeyDetectorInitPrevCapSample)
    TSS_KeyDetectorMain                      0x00004eb1   Thumb Code   364  tss_keydetector.o(i.TSS_KeyDetectorMain)
    TSS_KeyDetectorRecalibrateModules        0x000050d1   Thumb Code    14  tss_keydetector.o(i.TSS_KeyDetectorRecalibrateModules)
    TSS_KeyDetectorRecalibrationRequest      0x000050e5   Thumb Code    16  tss_keydetector.o(i.TSS_KeyDetectorRecalibrationRequest)
    TSS_KeyDetectorReleaseElectrode          0x000050f5   Thumb Code    30  tss_keydetector.o(i.TSS_KeyDetectorReleaseElectrode)
    TSS_KeyDetectorResetElectrode            0x00005119   Thumb Code    16  tss_keydetector.o(i.TSS_KeyDetectorResetElectrode)
    TSS_KeyDetectorResetElectrodeDebouncing  0x0000512d   Thumb Code    16  tss_keydetector.o(i.TSS_KeyDetectorResetElectrodeDebouncing)
    TSS_KeyDetectorResetElectrodeMeasured    0x00005149   Thumb Code    24  tss_keydetector.o(i.TSS_KeyDetectorResetElectrodeMeasured)
    TSS_KeyDetectorResetStuckKeyCounter      0x0000516d   Thumb Code     8  tss_keydetector.o(i.TSS_KeyDetectorResetStuckKeyCounter)
    TSS_KeyDetectorRestartElectrode          0x00005179   Thumb Code    44  tss_keydetector.o(i.TSS_KeyDetectorRestartElectrode)
    TSS_KeyDetectorSignalDivider             0x000051bd   Thumb Code    18  tss_filters.o(i.TSS_KeyDetectorSignalDivider)
    TSS_LowPowerConfig                       0x000051d9   Thumb Code   150  tss_main.o(i.TSS_LowPowerConfig)
    TSS_SetASliderConfig                     0x00005279   Thumb Code   240  tss_asliderdecoder.o(i.TSS_SetASliderConfig)
    TSS_SetControlElectrodesEnablers         0x00005375   Thumb Code   130  tss_main.o(i.TSS_SetControlElectrodesEnablers)
    TSS_SetSystemConfig                      0x00005415   Thumb Code   742  tss_main.o(i.TSS_SetSystemConfig)
    TSS_SubUInt16WithUInt16ToSInt16          0x0000573d   Thumb Code    40  tss_filters.o(i.TSS_SubUInt16WithUInt16ToSInt16)
    TSS_Task                                 0x00005769   Thumb Code   182  tss_main.o(i.TSS_Task)
    TSS_TriggerConfig                        0x00005839   Thumb Code    98  tss_main.o(i.TSS_TriggerConfig)
    TSS_TriggerControl                       0x000058a5   Thumb Code    60  tss_main.o(i.TSS_TriggerControl)
    __ARM_clz                                0x000058e9   Thumb Code    46  depilogue.o(i.__ARM_clz)
    __ARM_common_switch8                     0x00005917   Thumb Code    26  tss_sensortsil.o(i.__ARM_common_switch8)
    __ARM_fpclassify                         0x00005931   Thumb Code    40  fpclassify.o(i.__ARM_fpclassify)
    __kernel_poly                            0x0000595d   Thumb Code   172  poly.o(i.__kernel_poly)
    __mathlib_dbl_infnan                     0x00005a09   Thumb Code    10  dunder.o(i.__mathlib_dbl_infnan)
    __mathlib_dbl_underflow                  0x00005a15   Thumb Code    14  dunder.o(i.__mathlib_dbl_underflow)
    __scatterload_copy                       0x00005a29   Thumb Code    14  handlers.o(i.__scatterload_copy)
    __scatterload_null                       0x00005a37   Thumb Code     2  handlers.o(i.__scatterload_null)
    __scatterload_zeroinit                   0x00005a39   Thumb Code    14  handlers.o(i.__scatterload_zeroinit)
    __set_errno                              0x00005a49   Thumb Code     6  errno.o(i.__set_errno)
    atan                                     0x00005a55   Thumb Code   472  atan.o(i.atan)
    atan2                                    0x00005c71   Thumb Code   334  atan2.o(i.atan2)
    sqrt                                     0x00005de9   Thumb Code    66  sqrt.o(i.sqrt)
    tss_faSampleElectrode                    0x00005e30   Data           8  tss_sensor.o(.constdata)
    tss_acp8ElectrodeROMData                 0x00005e38   Data           8  tss_sensor.o(.constdata)
    TSS_TSIL0_METHOD_ROMDATA_CONTEXT         0x00005e40   Data          16  tss_sensortsil.o(.constdata)
    TSS_E0_ROMDATA_CONTEXT                   0x00005e50   Data          12  tss_sensortsil.o(.constdata)
    TSS_E1_ROMDATA_CONTEXT                   0x00005e5c   Data          12  tss_sensortsil.o(.constdata)
    TSS_C0_INPUTS_GROUP                      0x00005e6c   Data           2  tss_systemsetupdata.o(.constdata)
    TSS_C0_STRUCTURE_ROM_CONTEXT             0x00005e70   Data          28  tss_systemsetupdata.o(.constdata)
    tss_faCallback                           0x00005e8c   Data           4  tss_systemsetupdata.o(.constdata)
    tss_acpsDecRAMContext                    0x00005e90   Data           4  tss_systemsetupdata.o(.constdata)
    tss_acpsDecROMContext                    0x00005e94   Data           4  tss_systemsetupdata.o(.constdata)
    tss_acpsCSStructs                        0x00005e98   Data           4  tss_systemsetupdata.o(.constdata)
    tss_faDecoders                           0x00005e9c   Data           4  tss_systemsetupdata.o(.constdata)
    tss_cau8ShieldPairs                      0x00005ea0   Data           1  tss_systemsetupdata.o(.constdata)
    tss_cau8SignalDivider                    0x00005ea1   Data           2  tss_systemsetupdata.o(.constdata)
    tss_fDecodersControl                     0x00005ea4   Data           4  tss_systemsetupdata.o(.constdata)
    tss_cu8NumElecs                          0x00005ea8   Data           1  tss_systemsetupdata.o(.constdata)
    tss_cu8NumCtrls                          0x00005ea9   Data           1  tss_systemsetupdata.o(.constdata)
    tss_cu8ElecBitFldLn                      0x00005eaa   Data           1  tss_systemsetupdata.o(.constdata)
    tss_fCalculateIIRFilter                  0x00005eac   Data           4  tss_systemsetupdata.o(.constdata)
    tss_fCalculateShielding                  0x00005eb0   Data           4  tss_systemsetupdata.o(.constdata)
    tss_fInitPrevCapSample                   0x00005eb4   Data           4  tss_systemsetupdata.o(.constdata)
    tss_fFillDeltaLogBuffer                  0x00005eb8   Data           4  tss_systemsetupdata.o(.constdata)
    tss_fFillSignalLogBuffer                 0x00005ebc   Data           4  tss_systemsetupdata.o(.constdata)
    tss_fDataCorruptionCheck                 0x00005ec0   Data           4  tss_systemsetupdata.o(.constdata)
    tss_fFmstrCall                           0x00005ec4   Data           4  tss_systemsetupdata.o(.constdata)
    tss_fTriggerConfig                       0x00005ec8   Data           4  tss_systemsetupdata.o(.constdata)
    tss_fTriggerControl                      0x00005ecc   Data           4  tss_systemsetupdata.o(.constdata)
    tss_fLowPowerConfig                      0x00005ed0   Data           4  tss_systemsetupdata.o(.constdata)
    tss_fOnFault                             0x00005ed4   Data           4  tss_systemsetupdata.o(.constdata)
    tss_fOnInit                              0x00005ed8   Data           4  tss_systemsetupdata.o(.constdata)
    tss_cu8APosFilterWeight                  0x00005edc   Data           1  tss_systemsetupdata.o(.constdata)
    tss_fASliderCalculatePosIIRFilter        0x00005ee0   Data           4  tss_systemsetupdata.o(.constdata)
    tss_fASliderDelayControl                 0x00005ee4   Data           4  tss_systemsetupdata.o(.constdata)
    tss_cu8ASliderTrendBufferLength          0x00005ee8   Data           1  tss_systemsetupdata.o(.constdata)
    tss_i8ASliderTrendThreshold              0x00005ee9   Data           1  tss_systemsetupdata.o(.constdata)
    tss_fASliderTrendThreshold               0x00005eec   Data           4  tss_systemsetupdata.o(.constdata)
    tss_fASliderTrendControl                 0x00005ef0   Data           4  tss_systemsetupdata.o(.constdata)
    tss_fOnProximity                         0x00005ef4   Data           4  tss_systemsetupdata.o(.constdata)
    tss_fProximityConfig                     0x00005ef8   Data           4  tss_systemsetupdata.o(.constdata)
    tss_fStuckKeyControl                     0x00005efc   Data           4  tss_systemsetupdata.o(.constdata)
    tss_fResetStuckKeyCounter                0x00005f00   Data           4  tss_systemsetupdata.o(.constdata)
    tss_fNegativeBaselineDrop                0x00005f04   Data           4  tss_systemsetupdata.o(.constdata)
    tss_fKeyDetectorRecalibrationRequest     0x00005f08   Data           4  tss_systemsetupdata.o(.constdata)
    tss_fSignalDivider                       0x00005f0c   Data           4  tss_systemsetupdata.o(.constdata)
    tss_fSignalMultiplier                    0x00005f10   Data           4  tss_systemsetupdata.o(.constdata)
    tss_fAutoCalibration                     0x00005f14   Data           4  tss_systemsetupdata.o(.constdata)
    tss_fSensitivityLowLimitControl          0x00005f18   Data           4  tss_systemsetupdata.o(.constdata)
    tss_fDeltaNoiseAnalysisIIRControl        0x00005f1c   Data           4  tss_systemsetupdata.o(.constdata)
    tss_cu8BaselineInitLength                0x00005f20   Data           1  tss_systemsetupdata.o(.constdata)
    tss_cu8AutoCalibInitLength               0x00005f21   Data           1  tss_systemsetupdata.o(.constdata)
    tss_ci8DeltaNoiseAnalysisIIRWeights      0x00005f22   Data           2  tss_systemsetupdata.o(.constdata)
    tss_csKeyBasicASCContext                 0x00005f24   Data           6  tss_systemsetupdata.o(.constdata)
    tss_fKeyDetectorElectrodeEval            0x00005f2c   Data           4  tss_systemsetupdata.o(.constdata)
    tss_fKeyDetectorIntegrationResetEval     0x00005f30   Data           4  tss_systemsetupdata.o(.constdata)
    tss_fKeyNoiseSchedulerInit               0x00005f34   Data           4  tss_systemsetupdata.o(.constdata)
    tss_fKeyNoiseSchedulerRun                0x00005f38   Data           4  tss_systemsetupdata.o(.constdata)
    __mathlib_zero                           0x00005fd8   Data           8  qnan.o(.constdata)
    Region$$Table$$Base                      0x00005ff4   Number         0  anon$$obj.o(Region$$Table)
    Region$$Table$$Limit                     0x00006014   Number         0  anon$$obj.o(Region$$Table)
    prevSliderPos                            0x1ffffc00   Data           4  events.o(.data)
    mcg_clk_hz                               0x1ffffc2c   Data           4  sysinit_kl25.o(.data)
    tss_u8SampleIntFlag                      0x1ffffc30   Data           1  tss_sensor.o(.data)
    cASlider1                                0x1ffffc31   Data           8  tss_systemsetupdata.o(.data)
    TSS_C0_STRUCTURE_RAM_CONTEXT             0x1ffffc3a   Data           2  tss_systemsetupdata.o(.data)
    TSS_C0_POSFILTER_CONTEXT                 0x1ffffc3c   Data           2  tss_systemsetupdata.o(.data)
    TSS_C0_TREND_CONTEXT                     0x1ffffc3e   Data           3  tss_systemsetupdata.o(.data)
    tss_au8Sensitivity                       0x1ffffc41   Data           2  tss_systemsetupdata.o(.data)
    tss_au8ElectrodeEnablers                 0x1ffffc43   Data           1  tss_systemsetupdata.o(.data)
    tss_au8ElectrodeStatus                   0x1ffffc44   Data           1  tss_systemsetupdata.o(.data)
    tss_au16ElecBaseline                     0x1ffffc46   Data           4  tss_systemsetupdata.o(.data)
    tss_au8ElectrodeMeasured                 0x1ffffc4a   Data           1  tss_systemsetupdata.o(.data)
    tss_au8ElectrodeMarker                   0x1ffffc4b   Data           1  tss_systemsetupdata.o(.data)
    tss_au8ElectrodeLowThresholdEnablers     0x1ffffc4c   Data           1  tss_systemsetupdata.o(.data)
    tss_au8ElectrodeDCTrackerEnablers        0x1ffffc4d   Data           1  tss_systemsetupdata.o(.data)
    tss_au8DebounceCount                     0x1ffffc4e   Data           2  tss_systemsetupdata.o(.data)
    tss_au8TouchCount                        0x1ffffc50   Data           2  tss_systemsetupdata.o(.data)
    tss_au8ReleaseCount                      0x1ffffc52   Data           2  tss_systemsetupdata.o(.data)
    tss_au8ElecState                         0x1ffffc54   Data           2  tss_systemsetupdata.o(.data)
    tss_au8ControlScheduleCount              0x1ffffc56   Data           1  tss_systemsetupdata.o(.data)
    tss_au16PrevCapSample                    0x1ffffc58   Data           4  tss_systemsetupdata.o(.data)
    tss_ai8InstantDelta                      0x1ffffc5c   Data           2  tss_systemsetupdata.o(.data)
    tss_au16InstantSignal                    0x1ffffc5e   Data           4  tss_systemsetupdata.o(.data)
    tss_u8ConfCheckSum                       0x1ffffc62   Data           1  tss_systemsetupdata.o(.data)
    tss_au8StuckCount                        0x1ffffc63   Data           2  tss_systemsetupdata.o(.data)
    tss_ai8MaxDeltaAmplitude                 0x1ffffc65   Data           2  tss_systemsetupdata.o(.data)
    tss_ai8DeltaAmplitude                    0x1ffffc67   Data           2  tss_systemsetupdata.o(.data)
    tss_asAutoCalibrationData                0x1ffffc69   Data           6  tss_systemsetupdata.o(.data)
    tss_ai8NoiseAmplitude                    0x1ffffc6f   Data           2  tss_systemsetupdata.o(.data)
    tss_ai8SensitivityLowLimit               0x1ffffc71   Data           1  tss_systemsetupdata.o(.data)
    u16LPcounter                             0x1ffffc74   Data           2  main.o(.data)
    SliderPos                                0x1ffffc88   Data           1  project1.o(.data)
    LED_on                                   0x1ffffc89   Data           1  project1.o(.data)
    LowBattery                               0x1ffffc8a   Data           1  project1.o(.data)
    LowBattWarned                            0x1ffffc8b   Data           1  project1.o(.data)
    BoardTilted                              0x1ffffc8c   Data           1  project1.o(.data)
    step_delay                               0x1ffffc8e   Data           2  project1.o(.data)
    roll                                     0x1ffffc90   Data           1  mma8451.o(.data)
    pitch                                    0x1ffffc91   Data           1  mma8451.o(.data)
    acc_X                                    0x1ffffc92   Data           2  mma8451.o(.data)
    acc_Y                                    0x1ffffc94   Data           2  mma8451.o(.data)
    acc_Z                                    0x1ffffc96   Data           2  mma8451.o(.data)
    PIT_interrupt_counter                    0x1ffffc98   Data           4  timers.o(.data)
    tss_u16CapSample                         0x1ffffca2   Data           2  tss_keydetector.o(.data)
    TSS_TSIL0_METHOD_RAMDATA_CONTEXT         0x1ffffd1c   Data          10  tss_sensortsil.o(.bss)
    TSS_TSIL0_CHANNEL_COUNTER_BUFFER         0x1ffffd26   Data          32  tss_sensortsil.o(.bss)
    TSS_C0_TREND_BUFFER                      0x1ffffd46   Data          32  tss_systemsetupdata.o(.bss)
    tss_CSSys                                0x1ffffd66   Data          12  tss_systemsetupdata.o(.bss)
    tss_asDeltaNoiseAnalysisIIRData          0x1ffffd72   Data          12  tss_systemsetupdata.o(.bss)
    __initial_sp                             0x20000180   Data           0  startup_mkl25z4.o(STACK)



==============================================================================

Memory Map of the image

  Image Entry point : 0x000000c1

  Load Region LR_IROM1 (Base: 0x00000000, Size: 0x000060c4, Max: 0x00008000, ABSOLUTE)

    Execution Region ER_IROM1 (Base: 0x00000000, Size: 0x00006014, Max: 0x00008000, ABSOLUTE)

    Base Addr    Size         Type   Attr      Idx    E Section Name        Object

    0x00000000   0x000000c0   Data   RO          581    RESET               startup_mkl25z4.o
    0x000000c0   0x00000000   Code   RO          989  * .ARM.Collect$$$$00000000  mc_p.l(entry.o)
    0x000000c0   0x00000004   Code   RO         1049    .ARM.Collect$$$$00000001  mc_p.l(entry2.o)
    0x000000c4   0x00000004   Code   RO         1052    .ARM.Collect$$$$00000004  mc_p.l(entry5.o)
    0x000000c8   0x00000000   Code   RO         1054    .ARM.Collect$$$$00000008  mc_p.l(entry7b.o)
    0x000000c8   0x00000000   Code   RO         1056    .ARM.Collect$$$$0000000A  mc_p.l(entry8b.o)
    0x000000c8   0x00000008   Code   RO         1057    .ARM.Collect$$$$0000000B  mc_p.l(entry9a.o)
    0x000000d0   0x00000000   Code   RO         1059    .ARM.Collect$$$$0000000D  mc_p.l(entry10a.o)
    0x000000d0   0x00000000   Code   RO         1061    .ARM.Collect$$$$0000000F  mc_p.l(entry11a.o)
    0x000000d0   0x00000004   Code   RO         1050    .ARM.Collect$$$$00002712  mc_p.l(entry2.o)
    0x000000d4   0x000000d8   Code   RO            1    .text               app_init.o
    0x000001ac   0x000000b4   Code   RO           59    .text               events.o
    0x00000260   0x00000094   Code   RO          167    .text               freemaster_scope.o
    0x000002f4   0x000000cc   Code   RO          209    .text               freemaster_kxx.o
    0x000003c0   0x0000000c   Code   RO          283    .text               wdog_kl25.o
    0x000003cc   0x0000002c   Code   RO          319    .text               tss_sensor.o
    0x000003f8   0x00000000   Code   RO         1072    .text               mc_p.l(iusefp.o)
    0x000003f8   0x00000008   Code   RO         1036    i.__mathlib_dbl_infnan2  m_ps.l(dunder.o)
    0x00000400   0x00000010   Code   RO          582    .ARM.__at_0x400     startup_mkl25z4.o
    0x00000410   0x000001c4   Code   RO          142    .text               freemaster_protocol.o
    0x000005d4   0x00000278   Code   RO          182    .text               freemaster_serial.o
    0x0000084c   0x00000158   Code   RO          197    .text               freemaster_tsa.o
    0x000009a4   0x0000006c   Code   RO          224    .text               arm_cm0.o
    0x00000a10   0x000000a4   Code   RO          236    .text               sysinit_kl25.o
    0x00000ab4   0x00001398   Code   RO          267    .text               mcg_kl25.o
    0x00001e4c   0x000000f0   Code   RO          295    .text               uart_kl25.o
    0x00001f3c   0x000008ac   Code   RO          396    .text               tss_sensortsil.o
    0x000027e8   0x0000000c   Code   RO          426    .text               tss_systemsetupdata.o
    0x000027f4   0x00000108   Code   RO          541    .text               main.o
    0x000028fc   0x0000001c   Code   RO          583    .text               startup_mkl25z4.o
    0x00002918   0x0000000c   Code   RO          590    .text               system_mkl25z4.o
    0x00002924   0x00000218   Code   RO          602    .text               board.o
    0x00002b3c   0x000000fc   Code   RO          615    .text               project1.o
    0x00002c38   0x00000018   Code   RO          637    .text               delay.o
    0x00002c50   0x00000190   Code   RO          673    .text               i2c.o
    0x00002de0   0x0000019c   Code   RO          719    .text               mma8451.o
    0x00002f7c   0x00000114   Code   RO          746    .text               timers.o
    0x00003090   0x00000060   Code   RO          777    .text               adc.o
    0x000030f0   0x0000002c   Code   RO          992    .text               mc_p.l(uidiv.o)
    0x0000311c   0x00000028   Code   RO          994    .text               mc_p.l(idiv.o)
    0x00003144   0x000000b2   Code   RO          996    .text               mf_p.l(fadd.o)
    0x000031f6   0x0000007a   Code   RO          998    .text               mf_p.l(fmul.o)
    0x00003270   0x0000007c   Code   RO         1000    .text               mf_p.l(fdiv.o)
    0x000032ec   0x00000018   Code   RO         1002    .text               mf_p.l(fscalb.o)
    0x00003304   0x000000d0   Code   RO         1004    .text               mf_p.l(dmul.o)
    0x000033d4   0x000000f0   Code   RO         1006    .text               mf_p.l(ddiv.o)
    0x000034c4   0x0000002c   Code   RO         1008    .text               mf_p.l(dscalb.o)
    0x000034f0   0x00000016   Code   RO         1010    .text               mf_p.l(fflti.o)
    0x00003506   0x00000002   PAD
    0x00003508   0x00000028   Code   RO         1012    .text               mf_p.l(dflti.o)
    0x00003530   0x0000001c   Code   RO         1014    .text               mf_p.l(dfltui.o)
    0x0000354c   0x00000028   Code   RO         1016    .text               mf_p.l(ffixui.o)
    0x00003574   0x0000003c   Code   RO         1018    .text               mf_p.l(dfixui.o)
    0x000035b0   0x00000028   Code   RO         1020    .text               mf_p.l(f2d.o)
    0x000035d8   0x00000038   Code   RO         1022    .text               mf_p.l(d2f.o)
    0x00003610   0x00000022   Code   RO         1063    .text               mc_p.l(llushr.o)
    0x00003632   0x00000082   Code   RO         1073    .text               mf_p.l(fepilogue.o)
    0x000036b4   0x000000be   Code   RO         1075    .text               mf_p.l(depilogue.o)
    0x00003772   0x00000002   PAD
    0x00003774   0x00000164   Code   RO         1079    .text               mf_p.l(dadd.o)
    0x000038d8   0x000000a2   Code   RO         1081    .text               mf_p.l(dsqrt.o)
    0x0000397a   0x00000002   PAD
    0x0000397c   0x00000024   Code   RO         1089    .text               mc_p.l(init.o)
    0x000039a0   0x00000020   Code   RO         1091    .text               mc_p.l(llshl.o)
    0x000039c0   0x00000026   Code   RO         1093    .text               mc_p.l(llsshr.o)
    0x000039e6   0x00000002   PAD
    0x000039e8   0x0000006c   Code   RO          801    i.TSS_ASliderCalculatePosIIRFilter  TSS_KXX_M0.lib(tss_asliderdecoder.o)
    0x00003a54   0x00000458   Code   RO          802    i.TSS_ASliderDecoder  TSS_KXX_M0.lib(tss_asliderdecoder.o)
    0x00003eac   0x000000ec   Code   RO          804    i.TSS_ASliderTrendControl  TSS_KXX_M0.lib(tss_asliderdecoder.o)
    0x00003f98   0x00000028   Code   RO          805    i.TSS_ASliderTrendThreshold  TSS_KXX_M0.lib(tss_asliderdecoder.o)
    0x00003fc0   0x00000094   Code   RO          904    i.TSS_BrowseModules  TSS_KXX_M0.lib(tss_main.o)
    0x00004054   0x00000016   Code   RO          815    i.TSS_CutSInt16ToSInt8  TSS_KXX_M0.lib(tss_filters.o)
    0x0000406a   0x00000002   PAD
    0x0000406c   0x000000bc   Code   RO          905    i.TSS_DataCorruptionCheck  TSS_KXX_M0.lib(tss_main.o)
    0x00004128   0x00000078   Code   RO          906    i.TSS_DecodersControl  TSS_KXX_M0.lib(tss_main.o)
    0x000041a0   0x0000007c   Code   RO          907    i.TSS_FaultEvaluation  TSS_KXX_M0.lib(tss_main.o)
    0x0000421c   0x00000110   Code   RO          916    i.TSS_GetSystemConfig  TSS_KXX_M0.lib(tss_main.o)
    0x0000432c   0x0000006c   Code   RO          917    i.TSS_Init          TSS_KXX_M0.lib(tss_main.o)
    0x00004398   0x00000054   Code   RO          918    i.TSS_InitInternalArrays  TSS_KXX_M0.lib(tss_main.o)
    0x000043ec   0x00000058   Code   RO          919    i.TSS_InitRegisterArrays  TSS_KXX_M0.lib(tss_main.o)
    0x00004444   0x00000074   Code   RO          888    i.TSS_KeyBasicDeltaNoiseAnalysisIIRControl  TSS_KXX_M0.lib(tss_keydetectornormal.o)
    0x000044b8   0x00000198   Code   RO          889    i.TSS_KeyBasicDetect  TSS_KXX_M0.lib(tss_keydetectornormal.o)
    0x00004650   0x00000290   Code   RO          890    i.TSS_KeyBasicElectrodeEval  TSS_KXX_M0.lib(tss_keydetectornormal.o)
    0x000048e0   0x00000074   Code   RO          891    i.TSS_KeyBasicEvaluateNoiseData  TSS_KXX_M0.lib(tss_keydetectornormal.o)
    0x00004954   0x00000090   Code   RO          893    i.TSS_KeyBasicNegativeBaselineDrop  TSS_KXX_M0.lib(tss_keydetectornormal.o)
    0x000049e4   0x00000240   Code   RO          894    i.TSS_KeyBasicSensAutoCalibration  TSS_KXX_M0.lib(tss_keydetectornormal.o)
    0x00004c24   0x0000004c   Code   RO          895    i.TSS_KeyBasicStuckKeyControl  TSS_KXX_M0.lib(tss_keydetectornormal.o)
    0x00004c70   0x00000020   Code   RO          839    i.TSS_KeyDetectorCalculateDelta  TSS_KXX_M0.lib(tss_keydetector.o)
    0x00004c90   0x0000001c   Code   RO          816    i.TSS_KeyDetectorCalculateIIRFilter  TSS_KXX_M0.lib(tss_filters.o)
    0x00004cac   0x00000020   Code   RO          840    i.TSS_KeyDetectorCalibrate  TSS_KXX_M0.lib(tss_keydetector.o)
    0x00004ccc   0x0000003c   Code   RO          841    i.TSS_KeyDetectorDCTrackerEvalExecution  TSS_KXX_M0.lib(tss_keydetector.o)
    0x00004d08   0x00000030   Code   RO          842    i.TSS_KeyDetectorElectrodeStatusUpdate  TSS_KXX_M0.lib(tss_keydetector.o)
    0x00004d38   0x00000026   Code   RO          843    i.TSS_KeyDetectorFaultDecoder  TSS_KXX_M0.lib(tss_keydetector.o)
    0x00004d5e   0x00000002   PAD
    0x00004d60   0x00000010   Code   RO          844    i.TSS_KeyDetectorFillDeltaLogBuffer  TSS_KXX_M0.lib(tss_keydetector.o)
    0x00004d70   0x00000014   Code   RO          845    i.TSS_KeyDetectorFillSignalLogBuffer  TSS_KXX_M0.lib(tss_keydetector.o)
    0x00004d84   0x0000000c   Code   RO          846    i.TSS_KeyDetectorGetDCTrackerCounter  TSS_KXX_M0.lib(tss_keydetector.o)
    0x00004d90   0x00000040   Code   RO          847    i.TSS_KeyDetectorGetElectrodeEnablerStatus  TSS_KXX_M0.lib(tss_keydetector.o)
    0x00004dd0   0x00000040   Code   RO          848    i.TSS_KeyDetectorGetElectrodeGroupStatus  TSS_KXX_M0.lib(tss_keydetector.o)
    0x00004e10   0x00000040   Code   RO          849    i.TSS_KeyDetectorGetShieldElectrodeReleaseStatus  TSS_KXX_M0.lib(tss_keydetector.o)
    0x00004e50   0x0000000c   Code   RO          850    i.TSS_KeyDetectorGetSlowDCTrackerCounter  TSS_KXX_M0.lib(tss_keydetector.o)
    0x00004e5c   0x00000040   Code   RO          851    i.TSS_KeyDetectorInit  TSS_KXX_M0.lib(tss_keydetector.o)
    0x00004e9c   0x00000014   Code   RO          818    i.TSS_KeyDetectorInitPrevCapSample  TSS_KXX_M0.lib(tss_filters.o)
    0x00004eb0   0x00000198   Code   RO          852    i.TSS_KeyDetectorMain  TSS_KXX_M0.lib(tss_keydetector.o)
    0x00005048   0x00000088   Code   RO          854    i.TSS_KeyDetectorRecalibrateElectrode  TSS_KXX_M0.lib(tss_keydetector.o)
    0x000050d0   0x00000014   Code   RO          855    i.TSS_KeyDetectorRecalibrateModules  TSS_KXX_M0.lib(tss_keydetector.o)
    0x000050e4   0x00000010   Code   RO          856    i.TSS_KeyDetectorRecalibrationRequest  TSS_KXX_M0.lib(tss_keydetector.o)
    0x000050f4   0x00000024   Code   RO          857    i.TSS_KeyDetectorReleaseElectrode  TSS_KXX_M0.lib(tss_keydetector.o)
    0x00005118   0x00000014   Code   RO          858    i.TSS_KeyDetectorResetElectrode  TSS_KXX_M0.lib(tss_keydetector.o)
    0x0000512c   0x0000001c   Code   RO          859    i.TSS_KeyDetectorResetElectrodeDebouncing  TSS_KXX_M0.lib(tss_keydetector.o)
    0x00005148   0x00000024   Code   RO          860    i.TSS_KeyDetectorResetElectrodeMeasured  TSS_KXX_M0.lib(tss_keydetector.o)
    0x0000516c   0x0000000c   Code   RO          861    i.TSS_KeyDetectorResetStuckKeyCounter  TSS_KXX_M0.lib(tss_keydetector.o)
    0x00005178   0x00000044   Code   RO          862    i.TSS_KeyDetectorRestartElectrode  TSS_KXX_M0.lib(tss_keydetector.o)
    0x000051bc   0x0000001c   Code   RO          819    i.TSS_KeyDetectorSignalDivider  TSS_KXX_M0.lib(tss_filters.o)
    0x000051d8   0x000000a0   Code   RO          925    i.TSS_LowPowerConfig  TSS_KXX_M0.lib(tss_main.o)
    0x00005278   0x000000fc   Code   RO          807    i.TSS_SetASliderConfig  TSS_KXX_M0.lib(tss_asliderdecoder.o)
    0x00005374   0x000000a0   Code   RO          927    i.TSS_SetControlElectrodesEnablers  TSS_KXX_M0.lib(tss_main.o)
    0x00005414   0x00000328   Code   RO          929    i.TSS_SetSystemConfig  TSS_KXX_M0.lib(tss_main.o)
    0x0000573c   0x0000002c   Code   RO          824    i.TSS_SubUInt16WithUInt16ToSInt16  TSS_KXX_M0.lib(tss_filters.o)
    0x00005768   0x000000d0   Code   RO          934    i.TSS_Task          TSS_KXX_M0.lib(tss_main.o)
    0x00005838   0x0000006c   Code   RO          936    i.TSS_TriggerConfig  TSS_KXX_M0.lib(tss_main.o)
    0x000058a4   0x00000044   Code   RO          937    i.TSS_TriggerControl  TSS_KXX_M0.lib(tss_main.o)
    0x000058e8   0x0000002e   Code   RO         1077    i.__ARM_clz         mf_p.l(depilogue.o)
    0x00005916   0x0000001a   Code   RO          414    i.__ARM_common_switch8  tss_sensortsil.o
    0x00005930   0x0000002c   Code   RO         1085    i.__ARM_fpclassify  m_ps.l(fpclassify.o)
    0x0000595c   0x000000ac   Code   RO         1087    i.__kernel_poly     m_ps.l(poly.o)
    0x00005a08   0x0000000a   Code   RO         1035    i.__mathlib_dbl_infnan  m_ps.l(dunder.o)
    0x00005a12   0x00000002   PAD
    0x00005a14   0x00000014   Code   RO         1040    i.__mathlib_dbl_underflow  m_ps.l(dunder.o)
    0x00005a28   0x0000000e   Code   RO         1097    i.__scatterload_copy  mc_p.l(handlers.o)
    0x00005a36   0x00000002   Code   RO         1098    i.__scatterload_null  mc_p.l(handlers.o)
    0x00005a38   0x0000000e   Code   RO         1099    i.__scatterload_zeroinit  mc_p.l(handlers.o)
    0x00005a46   0x00000002   PAD
    0x00005a48   0x0000000c   Code   RO         1067    i.__set_errno       mc_p.l(errno.o)
    0x00005a54   0x0000021c   Code   RO         1025    i.atan              m_ps.l(atan.o)
    0x00005c70   0x00000178   Code   RO          974    i.atan2             m_ps.l(atan2.o)
    0x00005de8   0x00000048   Code   RO          982    i.sqrt              m_ps.l(sqrt.o)
    0x00005e30   0x00000008   Data   RO          320    .constdata          tss_sensor.o
    0x00005e38   0x00000008   Data   RO          322    .constdata          tss_sensor.o
    0x00005e40   0x00000010   Data   RO          398    .constdata          tss_sensortsil.o
    0x00005e50   0x0000000c   Data   RO          399    .constdata          tss_sensortsil.o
    0x00005e5c   0x0000000c   Data   RO          400    .constdata          tss_sensortsil.o
    0x00005e68   0x00000004   Data   RO          401    .constdata          tss_sensortsil.o
    0x00005e6c   0x00000002   Data   RO          430    .constdata          tss_systemsetupdata.o
    0x00005e6e   0x00000002   PAD
    0x00005e70   0x0000001c   Data   RO          431    .constdata          tss_systemsetupdata.o
    0x00005e8c   0x00000004   Data   RO          432    .constdata          tss_systemsetupdata.o
    0x00005e90   0x00000004   Data   RO          433    .constdata          tss_systemsetupdata.o
    0x00005e94   0x00000004   Data   RO          434    .constdata          tss_systemsetupdata.o
    0x00005e98   0x00000004   Data   RO          435    .constdata          tss_systemsetupdata.o
    0x00005e9c   0x00000004   Data   RO          436    .constdata          tss_systemsetupdata.o
    0x00005ea0   0x00000001   Data   RO          437    .constdata          tss_systemsetupdata.o
    0x00005ea1   0x00000002   Data   RO          438    .constdata          tss_systemsetupdata.o
    0x00005ea3   0x00000001   PAD
    0x00005ea4   0x00000004   Data   RO          441    .constdata          tss_systemsetupdata.o
    0x00005ea8   0x00000001   Data   RO          442    .constdata          tss_systemsetupdata.o
    0x00005ea9   0x00000001   Data   RO          443    .constdata          tss_systemsetupdata.o
    0x00005eaa   0x00000001   Data   RO          444    .constdata          tss_systemsetupdata.o
    0x00005eab   0x00000001   PAD
    0x00005eac   0x00000004   Data   RO          446    .constdata          tss_systemsetupdata.o
    0x00005eb0   0x00000004   Data   RO          447    .constdata          tss_systemsetupdata.o
    0x00005eb4   0x00000004   Data   RO          448    .constdata          tss_systemsetupdata.o
    0x00005eb8   0x00000004   Data   RO          449    .constdata          tss_systemsetupdata.o
    0x00005ebc   0x00000004   Data   RO          451    .constdata          tss_systemsetupdata.o
    0x00005ec0   0x00000004   Data   RO          452    .constdata          tss_systemsetupdata.o
    0x00005ec4   0x00000004   Data   RO          453    .constdata          tss_systemsetupdata.o
    0x00005ec8   0x00000004   Data   RO          454    .constdata          tss_systemsetupdata.o
    0x00005ecc   0x00000004   Data   RO          455    .constdata          tss_systemsetupdata.o
    0x00005ed0   0x00000004   Data   RO          456    .constdata          tss_systemsetupdata.o
    0x00005ed4   0x00000004   Data   RO          457    .constdata          tss_systemsetupdata.o
    0x00005ed8   0x00000004   Data   RO          458    .constdata          tss_systemsetupdata.o
    0x00005edc   0x00000001   Data   RO          459    .constdata          tss_systemsetupdata.o
    0x00005edd   0x00000003   PAD
    0x00005ee0   0x00000004   Data   RO          460    .constdata          tss_systemsetupdata.o
    0x00005ee4   0x00000004   Data   RO          462    .constdata          tss_systemsetupdata.o
    0x00005ee8   0x00000001   Data   RO          463    .constdata          tss_systemsetupdata.o
    0x00005ee9   0x00000001   Data   RO          464    .constdata          tss_systemsetupdata.o
    0x00005eea   0x00000002   PAD
    0x00005eec   0x00000004   Data   RO          465    .constdata          tss_systemsetupdata.o
    0x00005ef0   0x00000004   Data   RO          466    .constdata          tss_systemsetupdata.o
    0x00005ef4   0x00000004   Data   RO          469    .constdata          tss_systemsetupdata.o
    0x00005ef8   0x00000004   Data   RO          470    .constdata          tss_systemsetupdata.o
    0x00005efc   0x00000004   Data   RO          471    .constdata          tss_systemsetupdata.o
    0x00005f00   0x00000004   Data   RO          472    .constdata          tss_systemsetupdata.o
    0x00005f04   0x00000004   Data   RO          473    .constdata          tss_systemsetupdata.o
    0x00005f08   0x00000004   Data   RO          474    .constdata          tss_systemsetupdata.o
    0x00005f0c   0x00000004   Data   RO          475    .constdata          tss_systemsetupdata.o
    0x00005f10   0x00000004   Data   RO          476    .constdata          tss_systemsetupdata.o
    0x00005f14   0x00000004   Data   RO          477    .constdata          tss_systemsetupdata.o
    0x00005f18   0x00000004   Data   RO          478    .constdata          tss_systemsetupdata.o
    0x00005f1c   0x00000004   Data   RO          479    .constdata          tss_systemsetupdata.o
    0x00005f20   0x00000001   Data   RO          480    .constdata          tss_systemsetupdata.o
    0x00005f21   0x00000001   Data   RO          481    .constdata          tss_systemsetupdata.o
    0x00005f22   0x00000002   Data   RO          482    .constdata          tss_systemsetupdata.o
    0x00005f24   0x00000006   Data   RO          483    .constdata          tss_systemsetupdata.o
    0x00005f2a   0x00000002   PAD
    0x00005f2c   0x00000004   Data   RO          485    .constdata          tss_systemsetupdata.o
    0x00005f30   0x00000004   Data   RO          486    .constdata          tss_systemsetupdata.o
    0x00005f34   0x00000004   Data   RO          487    .constdata          tss_systemsetupdata.o
    0x00005f38   0x00000004   Data   RO          488    .constdata          tss_systemsetupdata.o
    0x00005f3c   0x00000004   PAD
    0x00005f40   0x00000098   Data   RO         1026    .constdata          m_ps.l(atan.o)
    0x00005fd8   0x00000008   Data   RO         1048    .constdata          m_ps.l(qnan.o)
    0x00005fe0   0x00000012   Data   RO          542    .conststring        main.o
    0x00005ff2   0x00000002   PAD
    0x00005ff4   0x00000020   Data   RO         1095    Region$$Table       anon$$obj.o


    Execution Region RW_IRAM1 (Base: 0x1ffffc00, Size: 0x00000580, Max: 0x00001000, ABSOLUTE)

    Base Addr    Size         Type   Attr      Idx    E Section Name        Object

    0x1ffffc00   0x00000004   Data   RW           60    .data               events.o
    0x1ffffc04   0x00000009   Data   RW          169    .data               freemaster_scope.o
    0x1ffffc0d   0x00000003   PAD
    0x1ffffc10   0x00000018   Data   RW          184    .data               freemaster_serial.o
    0x1ffffc28   0x00000001   Data   RW          210    .data               freemaster_kxx.o
    0x1ffffc29   0x00000003   PAD
    0x1ffffc2c   0x00000004   Data   RW          237    .data               sysinit_kl25.o
    0x1ffffc30   0x00000001   Data   RW          325    .data               tss_sensor.o
    0x1ffffc31   0x00000008   Data   RW          491    .data               tss_systemsetupdata.o
    0x1ffffc39   0x00000001   PAD
    0x1ffffc3a   0x00000002   Data   RW          492    .data               tss_systemsetupdata.o
    0x1ffffc3c   0x00000002   Data   RW          494    .data               tss_systemsetupdata.o
    0x1ffffc3e   0x00000003   Data   RW          496    .data               tss_systemsetupdata.o
    0x1ffffc41   0x00000002   Data   RW          498    .data               tss_systemsetupdata.o
    0x1ffffc43   0x00000001   Data   RW          499    .data               tss_systemsetupdata.o
    0x1ffffc44   0x00000001   Data   RW          500    .data               tss_systemsetupdata.o
    0x1ffffc45   0x00000001   PAD
    0x1ffffc46   0x00000004   Data   RW          501    .data               tss_systemsetupdata.o
    0x1ffffc4a   0x00000001   Data   RW          502    .data               tss_systemsetupdata.o
    0x1ffffc4b   0x00000001   Data   RW          503    .data               tss_systemsetupdata.o
    0x1ffffc4c   0x00000001   Data   RW          504    .data               tss_systemsetupdata.o
    0x1ffffc4d   0x00000001   Data   RW          505    .data               tss_systemsetupdata.o
    0x1ffffc4e   0x00000002   Data   RW          506    .data               tss_systemsetupdata.o
    0x1ffffc50   0x00000002   Data   RW          507    .data               tss_systemsetupdata.o
    0x1ffffc52   0x00000002   Data   RW          508    .data               tss_systemsetupdata.o
    0x1ffffc54   0x00000002   Data   RW          509    .data               tss_systemsetupdata.o
    0x1ffffc56   0x00000001   Data   RW          510    .data               tss_systemsetupdata.o
    0x1ffffc57   0x00000001   PAD
    0x1ffffc58   0x00000004   Data   RW          511    .data               tss_systemsetupdata.o
    0x1ffffc5c   0x00000002   Data   RW          512    .data               tss_systemsetupdata.o
    0x1ffffc5e   0x00000004   Data   RW          514    .data               tss_systemsetupdata.o
    0x1ffffc62   0x00000001   Data   RW          515    .data               tss_systemsetupdata.o
    0x1ffffc63   0x00000002   Data   RW          516    .data               tss_systemsetupdata.o
    0x1ffffc65   0x00000002   Data   RW          517    .data               tss_systemsetupdata.o
    0x1ffffc67   0x00000002   Data   RW          518    .data               tss_systemsetupdata.o
    0x1ffffc69   0x00000006   Data   RW          519    .data               tss_systemsetupdata.o
    0x1ffffc6f   0x00000002   Data   RW          520    .data               tss_systemsetupdata.o
    0x1ffffc71   0x00000001   Data   RW          521    .data               tss_systemsetupdata.o
    0x1ffffc72   0x00000002   PAD
    0x1ffffc74   0x00000014   Data   RW          543    .data               main.o
    0x1ffffc88   0x00000005   Data   RW          616    .data               project1.o
    0x1ffffc8d   0x00000001   PAD
    0x1ffffc8e   0x00000002   Data   RW          617    .data               project1.o
    0x1ffffc90   0x00000008   Data   RW          720    .data               mma8451.o
    0x1ffffc98   0x00000004   Data   RW          747    .data               timers.o
    0x1ffffc9c   0x00000008   Data   RW          863    .data               TSS_KXX_M0.lib(tss_keydetector.o)
    0x1ffffca4   0x00000008   Data   RW          938    .data               TSS_KXX_M0.lib(tss_main.o)
    0x1ffffcac   0x00000004   Data   RW         1068    .data               mc_p.l(errno.o)
    0x1ffffcb0   0x00000020   Zero   RW          168    .bss                freemaster_scope.o
    0x1ffffcd0   0x0000004c   Zero   RW          183    .bss                freemaster_serial.o
    0x1ffffd1c   0x0000002a   Zero   RW          397    .bss                tss_sensortsil.o
    0x1ffffd46   0x00000020   Zero   RW          427    .bss                tss_systemsetupdata.o
    0x1ffffd66   0x0000000c   Zero   RW          428    .bss                tss_systemsetupdata.o
    0x1ffffd72   0x0000000c   Zero   RW          429    .bss                tss_systemsetupdata.o
    0x1ffffd7e   0x00000002   PAD
    0x1ffffd80   0x00000400   Zero   RW          579    STACK               startup_mkl25z4.o


==============================================================================

Image component sizes


      Code (inc. data)   RO Data    RW Data    ZI Data      Debug   Object Name

        96         18          0          0          0        721   adc.o
       216         16          0          0          0     155169   app_init.o
       108         14          0          0          0       1087   arm_cm0.o
       536         76          0          0          0       1725   board.o
        24          6          0          0          0        888   delay.o
       180         30          0          4          0       1358   events.o
         0          0          0          0          0     159984   freemaster_appcmd.o
       204          6          0          1          0       3722   freemaster_kxx.o
       452          0          0          0          0       3633   freemaster_protocol.o
       148          8          0          9         32       2111   freemaster_scope.o
       632         14          0         24         76       3812   freemaster_serial.o
       344          0          0          0          0       2564   freemaster_tsa.o
       400         14          0          0          0       1459   i2c.o
       264         32         18         20          0       2165   main.o
      5016        334          0          0          0      12850   mcg_kl25.o
       412         18          0          8          0       1555   mma8451.o
       252         16          0          7          0       2406   project1.o
        44         24        192          0       1024        936   startup_mkl25z4.o
       164         34          0          4          0       1578   sysinit_kl25.o
        12          0          0          0          0        469   system_mkl25z4.o
       276         44          0          4          0     101311   timers.o
        44         10         16          1          0     146431   tss_sensor.o
         0          0          0          0          0      30817   tss_sensorgpio.o
      2246        100         44          0         42      46086   tss_sensortsil.o
        12          0        197         62         56      29454   tss_systemsetupdata.o
       240         16          0          0          0       1824   uart_kl25.o
        12          4          0          0          0        515   wdog_kl25.o

    ----------------------------------------------------------------------
     12334        834        516        156       1232     716630   Object Totals
         0          0         32          0          0          0   (incl. Generated)
         0          0         17         12          2          0   (incl. Padding)

    ----------------------------------------------------------------------

      Code (inc. data)   RO Data    RW Data    ZI Data      Debug   Library Member Name

      1748        112          0          0          0        380   tss_asliderdecoder.o
       142         30          0          0          0        316   tss_filters.o
      1306        232          0          8          0       1500   tss_keydetector.o
      2092        232          0          0          0        544   tss_keydetectornormal.o
      2644        336          0          8          0       1020   tss_main.o
       540         68        152          0          0        112   atan.o
       376         42          0          0          0        144   atan2.o
        38          6          0          0          0        204   dunder.o
        44          4          0          0          0         60   fpclassify.o
       172          0          0          0          0         76   poly.o
         0          0          8          0          0          0   qnan.o
        72          6          0          0          0         76   sqrt.o
         0          0          0          0          0          0   entry.o
         0          0          0          0          0          0   entry10a.o
         0          0          0          0          0          0   entry11a.o
         8          4          0          0          0          0   entry2.o
         4          0          0          0          0          0   entry5.o
         0          0          0          0          0          0   entry7b.o
         0          0          0          0          0          0   entry8b.o
         8          4          0          0          0          0   entry9a.o
        12          6          0          4          0         60   errno.o
        30          0          0          0          0          0   handlers.o
        40          0          0          0          0         72   idiv.o
        36          8          0          0          0         68   init.o
         0          0          0          0          0          0   iusefp.o
        32          0          0          0          0         68   llshl.o
        38          0          0          0          0         68   llsshr.o
        34          0          0          0          0         68   llushr.o
        44          0          0          0          0         72   uidiv.o
        56          0          0          0          0         68   d2f.o
       356          4          0          0          0        140   dadd.o
       240          6          0          0          0         84   ddiv.o
       236          0          0          0          0        216   depilogue.o
        60         10          0          0          0         68   dfixui.o
        40          6          0          0          0         68   dflti.o
        28          4          0          0          0         68   dfltui.o
       208          6          0          0          0         88   dmul.o
        44          0          0          0          0         72   dscalb.o
       162          0          0          0          0         80   dsqrt.o
        40          0          0          0          0         60   f2d.o
       178          0          0          0          0        108   fadd.o
       124          0          0          0          0         72   fdiv.o
       130          0          0          0          0        144   fepilogue.o
        40          0          0          0          0         60   ffixui.o
        22          0          0          0          0         68   fflti.o
       122          0          0          0          0         72   fmul.o
        24          0          0          0          0         60   fscalb.o

    ----------------------------------------------------------------------
     11586       1126        160         20          0       6504   Library Totals
        16          0          0          0          0          0   (incl. Padding)

    ----------------------------------------------------------------------

      Code (inc. data)   RO Data    RW Data    ZI Data      Debug   Library Name

      7932        942          0         16          0       3760   TSS_KXX_M0.lib
      1242        126        160          0          0        672   m_ps.l
       286         22          0          4          0        476   mc_p.l
      2110         36          0          0          0       1596   mf_p.l

    ----------------------------------------------------------------------
     11586       1126        160         20          0       6504   Library Totals

    ----------------------------------------------------------------------

==============================================================================


      Code (inc. data)   RO Data    RW Data    ZI Data      Debug   

     23920       1960        676        176       1232     717390   Grand Totals
     23920       1960        676        176       1232     717390   ELF Image Totals
     23920       1960        676        176          0          0   ROM Totals

==============================================================================

    Total RO  Size (Code + RO Data)                24596 (  24.02kB)
    Total RW  Size (RW Data + ZI Data)              1408 (   1.38kB)
    Total ROM Size (Code + RO Data + RW Data)      24772 (  24.19kB)

==============================================================================

